3 0 32 248
3 296 284 223
3 180 174 106
3 216 166 12
3 167 230 45
3 54 244 141
3 85 102 20
3 75 53 291
3 168 29 152
3 116 121 266
3 108 128 59
3 249 204 238
3 212 241 250
3 87 185 292
3 164 68 289
3 80 271 255
3 34 217 31
3 41 28 78
3 184 40 67
3 103 146 155
3 275 239 199
3 259 172 104
3 110 14 264
3 99 202 43
3 294 111 51
3 148 295 288
3 72 82 145
3 88 50 142
3 161 243 55
3 127 157 182
3 13 258 71
3 7 158 154
3 4 222 115
3 162 64 192
3 8 11 256
3 203 209 228
3 159 254 252
3 62 207 126
3 133 236 176
3 260 89 297
3 134 122 206
3 95 27 215
3 210 170 280
3 276 26 30
3 246 114 100
3 136 177 120
3 286 3 66
3 92 298 17
3 299 163 293
3 290 268 272
3 24 61 233
3 58 160 47
3 220 73 143
3 15 197 262
3 227 86 251
3 273 253 135
3 137 191 1
3 285 48 97
3 218 237 240
3 107 117 94
3 193 109 279
3 156 140 37
3 105 195 186
3 74 23 231
3 213 22 123
3 150 190 69
3 144 42 229
3 171 6 49
3 63 269 194
3 18 101 178
3 125 147 189
3 225 10 208
3 19 25 153
3 60 76 270
3 56 119 151
3 198 131 257
3 187 70 84
3 261 283 46
3 200 83 173
3 44 201 77
3 263 181 278
3 38 90 149
3 57 235 9
3 21 112 52
3 245 98 247
3 224 16 132
3 129 93 211
3 79 138 2
3 226 287 274
3 113 219 169
3 267 205 130
3 96 5 165
3 39 81 183
3 281 124 175
2 91 242
2 277 265
2 232 118
2 282 139
2 214 35
2 188 196
