30 8890 978 2 821 1649 2456 3279 4101 4903 5714 6590 7389 8186 9018 9846 4 8764 9 8875 20 12 9962 36 30 27 122 48 52 8 46
28 7468 7678 3 824 1650 2457 3282 4102 4904 5715 6592 7391 8195 9022 9850 8769 11 8960 158 121 9969 44 37 22 67 90 49 62
30 7227 4818 826 1653 2458 3283 4103 4905 5718 6593 7394 8197 9023 9853 7137 17 8966 159 1338 9990 70 74 53 68 96 50 108 115 169 139
23 2418 8727 827 1656 2459 3285 4105 4907 5720 6595 7395 8205 9025 9854 7155 8977 83 234 112 193 145 51 239
30 8227 5067 832 1657 2460 3287 4106 4908 6598 7396 8208 9027 9855 118 5871 63 6487 64 5303 7161 9008 87 265 186 213 123 215 114 151 281
27 2384 6686 834 1658 2468 3289 4108 4909 5723 6599 7400 8210 9028 9857 152 7197 8817 9013 325 85 142 132 305 276 227 274 307
24 8670 6753 837 1661 2469 3290 4109 4911 5725 6604 7402 8211 9032 9858 103 8863 9016 414 575 77 131 162 253 308
29 7013 8824 838 1662 2471 3295 4110 4912 5726 6606 7404 8212 9033 9859 7012 7583 182 6366 86 5361 7169 9145 195 178 177 124 192 287 337
29 9121 7632 840 1665 2472 3299 4111 4916 5728 6608 7405 8217 9034 9860 278 5989 111 6587 5364 59 7179 9204 590 228 295 135 203 317 341
29 1135 2939 841 1667 2475 3301 4118 4917 5729 6609 7407 8220 9035 9863 237 7593 202 6408 5392 7212 9343 292 344 275 434 224 473 333 387
26 7716 820 848 2479 3302 4120 4918 5731 6612 7409 8221 9036 9866 7652 6411 5397 7214 242 811 1115 404 286 250 245 356 401
38 8773 4646 1452 851 1669 2482 3303 4124 4919 5735 6613 7411 8222 9039 9870 1701 3361 4989 6696 8311 9955 282 7656 6414 171 7268 8908 9352 1493 349 512 526 521 390 503 406 527 416
26 3654 8596 853 1671 2484 3305 4125 4920 5737 6619 7412 8223 9041 9871 255 7289 221 8973 9378 1257 363 646 316 359 411 421
26 7948 1190 855 1672 2485 3306 4126 4921 5739 6620 7413 8225 9043 9872 7244 9389 1351 304 716 598 546 346 490 602 544 468
32 2176 4557 38 857 1673 2489 4129 4922 5740 6621 7414 8226 9045 9873 6638 294 197 7721 270 6458 7305 8993 9419 373 971 529 338 599 386 555 495 480
26 3647 773 40 858 1675 2490 3309 4130 4923 5741 6623 7415 8228 9050 9875 9001 9425 1231 2097 1632 433 365 626 514 653 500
24 6321 1555 859 1677 2492 3310 4131 4927 5752 6624 7416 8232 9051 9876 8457 6345 7866 8015 385 523 357 682 617 537
23 3321 8730 860 1678 2493 3313 4132 4929 5753 6626 7417 8234 9056 9877 7306 247 9461 671 1966 593 531 625 540
23 9459 6610 861 1681 2494 3314 4133 5754 6628 7418 8236 9059 9881 9136 261 9470 496 806 458 547 810 710 566
21 3202 7376 862 1683 2496 3316 4137 4933 5755 6629 7419 8238 9060 9882 7332 9491 1082 534 665 649 637
30 5991 1344 863 1684 2497 3318 4145 4943 5757 6632 7421 8241 9061 9884 419 5916 296 7523 429 9243 9492 518 525 1110 683 954 759 814 781 639
22 2736 8994 3258 6436 7998 280 5964 577 302 5939 335 299 7592 431 9260 9501 1668 2224 618 642 659 701
25 7325 7909 866 1687 2503 3328 4149 4946 6636 7423 8243 9064 9886 560 7618 452 9300 9504 2274 660 467 805 793 663 765
22 4679 9044 1545 868 1691 2504 3331 4151 4951 5765 7424 8250 9066 9887 9320 9517 591 689 711 1128 912 786
26 1178 5553 1114 56 875 1692 2505 3332 4155 4954 5766 7427 8252 9067 9889 426 9562 695 3037 2205 724 573 1019 460 885 865
30 6252 1023 6090 58 877 1694 2506 3335 4156 4955 5767 6640 7431 8255 9069 9891 410 6708 6892 5566 7439 9634 595 1245 1032 997 727 988 737 968
20 563 872 9693 6570 8136 9762 7338 6233 6934 5586 7441 9677 2921 1164 1279 725 745 755 1202 998
23 719 4006 9359 882 1698 2513 3339 4160 4960 5770 7440 8260 9073 9893 453 7487 9699 2066 3032 1063 1268 1012 1031
26 9927 5891 3897 1812 3418 5050 6757 8386 6811 675 398 6140 366 6789 321 5594 465 7507 936 3139 1137 1117 878 1075 796 1043
30 4829 4469 886 1704 2521 3342 4163 4962 5774 6646 7443 8264 9075 9900 4864 8039 9592 903 7003 345 5609 478 1036 2108 3059 1174 960 697 812 1070
28 2573 3246 1293 888 1708 2522 3343 4165 4963 5775 6651 7447 8265 9077 9902 501 5852 347 7008 5611 7547 418 9715 1220 1182 733 1233 1104
43 6039 1844 3809 54 890 1711 2526 3344 4168 4966 5778 6652 7449 8267 9079 9905 1829 3437 5058 6772 8399 430 6882 571 491 7962 413 383 5627 536 7564 469 9717 8090 8144 801 681 783 981 746 1255 932 1109
24 3578 2346 9921 0 891 1714 2530 3346 4178 4969 5779 6655 7454 8268 9080 9906 557 517 9722 1336 777 1295 1277 1123
25 8967 4325 72 893 1716 2532 3348 4179 4970 5781 6659 7459 8269 9085 9907 7825 9521 9791 2420 4038 679 983 760 1068 1127
22 3358 4793 895 1717 2533 3351 4180 4974 5784 6660 7460 8273 9086 9909 9532 9816 2988 779 1057 778 1449 1150
28 5480 2445 75 896 1718 2534 3352 4183 4975 5786 6661 7462 8279 9088 9911 623 9566 532 9834 782 1572 1352 1360 1125 1458 1520 1306 1185
22 9550 4528 7482 897 2535 3353 4185 4978 5788 6664 7469 8280 9091 9915 6835 7079 5692 7664 587 9959 1147 1197
28 6031 1529 4868 4778 79 899 1720 2540 3355 4186 4979 5789 6666 7470 8282 9093 9916 9616 795 1583 1696 1151 1405 1130 1317 1964 1567 1250
30 7109 7684 3824 82 900 1726 2542 3356 4187 4981 5791 6667 7473 8283 9094 9917 1556 8575 7120 7570 447 6857 1612 1410 953 1038 1184 1429 1172 1434
21 8965 9824 1884 3470 5085 6803 8423 586 7005 758 8148 552 7883 9632 616 2728 3955 1544 1387 1600 1480
17 3696 3729 9530 2545 4189 4983 5795 6671 7480 8286 9096 9923 9662 1953 1522 1247 1516
24 2591 906 2547 3364 4190 4986 5796 6673 7481 8287 9098 9928 6111 479 7216 485 5772 7750 2151 1599 1122 1467 1263 1534
31 2718 6018 907 1731 2550 4192 4987 5797 7484 8288 9101 9931 6118 7217 5792 7814 8735 7158 9221 7356 8646 2159 1084 1292 2085 2355 1301 1507 1915 1824 1552
21 1192 1626 909 1733 2552 3366 4193 5798 6684 7485 8289 9106 9932 7817 2223 1967 1224 1234 1469 1099 1603
25 4887 94 910 1737 2553 3369 4195 4993 5800 6685 7486 8291 9107 9934 692 9724 703 2228 1621 1501 1103 1312 1793 1962 1631
21 7575 7025 1738 2554 3370 4199 4994 5803 6690 8296 9108 9936 9785 3113 4499 1792 1437 1330 2131 1902 1686
25 6403 9186 8047 99 913 1739 2555 3372 4201 4995 5805 6691 7489 8299 9110 9937 1259 7251 5865 7897 2245 1302 1573 1382 1730
23 5983 7809 101 914 1742 2558 3373 4206 4997 5806 6693 7491 8301 9111 9938 754 9811 771 2267 1169 2213 1398 1774
22 7913 2751 5969 917 1743 2560 3376 4211 4999 5807 7492 8305 9113 9940 7973 1941 1954 1485 1719 2098 2013 1805
24 8578 9346 3861 104 924 1748 2562 3377 4213 5002 5814 6697 7493 8307 9114 9941 7982 2331 1294 1728 1340 1636 1496 1885
23 2015 9249 6143 107 925 1750 2563 3378 4215 5004 5817 6700 7495 8308 9115 9942 7984 1401 1974 1988 1314 1608 1926
24 5982 927 2564 3379 4216 5006 5822 7500 9117 9944 1418 6559 7138 5999 8012 5275 1607 1549 1329 1540 1348 2221 2089 1996
30 311 8719 4417 110 930 1760 2565 3380 4217 5007 5824 6702 7502 8312 9120 9948 1244 8461 8062 9970 3553 5311 2363 2289 1375 1547 2090 2241 2109 2014
25 9913 1246 4949 931 1761 2568 3382 4218 5009 5826 6703 7505 8313 9122 9950 5321 2055 2294 1641 1952 2880 2102 2160 2117 2033
22 306 2669 1898 3428 5028 1062 976 8476 6047 901 8052 8898 7272 9522 7598 8835 1361 2403 2800 1968 1592 2045
23 5649 2412 4604 934 1771 2570 3385 4222 5013 5832 6705 7508 8317 9125 9953 2093 2087 1357 1958 1355 2386 2130 2067
21 7804 9723 2574 3386 4226 5015 5833 6707 7509 9126 8494 7219 7011 8850 7089 2041 2414 2280 2190 2140 2103
24 3708 3341 7713 937 1782 2575 3387 4227 5022 5836 7514 8320 9131 9956 6549 2149 800 8109 2801 1370 1975 1834 1619 2113
25 7110 939 1783 2581 3391 4229 5023 5839 6709 7515 8321 9132 9957 1004 1161 2906 1840 1767 1629 2157 1850 2501 2197 2193 2148
21 1105 7122 1284 941 2583 4234 5024 5841 6712 7517 8324 9133 9958 1598 7256 6148 8101 2950 1917 2201 2164
21 8184 23 835 2584 3397 4236 5026 5843 6713 8327 7049 3009 2960 1928 2187 1961 2646 2452 2229 2208 2194
20 8758 1206 9418 3926 7239 1796 2586 3399 4237 5845 6714 7526 9139 1091 1846 1828 1584 1989 2189 2211
29 8088 9049 125 955 1798 2588 3400 4239 5029 5846 6715 7527 8336 9141 9963 7276 729 6215 1116 8114 1214 3065 1509 1602 2065 1990 2219 1943 2242
26 2660 4476 8429 126 956 1799 2590 3401 4242 5030 5848 6719 7529 8337 9142 9967 8131 4760 2046 3089 3190 1616 1987 2854 2388 2244
22 6377 7773 130 958 1800 2594 3402 4246 5032 5849 6721 7530 8338 9144 9968 2249 1133 1236 4091 6240 3127 2286
9 476 6600 8169 9775 6919 6299 3115 2044 2290
21 3608 180 963 1807 2597 3406 4248 5035 6726 7532 8349 9148 1171 8154 3128 3242 2272 2897 2373 2443 2366
26 4796 133 966 1809 2598 3408 4250 5036 5854 6728 7533 8350 9149 9971 1892 6334 2254 4348 7331 1727 2116 2232 3080 2898 2515 2394
22 1563 9019 7522 1810 2600 4251 5855 8352 9150 9972 1901 8664 7308 6342 1203 2158 1985 3171 2127 3082 2705 2409
22 8878 233 4736 1064 136 969 2601 3413 4253 5038 5857 6731 7538 8358 9155 9975 3218 3569 2086 1758 2309 2419
21 6912 8253 3111 1820 2604 4254 5039 5859 6732 7539 8360 9157 9977 8496 1270 1502 2174 2322 3099 2807 2434
22 5091 9569 7105 140 972 1822 2607 3416 4257 5040 5863 6733 7540 8361 9161 9980 1290 1505 7967 2361 2170 2719
24 7862 4838 766 974 2610 3417 4259 5041 6734 7541 8362 9981 2930 8532 1536 2924 4486 8066 1906 2291 2772 3151 2860 2734
24 1817 6644 2746 1826 2611 4262 5042 5866 6736 7542 9163 9982 3446 9797 6739 1999 6421 1249 8363 2040 2239 3152 3058 2752
26 1880 149 980 1827 2613 3421 4263 5043 5867 6737 7543 8364 9165 9983 1162 7343 7660 6428 8400 1618 8927 2425 2397 3185 3109 2786
20 3539 6441 2614 3422 4264 5044 5869 7544 8366 9168 9988 9808 2062 1198 6434 8403 4513 2398 2248 2820
17 9449 211 6238 1956 2616 3423 4265 5046 5870 7545 9169 1624 3561 2023 2962 3268 2865
27 4027 7813 154 2617 3425 4266 5047 6743 8369 9171 9992 2024 3621 5249 8579 1187 1052 6443 1328 8416 2724 2569 3250 3274 2895 3568 2901
17 666 7075 1022 993 2618 4267 5873 6748 7548 8371 9172 9993 3727 2141 2449 2360 3237
18 9602 1399 7458 1837 2621 3436 4268 5051 5874 6749 7549 8372 9173 9994 1532 3797 2301 3365
16 8071 4390 6520 2622 4269 5055 5876 7550 8375 9174 9995 3871 2306 2421 3706 3467
27 2297 8605 389 7519 163 999 1841 2623 3440 4270 5056 5879 6754 8378 9176 1589 2058 4529 2080 3944 2341 2508 2446 3622 3083 3712 3562
22 3147 6515 9451 2502 1001 2625 3443 4271 5880 7559 8380 9177 8689 3977 4016 2138 2859 6552 3164 3670 3726 3582
16 1855 170 1003 1848 2626 4273 5882 6758 7562 8381 9181 1441 8500 3683 3757 3631
18 8711 310 1140 2628 3448 4276 5061 5884 6760 8383 9183 1887 8724 3556 2832 2152 2544 3784
25 4644 4588 9914 175 1006 1851 2631 3449 4278 5063 5892 6763 7565 8384 9185 8621 2389 3645 2990 2741 2595 3710 3383 3860 3798
19 8306 8397 995 176 1008 1856 2632 3450 4279 5065 5894 6764 7566 8385 9188 2168 8771 2129 3804
23 1803 1922 3638 1011 1857 2633 3452 4282 5068 5896 6770 7567 9189 9361 6439 4079 3101 2929 2182 3319 3781 3934 3823
15 9483 3207 1859 2634 3455 4283 5069 5901 7568 9193 8980 3244 3808 3937 3832
26 9954 218 181 1017 1861 2635 3458 4287 5073 5904 6774 7569 8391 9194 1647 7803 1617 8597 4407 2161 3497 3177 3488 2818 3946 3863
20 6544 8345 1865 2636 4288 5074 6775 8392 9195 3613 1318 8852 1900 2034 5499 7964 3123 4096 2260 3913
29 4011 9803 184 1025 1870 2638 3460 4289 5075 5906 6776 7571 8393 9196 2218 1419 7821 1907 2064 8137 9618 9440 2235 3131 2864 3656 3836 4055 3920
23 4411 3491 185 1029 1876 2640 3462 4290 5076 5911 6777 7572 8396 9197 8637 5616 9638 2842 2940 4018 3747 4075 3987
25 7108 3230 923 1030 1881 2643 3464 4292 5915 6778 7573 8398 9198 7016 2644 1463 7092 1483 7831 8884 2076 4522 2723 2871 4033
13 1874 9868 3465 4293 5078 7576 9200 6957 4611 3195 2946 3003 4036
11 364 5513 2051 5199 6862 8443 8001 8036 9475 2947 4041
20 4948 7379 1143 3088 2647 4296 5081 5921 6785 7582 8401 9203 1980 2094 4032 3521 2855 2307 3144 4188
19 6879 5968 3473 4297 5083 5922 5328 8261 3529 3182 2340 3204 2256 3261 4044 4700 3886 4515 4526
24 1778 2430 1039 1890 2655 3474 4298 5923 6791 7584 8404 9206 7139 7881 8706 4804 2387 2243 2139 2955 3212 2347 3223 4531
21 5903 2656 3477 4300 5924 6796 7586 8405 9208 8709 2150 4095 3039 3259 3663 6533 3072 3551 3929 4606 4575
25 2053 4023 204 1044 1896 2658 3479 4303 5095 5926 6797 7587 8408 9210 2391 1832 8717 2183 3124 5362 8540 3627 3085 4031 4675
23 5332 4138 8895 7937 1045 1897 2659 3480 4304 5096 5927 6798 7590 8409 9212 2188 6284 3243 3107 3392 4037 4684 4690
23 3580 8290 7314 8546 943 4580 3889 214 1048 2661 3481 4305 5100 5928 6799 7591 8414 9213 8992 4883 3489 3405 4699
19 9925 5059 1050 2662 3483 4310 5929 6800 9214 8005 2745 1644 6806 8777 5011 5111 2672 3484 4791
20 768 3311 5295 4450 7383 1998 2665 5102 5930 9215 9095 8776 3862 3098 3881 3269 4521 4050 4879 4867
24 549 1866 8073 9109 6825 5382 4523 3870 1053 2666 3485 4312 5108 5931 7594 8417 9217 8834 8789 3874 5219 3043 3238 5079
19 7444 2951 225 1055 1903 2667 3486 4313 5109 5932 6808 7596 8419 9218 8849 3581 4378 4895 5101
20 7347 3709 8139 2671 4315 5110 5935 6810 7597 9219 7281 2884 6876 8866 6779 8873 3978 2817 3628 5239
21 873 7061 2035 3573 5155 7302 2925 7266 8034 6881 4576 6867 5642 3982 3677 2650 3659 3644 4739 5253 5271
32 4467 6591 3028 1327 3153 231 1909 2674 3490 4318 5114 5937 7602 8427 9222 3574 5157 2943 7126 1440 1965 8887 2238 4619 2440 3528 3854 5288 3110 2681 3756 5417
24 3381 7147 5597 232 1065 1911 2679 3495 4319 5115 5938 6821 7603 8428 9223 1971 8896 3636 3026 3698 3812 4707 5368 5492
46 2735 4090 8213 1630 5818 5748 3073 7870 8059 8187 9262 8737 1862 5967 342 6120 2802 7525 5804 970 542 7622 1790 7651 2744 2266 5349 1490 5644 4049 5331 6113 3674 5261 6941 8684 8716 6637 3753 3255 7702 3532 3270 4780 5645 5552
21 2212 5886 236 1069 1916 2683 3498 4324 5121 5940 6827 7605 8438 9226 3899 5363 3800 3831 4961 5707 5657
14 8563 3499 4327 5942 9227 2978 7322 9290 2146 2257 5981 5587 4026 5696
24 7355 4420 3755 238 1072 1920 2687 3500 4330 5125 5943 6829 7608 8442 9228 8981 2268 5504 3606 2861 5936 5194 6315 5905
19 6745 2866 6834 1924 2688 3501 4331 5128 5944 6833 7611 9233 2002 8984 3943 3879 5333 6395 6081
41 1776 3457 4511 8902 4207 7710 8188 952 9238 4832 3689 2214 3805 2155 1849 6845 831 432 4197 1076 2689 4332 5947 7615 8446 9234 3070 7221 6992 2005 8990 2321 3157 3412 3264 3834 3895 4040 4750 6476 6086
23 3936 9515 244 1080 1927 2691 3509 4334 5131 5951 6837 7616 8450 9235 2010 9000 8796 3660 3971 3994 3945 4046 6126
39 1209 8840 7553 4080 2132 1046 3685 8820 2882 4470 9548 5802 6509 440 3179 7744 1088 8543 1081 2692 3511 4336 5133 5956 6838 7617 8452 9237 2081 5180 1929 7021 9007 5605 4422 3254 4081 4076 6290
18 499 1061 5254 246 2699 3514 4338 5135 5958 6839 8453 9239 5606 4452 4057 2956 4158 6353
43 7957 6456 9347 9306 8784 3816 4938 208 7135 6188 8909 9082 3227 9919 2413 8061 3060 6427 6287 6535 7242 1878 6917 1083 1932 2700 3517 4341 5137 5959 6841 7619 8454 9240 2365 4817 3678 4010 5659 3266 2985 4295 6407
17 8192 5478 1938 2701 3518 4342 5142 5963 6842 7620 9241 9063 7625 4146 4247 4360 6453
19 7346 1785 2709 1089 2704 3520 4343 5144 8456 9242 8686 2874 3719 5722 4394 4519 6500 7060 6508
13 9287 3641 2009 8178 7067 9074 2423 3878 3340 3194 4487 4457 6542
24 3291 7990 1706 8622 256 1093 1945 2707 3522 4350 5148 5966 6847 7637 9244 2250 2438 5122 7936 3961 3558 3106 4552 6635
20 9252 8402 8753 260 1095 1948 2708 3523 4354 5149 5972 6852 7639 8463 9247 6450 3894 4311 4554 6641
19 9864 7453 641 1950 2712 3525 4356 5150 5973 6853 9248 8963 8794 4809 2938 3902 4462 4634 6861
23 1208 2486 7600 1101 1951 2713 3526 4357 5153 5974 7642 8466 9256 5206 8424 9479 6534 6491 3140 6826 6506 7238 6871
18 3362 5444 1015 2716 4359 5978 9259 3165 2303 8242 7087 8069 4776 6519 4732 6532 7254 6878
22 3090 4788 864 3833 4493 494 2556 9229 6581 1316 4373 486 9601 1216 9099 3658 6866 2945 9488 4783 4749 7001
32 4435 6794 3104 6765 8348 3468 5809 8239 4433 2021 5479 8975 9788 8999 5604 8949 7182 1106 2721 4363 5159 5984 7646 9261 9266 4787 6539 3916 4323 4849 4771 7030
20 7206 3535 4368 5160 5986 7649 8474 9265 9272 7271 4375 4860 4775 5367 4746 6479 7199 6588 7361 7145
24 3760 9910 2169 3763 5342 8592 2350 9014 7796 8539 7151 2165 9277 2870 4797 3979 4880 4837 5460 4755 5647 6642 7422 7220
45 3055 4475 2538 9191 8328 1200 6021 982 2464 3513 5603 8214 6848 2648 2931 1921 2451 3796 3599 5496 8206 9040 1129 7165 750 1722 7739 279 1112 2725 3543 4370 5163 5988 7653 8479 9269 2339 2892 7258 3996 4556 4891 4870 7231
20 1560 7891 7373 908 1695 8422 2727 3545 4372 5165 6863 8480 9271 9309 7722 3684 5240 4896 5033 7234
23 8292 8728 4648 9289 313 379 6548 5134 8200 1763 8982 8606 6518 3770 5356 7024 8602 7845 8569 2200 7780 7606 7294
12 1973 8788 8000 2730 9573 6991 5265 4089 4897 6682 7676 7333
24 1269 5721 9579 8571 89 283 1120 2732 3554 4382 5173 6001 6869 7670 8488 9279 3357 4384 5057 7961 3750 3768 5209 7360
18 368 4329 229 2733 4383 5175 6007 7674 8491 9280 6955 5212 6930 5093 5600 6378 7851 7375
18 9349 3827 5127 3793 7032 8626 8498 2279 8928 8938 3761 5323 5119 5259 6504 7349 7910 7377
14 2104 1159 1124 1972 2739 4386 6011 8495 9285 8112 5170 3841 5315 7734
30 5018 5598 696 209 8614 4940 6618 5021 6907 3699 6678 8048 9621 4380 5346 6322 8441 2902 2163 3704 5269 6909 3589 7819 9692 7035 3933 4389 5329 7740
33 9313 6706 9996 8203 6265 2167 141 2790 4584 8481 3216 1538 6362 588 2405 4231 5949 1462 1009 2743 3563 4391 5187 6017 7683 8497 9292 2441 3130 5508 3892 3873 7915
31 1040 9090 7319 5920 4205 7113 9436 9372 4361 6499 5646 3565 4392 5188 6022 7689 9293 2153 2022 7303 2255 9499 5643 4549 5302 8180 6846 7312 7645 8049 7981
22 1339 1982 2750 3567 4393 5191 6025 6885 7691 8499 9298 2262 9500 3604 4607 8181 3962 5411 6858 5529 8054 8096
37 5934 3743 5491 3891 3910 1518 9657 9457 3117 4034 5899 2292 8987 9659 1424 3137 4073 1298 450 3031 7452 1802 2202 8126 1813 7992 8738 5283 6926 3765 8530 9777 5697 4801 4007 5459 8502
23 7779 6463 6665 1594 1134 2753 4395 5195 6027 6890 7695 8501 9302 3619 2195 7327 5560 3983 5493 6948 7827 8528 8542
49 1273 7640 1406 328 3601 5025 2904 3105 5888 2181 3493 5799 3451 462 2972 1639 8293 4594 8590 2017 1946 6054 2466 6346 5823 201 6432 8058 4680 1788 2203 4622 1136 2755 4396 5196 6029 7696 9304 3912 5667 4789 5351 8415 5592 5419 5469 5526 8545
32 7952 8086 9852 1177 7380 1346 249 3135 6298 4100 1666 7767 3265 1642 9184 8612 2756 4398 6030 6893 7698 8504 9308 2336 9622 7123 5633 4721 5476 5680 8604 8554
17 5441 6285 144 1139 2757 3576 4399 5200 6033 6896 8507 7783 5965 5651 4067 5555 8562
48 1992 1735 1438 5510 2975 8309 6012 8991 8128 3732 6216 5837 6784 8266 1309 3782 5099 1872 2264 5005 6324 2903 127 1606 829 3102 6653 2027 6958 6819 7390 1823 309 1141 1994 2761 3577 4400 5202 6034 6905 7708 8511 9310 5398 5522 5629 8618
46 4309 157 2603 7704 5060 248 8816 4957 8955 2585 9564 7309 8956 8801 8659 6451 9278 1756 7879 887 339 5925 6117 7033 9807 5126 8141 3125 5900 7472 314 1145 2764 4402 5203 6036 6906 7712 8513 9311 8833 6585 5768 7736 8669 8772
12 8303 9750 1131 2766 5204 6040 6908 8514 9312 9695 5681 8779
40 4839 2559 7849 1674 4196 9631 6413 6356 6024 2207 2543 2969 7931 4608 9152 5166 6431 717 6516 148 9124 3390 3023 4042 8147 1148 2767 3584 4408 6043 7715 8515 9315 3415 8002 6049 8076 4893 5853 8799
40 1867 2941 3276 5500 7102 164 3232 3315 5394 194 6540 9933 6320 9588 4015 6214 438 6999 4473 319 1149 2770 4413 5207 6045 6915 7717 8517 9317 2281 3938 5569 2396 8741 3932 9719 3459 4509 6026 8853
44 303 5161 3249 739 2963 409 2605 4602 66 4605 4724 8827 9089 1541 6921 2477 3256 9945 4280 5098 8032 2144 6028 7800 9507 424 3063 3931 2771 3587 4418 6918 8519 9318 2833 8826 5827 5308 6082 6095 6828 6187 8867 8943
25 4058 3692 1407 3017 3566 3530 799 3145 1670 798 6988 605 8119 1680 3787 6975 8026 8639 2179 2390 5455 5318 4640 6149 9201
25 1002 3225 5325 437 327 1152 2011 2775 3595 4424 5216 6050 6920 7723 8523 9323 2996 3505 6437 4703 6292 6980 6250 9429 9454
37 7657 8271 8104 3779 3632 7494 5241 3439 8023 8334 581 155 2923 815 609 3957 5877 3850 6080 331 1154 2012 2776 3602 4425 5217 6052 6923 7724 8524 9327 8997 6461 6352 6423 8043 9455
28 7929 8189 2436 1995 2216 3433 9100 7679 7940 4121 5350 7497 3297 5072 4991 2698 2172 1157 2778 4429 6055 7725 8527 9328 9383 4741 6469 9467
36 6466 372 1860 8715 7248 6475 4245 4713 3338 7456 3570 7757 4942 870 5664 9047 7291 2070 8411 1919 6355 207 1288 1158 2779 4430 6057 7726 9329 8988 9498 4697 6253 5996 6223 9704
34 6822 2912 7230 212 6220 8194 6729 3952 819 9784 1132 5705 5763 1893 1847 8948 8718 9922 2019 2785 3610 4434 5224 6061 6931 7728 9330 9918 3538 9414 4806 6528 8883 9802
36 7070 8406 6849 8277 2198 9485 483 1729 3789 7041 5088 8300 987 6681 3154 5689 614 9896 505 5733 1754 3700 2877 269 7917 6065 2049 2868 4440 5225 6063 6933 7730 9331 5656 6553
24 6190 3559 340 1163 2787 3617 4444 6067 9332 3814 8541 2328 2353 8732 9951 5546 8470 6701 6390 5704 6419 6557 8134 8533
13 4717 6583 8433 2789 3618 4446 5230 6071 6937 7735 9334 3665 6016
19 3371 5343 1024 4629 5679 1037 1546 343 1165 2028 2794 4448 5231 6073 6939 8535 9339 3248 6510
39 4214 1815 5237 8274 6420 8747 2999 645 5087 9652 4209 2498 1041 3992 4985 3788 4612 2342 7850 9756 8623 1764 6545 9178 1167 2029 2798 4449 5233 6077 6940 7737 8537 9340 3586 7765 6844 4945 6781
40 2519 9283 7140 9246 8979 3541 1276 3108 9524 8110 2126 9458 6932 2052 4689 5314 1264 2348 1499 9275 1853 4240 8354 2612 9660 2133 1526 9294 4846 1168 2030 2799 4451 6079 7738 9342 3623 9759 5220 6816
12 1194 2717 5780 9048 4898 9690 8159 2685 3336 6565 8465 8802
33 8102 3655 2788 825 1830 2470 9392 1864 6248 5306 3292 7556 4727 1071 4005 134 4530 7069 9794 3626 4453 5242 6944 9344 8972 4488 3141 2329 8647 6968 5256 8781 6856
30 9563 3168 4873 1100 1240 4028 6537 7558 382 7926 9376 8745 2016 5384 1094 2499 7706 6005 1225 6465 2326 2803 4454 6083 7746 9496 5564 6370 8649 9355
20 1376 8722 352 1173 2039 2804 4456 5246 6084 6949 7748 8544 9350 3893 5760 8660 6997 6987 5228 6860
16 6381 3025 4255 6293 5437 3751 2265 4009 5631 7324 8961 8841 7751 6385 6872 6950
31 1138 4586 5387 4635 3066 849 657 7762 377 5250 7065 6830 9682 7753 7071 4000 4952 1633 4678 2509 1175 2808 4458 6088 6953 8547 2853 4737 4958 5672 6959
25 3693 9985 854 4065 2099 4337 1478 8572 358 1179 2043 2810 3639 4459 5251 6091 6954 7752 8550 9354 7758 6211 7063 8695 7299
43 474 1528 5727 6457 5112 6159 9666 2780 5957 4376 5917 5263 3818 7933 3228 9623 9822 9574 4786 2769 3550 8650 9400 6478 4708 3764 2215 1762 4061 1155 7100 3820 7943 4416 2813 4460 5252 6092 8552 5077 7084 7058 9783
12 6527 361 1183 2814 3642 4461 6093 7756 9356 7805 5297 8911
16 6724 2166 9503 6430 2171 8038 8599 2448 5427 7812 6486 5620 6738 7208 7175 9476
26 9675 5381 567 1959 5593 2343 4559 4810 693 9509 5813 1586 3633 2047 4463 6096 7761 8560 9365 3876 5428 8607 4533 8976 7824 6750
27 2465 4855 8566 4349 507 4953 5847 2760 624 7707 9153 1610 8568 5762 2747 1652 9878 3646 4464 6097 9366 8860 4874 8174 6586 5503 7336
16 3560 370 1188 2054 2821 3648 4466 5264 6100 6964 7766 8567 9368 5162 7236 7341
49 4078 3008 8736 9974 4170 7638 9640 172 3717 6357 9134 5579 6716 1725 9441 2156 1688 9225 6977 9879 4166 6406 7634 5450 8657 5687 6460 6976 7235 2488 371 1191 2823 3649 4472 6103 7770 9369 7949 2910 3695 3930 8368 7321 5177 6888 7237 7675 9655
26 5245 4836 3086 1018 1193 2824 3652 4478 5266 6105 6970 7772 8570 9370 4853 9012 2932 3954 6668 7118 5987 7641 5527 7694 7382 9676
20 7464 7362 374 1195 2059 2826 3653 4480 5267 6107 6971 7774 8574 9371 2831 3956 5037 6963 6730 7326
36 3607 6115 4208 7428 3947 1260 5234 8445 8190 4990 3394 5221 5340 7009 3919 3136 9924 5 3143 9615 926 165 6212 4116 1196 2829 4484 6109 6973 9374 3762 7173 5595 6979 7348 7832
12 1886 6517 2830 3657 4485 5270 7777 9375 7858 5613 7857 9560
10 4471 2400 5688 7369 2847 3780 7257 7054 7868 7887
32 5324 3103 2233 9627 718 2825 5628 6805 578 2893 7610 6513 2431 6543 6256 2071 9883 1180 2487 3229 7204 5274 6122 7781 8580 9380 4643 7604 6246 8603 7755 7935
38 187 61 1170 6558 2711 9469 3475 2639 1913 942 704 3531 9741 9838 7004 4426 3686 8247 9801 6376 9991 6531 2517 1059 9373 13 7742 8740 9614 2312 7095 8648 8677 9438 7932 7925 7977 7388
29 9084 6633 1421 2981 174 9999 2806 391 1205 2068 2834 3661 4489 5276 6130 6981 7785 8583 9384 4077 5694 7384 2997 2878 4086 7311 6429 9667 8256
19 9251 9360 392 1207 2069 2837 3662 4491 5277 6136 6982 7786 8584 9386 7970 7042 7944 8044 6956
40 1757 7141 3640 5890 150 4153 7434 1845 7203 674 6672 1779 7142 3494 510 3395 4198 5648 9964 2192 4210 8483 3533 9004 3284 5286 395 1210 2072 2839 4497 5278 6137 6983 7791 8589 9387 8089 8696 7531
17 1381 4483 396 1212 2073 2841 3664 4498 5280 6138 6986 7795 8591 9388 4161 7624 8079
35 5970 5885 7028 3024 4910 9286 9680 9511 2323 2852 8876 883 4406 9987 7062 1772 1058 8233 8526 3018 6224 9599 3304 7496 7842 6323 3939 8674 4792 2974 3226 7262 8008 5244 8129
45 606 5860 8783 3575 8713 6951 5777 3915 1977 7209 9617 1181 2797 6218 6331 6727 9542 9930 612 9867 904 167 334 5104 9984 6154 9448 2926 7700 399 1217 2077 2843 3668 4501 5284 6144 6990 7797 8593 9390 5918 7163 8098 8142
17 1335 4495 3334 9702 1676 408 5742 4181 8865 2845 4504 6147 7801 9391 7681 8140 8152
33 6412 7799 7889 6206 7249 4686 3022 8615 1189 189 4532 9322 4340 2284 2793 8248 3363 548 6281 9739 5977 2196 6994 403 2846 3671 4505 5289 8598 9395 5591 6162 8161
29 5693 5222 902 8448 4657 8609 2240 524 9810 6462 5171 723 3320 9826 6124 2592 4122 6152 4695 1226 2083 3672 4506 5290 6993 8600 9396 6177 8347
46 6901 3149 7156 6924 6741 7648 1527 8434 1601 8042 100 1239 2275 4623 6967 6925 9534 4768 173 7743 6359 5761 7919 3013 5750 673 8460 1487 7154 3792 3884 405 1230 2084 2848 3673 4508 5292 6151 6996 7806 8601 9399 2948 7339 8436
11 4352 4301 4321 3950 5511 7149 3308 7900 7644 8333 8439
22 1978 8587 8848 2782 3398 7994 4636 4939 1513 9929 8632 4052 8278 9642 407 4512 5301 6156 6998 9407 8075 8482
24 4758 6649 7612 3976 8410 5668 146 5830 8761 6674 9321 2851 4144 243 8394 6889 4998 4261 8304 1905 9408 7745 8521 8531
14 3614 6960 3286 1235 2856 4514 6163 7002 7818 9413 9423 8093 5525 5640
27 88 4008 1784 9869 1755 9341 156 5008 6596 5635 183 686 5103 7511 2302 9585 3741 5637 1559 4203 5543 8705 3984 8067 7038 8746 8608
35 3629 4143 9452 200 3830 3605 8989 607 5238 8851 4824 8064 6085 6264 7521 2416 5590 5338 9057 8082 9895 5850 7986 1237 3687 4516 6167 7820 8611 9415 3995 7072 6723 7537 8628
28 6663 4346 1090 4624 4720 4141 8298 9232 3731 3432 946 8906 288 7200 3504 470 5404 8891 7623 1238 3690 4517 5309 6169 7006 9416 7093 8655
40 3030 6269 817 1251 3821 7876 3036 241 7263 4756 2320 7916 5907 2078 8492 4906 2364 7189 257 1486 6435 2936 5117 6112 3478 5179 1242 2095 2863 3691 4518 5310 6171 7007 7822 8617 9417 8723 8166 8697
39 268 3527 5358 5698 4794 4665 8346 6360 4202 2992 9190 6280 1232 5701 572 6367 6134 6883 5472 6897 5105 7661 1310 2111 5992 1877 2344 2001 8658 5831 9119 8503 4490 3233 9486 4093 8869 8455 8725
14 6913 8792 3557 6076 1433 5985 5883 420 6175 9420 6568 7714 8818 8858
15 2917 8179 6239 4228 6222 384 3367 2101 3701 5313 6176 7826 7107 8854 8920
24 3549 541 9495 6245 5158 6133 97 8815 2805 7195 3178 2510 3091 1882 8080 8704 1304 1248 4524 8627 9424 7313 7914 8942
8 1000 5372 7261 6236 7828 9070 8974 9734
31 5717 4066 8739 3396 6922 3051 8167 9151 967 7614 9541 5908 5738 2018 4436 3868 559 7836 579 1645 2875 3707 4527 5319 6180 7829 8634 9426 4769 8183 9123
27 4071 5406 3826 874 4482 5756 7191 876 1561 8063 2599 7125 43 4385 5365 1358 2629 7053 6470 9770 8905 4316 8577 6008 8163 9281 9162
23 5192 5716 8055 3603 3740 2480 9478 3722 3027 9748 9258 7703 3964 4823 8581 8332 1740 6182 9428 9017 8636 5312 9224
32 8175 7463 3596 2899 3989 9874 8536 8791 3502 775 3675 461 4117 5995 3277 8986 3738 9989 4715 2849 804 1296 259 8971 973 2993 9326 3715 6183 7026 7833 8285
43 2316 2020 8262 5572 6804 2973 1550 1272 381 92 8665 1937 4441 9433 7843 7659 5167 5106 4899 1243 1933 7798 5146 844 3206 7718 9668 1931 2606 436 1261 2114 2886 3716 4534 6185 7029 7837 8638 9430 4805 9526 6704
20 4379 3257 2147 9071 7534 8028 6904 680 1789 262 1427 8070 4308 443 2888 4535 7838 9725 9568 9468
19 6228 2507 6200 9735 5914 7655 644 1265 2890 3720 4538 5337 6192 7839 8644 9432 4843 8030 9669
37 4525 580 1013 1524 1777 3453 921 3393 1709 2439 6102 7330 7056 9295 4925 5533 8490 4600 449 1266 2120 2891 3724 4540 5339 6193 7034 7841 8645 9434 8556 8106 7213 7039 8045 9683 9545
29 7429 5402 6877 4194 4502 4666 2178 9394 2128 1051 8339 5730 8822 3973 8107 8561 1007 7859 9714 4510 2516 4729 451 3725 4541 6194 8125 9716 9673
30 2432 8675 5743 1852 1221 9314 2937 8652 7010 6426 8843 6165 2835 2596 1033 5430 8469 1126 9147 5505 5232 1579 2145 4543 6195 7848 9837 8964 4892 7860
10 4520 7015 7264 1271 4544 5353 6196 9439 8091 9696
37 5445 6044 1637 4959 2957 8915 3114 8795 8367 8094 7066 5045 1679 2332 4365 4060 7488 1749 6249 5258 1073 1362 6010 5634 298 4339 3941 1274 3734 4545 5354 6204 7852 9800 8663 6943 9700
16 9377 6521 5449 459 1275 2137 2900 3744 4547 5355 6205 7044 7853 8651 9442 8037
35 6541 8564 1605 1984 5487 1121 7574 9353 9164 922 4171 4099 6237 4944 8257 6865 3592 8952 9230 7403 4858 2580 4603 8011 7247 752 3235 1383 1939 4926 2664 6209 9443 8907 7018
25 5497 5341 7512 1267 8940 2654 584 2710 4135 8679 9663 807 4996 463 1278 2905 4550 5360 6210 7046 7856 8656 9446 7228 8318
34 4094 610 4885 5710 2118 7465 7554 3921 5783 3057 3435 3759 1412 4767 7808 6104 7130 5835 8743 7945 9324 4306 1028 1957 3407 8451 455 5825 5130 1801 5713 9758 8688 7855
22 7119 8458 3430 5711 3778 5557 8244 4698 8031 6382 1442 2593 6514 8199 466 1287 2909 4553 6213 7052 9795 7045
21 700 2296 7210 6669 4807 6141 6078 6946 1944 6680 6602 3438 9966 9245 8702 3676 6158 6717 9567 9898 8485
27 5868 1228 7585 4863 9042 9065 5457 454 285 5391 600 5000 6259 4492 3703 4808 4320 9525 1291 2914 4555 6219 7055 7863 8668 9465 3801
28 9216 3333 8586 6786 502 2036 753 3802 1745 1942 7830 9038 2037 293 7672 8432 1321 6947 850 822 3180 2608 4281 6650 6221 7865 9730 8116
31 423 1492 2512 965 428 5602 6523 4063 9731 7513 3210 3845 4235 8821 1707 8721 2894 712 702 8508 685 3914 472 4558 8673 9771 8750 3175 5172 9437 7167
30 3442 6952 3918 5875 6455 6255 846 761 9202 5622 2453 4937 4884 1981 7754 6859 4850 1535 2763 3598 5236 8478 6019 3771 8374 8078 5273 4560 5370 6227
31 1315 2327 7398 3067 8440 5347 4659 1537 9833 6868 9072 1854 3536 5330 2759 4172 5138 7450 3503 8171 1300 2927 3766 4562 6230 7869 8676 9472 5666 7288 9431
22 2883 9670 8699 533 1102 7019 7150 6582 7650 3905 8357 6894 7658 5141 3702 7146 7371 4564 5385 6231 8916 8707
30 1515 8559 9544 9255 9815 1628 3414 7364 8493 8610 3496 1781 1918 2461 1818 7671 6891 8923 1983 836 6291 7112 3769 4565 5388 6232 7073 7873 8680 8613
33 3253 7877 8932 8209 2401 839 9557 5495 1369 2602 1700 9264 6301 4825 2762 7802 6038 8805 4148 8162 6761 6594 3835 322 5563 8625 4566 5389 7074 7875 8683 3882 7578
39 8703 5769 2738 6329 6747 7792 128 4285 9633 4869 9610 1324 9647 7425 8407 9362 7701 4770 9333 7286 5872 889 6759 9445 7607 6106 1166 2987 3998 5549 5416 4243 3772 4567 6234 7076 7880 9480 8315
34 6670 8420 6110 2520 4164 326 2537 6498 3112 2696 3345 1511 6746 4159 6201 9103 5016 34 9268 1308 9908 8752 4182 3431 1156 7290 9721 748 4277 3777 4568 5395 8685 9482
10 8329 9411 3739 39 5975 1356 9097 4571 7081 5399
21 9976 55 8978 7557 9464 4854 7778 7501 8237 6387 813 5152 3552 6477 1936 2300 4900 4574 7083 7885 8390
26 5440 9020 5517 3188 6550 6402 1553 4355 8798 7296 2729 2142 2263 3006 647 9865 7023 3728 9765 5020 1254 1325 7886 9490 5458 9782
20 9003 9291 2742 4154 6634 780 5344 2984 8857 5556 4992 1229 6226 4082 8934 1280 9726 8201 2579 8874
40 2061 7293 3579 7116 4233 3403 9926 9297 7874 3047 1222 9209 2385 709 91 7629 8800 9729 3925 7636 6157 5052 9665 8954 106 8388 8051 4294 2354 1969 944 2287 869 5542 4578 5407 6254 7888 8691 3965
27 2949 583 2523 2056 7884 2954 7609 7483 3389 9732 8340 9840 1562 504 3795 4579 5408 6257 7091 7890 8692 9494 8880 6338 8921 3815 9841
24 7965 6418 6004 6409 378 6484 6910 320 5734 2582 3330 7218 362 8276 4811 9296 508 1331 2953 4581 5410 6258 7893 5501
20 9619 6654 7768 4830 881 7988 4249 688 6855 8886 8946 4573 6348 3620 722 509 1334 4585 6260 7894
24 5299 1512 8892 8803 35 633 6247 6630 5658 684 905 1533 3324 3864 8230 6349 7601 2175 3799 4587 5413 6266 7895 5519
20 5235 789 9011 9613 6762 3986 8830 6129 3705 5272 1425 1337 2958 4589 5415 6267 7096 7896 8807 7955
34 9514 741 7129 7451 5636 439 98 8768 2653 1453 7503 2107 6864 9421 515 6064 2057 6561 1432 4322 6787 28 1397 5215 4626 7705 5467 516 4590 6270 7098 4045 8041 8894
25 1097 7198 6053 6473 2338 9180 553 550 7924 9658 8077 7782 5898 4275 1481 2677 6371 6524 2961 3803 4591 5418 6271 7099 9502
25 8950 6662 5654 5540 6567 9751 772 8585 9687 4496 744 7090 2269 631 9257 9648 6769 6795 669 1343 2184 4592 6273 7103 7905
36 2695 8024 9851 8832 1986 9654 4658 1215 9466 105 2548 7763 9231 9718 8720 2204 2524 1026 5401 3441 4364 3637 8275 520 1345 2185 2965 3806 4596 5421 6275 7106 7906 8710 9506 8074
40 3156 5304 4428 3170 4833 608 1223 6836 7172 6818 3906 7732 8176 9357 8682 3859 2989 7654 8316 5243 5116 8687 6938 3846 8812 2918 5577 5316 4403 1732 1377 3042 2186 2968 4597 5422 6278 7907 9510 8084
30 375 2589 1625 332 1908 2754 3181 1016 2693 2684 8284 2476 2549 4774 7408 4127 3014 522 2971 4598 5423 6283 7111 7908 8714 9516 8930 7298 9348 8103
26 2571 4618 4583 7546 4826 7690 9477 5409 4872 8505 1176 7749 774 4212 3360 7340 3794 2792 6720 3419 9639 5010 5293 1359 9351 8122
6 2758 2976 6286 7912 6584 9885
24 117 4877 2426 4815 4107 4914 6132 4415 1431 582 7510 7536 9578 2092 9903 7788 1074 7410 8235 60 3819 4609 5429 6288
39 2720 3564 2536 5746 9316 3786 1640 290 9450 1460 4593 7595 4503 1443 8193 8486 235 929 9335 808 217 4397 3953 3004 7560 289 7563 5485 220 7954 8558 2980 3822 4610 5432 6289 7124 4219 5685
17 4059 1447 4084 2881 9138 1721 4068 3163 9686 3061 4438 4572 1751 1322 6191 5434 7920
22 8204 8029 5954 7934 9737 8667 8326 2330 2308 264 4022 129 1285 8251 1366 3825 4613 5435 7128 7921 9527 5706
17 622 9920 9744 7097 8245 5919 5281 7844 8594 4616 5436 6294 7131 8733 9529 9404 8467
41 734 1794 4781 4546 7082 9805 5699 6000 4291 4035 1910 7282 5014 1912 2467 5632 1396 484 1078 7960 4845 9236 6683 6037 3600 528 2277 7918 1350 6051 8797 1373 2199 2994 4617 5438 6295 7132 8734 9531 5759
18 9679 3540 9267 6645 9199 3669 2977 4802 8958 3828 2619 9760 3337 5828 1087 8053 5439 5403
25 445 4984 8021 9965 6942 6903 7152 629 7014 8819 4569 9943 8473 2615 539 5489 18 8202 3081 1378 4620 5442 6308 9535 8582
15 2944 6208 6744 2177 446 1379 3000 3837 4621 5443 6310 7938 8742 9536 8765
13 492 543 1380 2206 3002 3838 4627 5446 6314 7144 7939 8744 9539
21 568 7709 8323 8588 656 376 643 76 2680 9397 940 6363 4051 3166 2474 5812 784 1699 4631 5447 8635
45 7399 2278 5027 5990 6068 5214 9813 989 5477 1201 8421 8882 6639 7043 9684 4347 6313 9288 7647 4988 8127 1741 4651 6459 1787 6929 915 1786 7297 1258 3730 2529 1646 545 1386 2210 3007 3842 4632 5448 6316 7148 7946 8748 9546
30 7561 5615 627 277 7255 7226 6119 7882 1475 5070 4924 6974 3625 4345 1780 2876 2858 5229 5322 4820 8633 1213 3843 4633 5451 6317 9551 9742 8763 9828
37 3988 3245 2714 9087 2690 3840 1863 6985 102 5724 7445 7794 3746 9319 1979 8903 6874 9422 4932 8643 7942 9211 7027 5787 3609 6766 5471 1825 1388 3010 3851 5452 6318 7951 8751 9554 5675
35 1066 9799 5808 2335 3129 199 830 9182 9410 5405 6243 7872 2063 3159 1253 1715 8922 9978 1759 2726 291 4779 6840 7667 3883 551 1389 3011 4638 5453 6326 7953 8754 9558 4369
21 3167 3758 1363 3445 7193 5169 7971 9754 6692 5255 3515 5197 31 3733 8215 1391 3012 3856 6328 8755 8712
30 3555 9935 8435 2495 8653 9819 348 1160 2907 1428 1199 9112 4173 1423 2004 3634 323 4252 762 962 160 1392 3019 3858 4641 5456 6330 8756 5695 6153
31 9847 7020 6304 4848 5686 7686 6580 9561 6066 938 561 9444 9456 1119 9708 8904 4174 9697 1663 1341 9058 556 1395 2222 3021 4642 6332 7160 7959 9565 6179
33 6689 7711 8020 2293 5089 5554 5535 1904 7337 7442 6648 9481 3326 6393 4104 6605 8918 5123 4777 714 4477 9839 9835 3219 1753 9745 8790 898 6242 8331 3048 4743 7353
30 5335 5902 8484 6658 7117 1218 615 1508 3119 2663 5576 6962 7727 6056 916 6312 153 9053 5793 5482 8355 6617 7577 1390 8468 7589 8216 4649 4878 8846
16 5371 7972 562 1402 2225 3035 3866 4650 5462 6337 7166 7963 8766 9570 4660 8872
29 8477 9187 9406 8786 6069 3116 8379 6013 6121 1568 5001 947 9939 9175 7094 9899 2889 5747 8281 5653 2032 8838 4374 1403 2226 4653 5464 9571 6358
17 4048 7506 1713 9600 3713 570 1404 2227 3038 3872 4655 5468 6341 7168 7966 8770 9572
29 519 9979 7180 2791 206 69 1723 1873 6261 4862 3735 8272 4353 2154 1307 6823 6679 1457 6554 569 4647 8522 4134 9358 6481 5960 5048 6391 8969
34 2247 9626 1372 2230 8224 8856 5539 7628 6809 1256 7274 4773 6898 9508 9533 8516 1839 2381 9904 2050 6108 5840 9764 707 8959 6339 3040 4663 5473 6343 7170 7968 9577 9746
30 672 8489 2079 1564 2896 8995 7811 3940 4772 928 991 25 7367 7947 2433 8389 8726 5454 574 1413 2231 3041 3875 4667 5474 6344 7171 7969 8775 9582
5 1319 9520 1417 4669 9584
15 6807 1113 5307 7438 8996 8373 9462 4419 3288 3045 4670 5488 6347 9589 6166
35 7475 6135 7846 530 8040 3972 5601 6089 3949 7143 8160 65 9205 3213 80 8006 6142 1766 8836 5431 3327 393 2697 3064 2236 3052 4671 5490 6351 7177 7974 8778 9590 6174 6467
35 6831 9207 9052 2784 3317 655 2261 9681 8191 2673 4256 8263 9303 9143 2374 8475 2682 8512 6006 1049 1895 5912 5773 4333 6895 4157 2609 1420 3053 3880 4674 7976 9591 6181 6468
23 2920 9698 7435 2642 4404 5012 823 7682 3867 5910 7627 776 7101 8115 2462 7747 1925 5178 4753 5819 5758 3033 9518
35 8731 8787 3148 892 5369 4225 7085 3666 7211 7479 8555 7729 2525 1466 9167 2209 2478 634 9624 3935 9367 5139 9553 9843 8295 3427 471 8808 5390 4676 5494 6354 7181 7979 9593
27 1305 3410 271 9385 1252 5751 9364 8782 6657 9513 4204 6880 6755 8936 5518 3056 6501 1654 488 4931 3588 3062 3885 4681 7183 7980 9596
20 8342 7329 9845 1111 6244 81 7037 3278 742 5498 4465 9076 4412 3903 5198 4682 6364 7184 9597 6336
26 9752 1879 6752 5282 5626 2686 9158 7643 2122 5380 6495 1682 1554 9672 3917 5842 3959 8538 7733 596 3069 3888 4683 7185 3901 9598
28 920 2531 9405 6168 2539 4003 9135 9645 2110 4224 272 5532 5520 3296 6972 1808 6725 1935 5248 9146 3456 597 1444 6368 7187 7983 5183 8472
30 3444 2324 4414 9030 2031 9179 6274 8506 7490 1842 2768 4191 558 8759 6217 1144 8430 8862 2816 1445 3071 4685 6369 8804 9603 3907 9646 4930 6556 9892
12 6198 1323 457 7662 5426 2359 3508 240 4688 7985 9604 9772
31 1664 3239 8459 3092 1843 3594 5815 2675 7903 3173 4840 2715 8010 8576 2668 6887 5461 2637 1435 188 7393 5790 1450 3075 5512 6372 7202 7987 8810 9605 6579
40 9888 6780 2942 5466 8382 9382 2967 6438 5291 5952 3524 8229 4221 1394 4232 3714 4468 1690 6611 4971 564 9493 4976 5889 9960 6631 603 1451 2252 3076 3896 4692 5514 6373 7205 7991 8811 9606 4982 9842
25 9409 6735 5377 9804 8173 636 5317 3635 3650 2678 7835 6015 5147 611 1454 2253 3077 3898 4694 5515 6374 7207 7995 8813 9611
31 1543 6361 4537 1869 5955 3966 2731 6969 5193 8595 2630 2722 9083 7741 1525 3209 3548 7478 6014 4752 7878 7789 794 1455 3078 4696 6375 7996 8814 9612 7358
30 2135 2828 945 4200 8351 417 5120 2952 1281 2979 3785 3429 3146 5208 2319 4443 2299 2370 4362 4442 9946 4551 5893 2836 8083 6768 3158 5521 4725 6643
20 6783 1353 3849 318 6173 1565 1660 7680 7630 2670 4950 687 8565 5509 8619 2337 5176 4542 1461 6383
25 3855 4882 9128 9595 1054 5621 986 9381 8413 1364 6389 4087 1702 8121 7265 3900 9653 5185 6335 8888 535 763 7017 619 5523
41 5086 8149 5213 3160 2455 7666 8146 5182 4409 2119 5374 5298 1297 9015 6625 2850 6020 9435 3404 2872 205 5357 9689 2624 8487 8165 1976 8893 3349 621 1465 2258 3084 3908 4701 5524 6386 7215 8003 8829 9628
26 3817 3990 513 3368 601 3537 2857 5465 7267 6622 5502 8170 4152 7720 7127 3844 2998 1367 9650 2259 3909 4702 6388 8831 9629 5129
26 4494 9463 6875 565 2382 2060 7448 5690 2115 1930 4358 7793 5268 1371 6820 6282 3852 6773 7688 6482 7051 1408 9792 1468 3087 5145
18 4687 5858 1697 7000 7579 767 6062 8620 4043 9403 7635 6225 1108 2749 5683 2411 7784 9789
28 7401 9402 7677 5771 498 4029 9576 9156 2315 5094 5801 6059 2285 6075 8525 2136 1623 1077 4069 5334 628 1470 3093 4710 5528 6394 8013 9635
6 5071 630 1471 3094 4711 8690
15 2288 8330 635 1472 2271 3095 3923 4714 5530 6396 7222 8017 8844 9643 6854
15 1005 6740 2112 6647 9740 2463 4474 1476 3096 3924 4718 5534 6398 7223 8018
33 7499 7064 1651 47 511 6023 8412 5260 4857 5794 8431 5080 4335 4936 9798 324 1056 1894 3611 2096 638 1477 2273 3097 3927 4719 5537 6400 7225 8019 8847 9651 9825
24 8520 3409 315 8207 1655 6503 6009 2173 1282 4314 8150 1042 223 884 5053 1385 5820 4286 7524 4812 3928 5538 6401 8022
31 677 4098 2006 2143 482 1500 9743 422 2473 254 5941 1752 6751 5184 6203 7504 2676 6945 33 1219 756 4977 3591 9849 8654 640 1482 2276 4723 8025 9656
21 7088 8158 493 284 5662 2551 9836 2191 9880 5168 7815 7854 879 6614 8319 9484 3100 5544 7232 9661 5247
37 4742 1384 5113 166 3461 8462 168 7086 9947 1963 475 9276 5082 3839 397 2885 4167 9779 5262 8616 7551 9594 5336 5993 5483 1566 5420 2378 2827 3447 9220 4968 5599 4726 5545 8027 6978
25 297 2313 3029 7430 5816 6526 9273 5962 9031 2645 8935 7352 5326 1816 2162 2379 4672 8666 9580 7157 9831 7 648 1488 4728
34 6916 4536 6123 3196 5285 6710 2442 7840 7665 3904 147 138 8510 9644 1814 8258 5470 6303 5327 3079 1712 4230 764 8701 6350 1153 1491 2282 4731 5547 6415 8033 8855 5305
25 7956 6656 1593 6756 9487 9512 8155 4017 5861 2121 5481 6571 3748 9363 2933 964 5396 8678 2970 360 6384 7467 650 5548 6417
33 957 190 4437 2511 8157 6186 7787 9538 2105 3970 1098 7387 5386 1819 8004 456 5379 3590 5945 4956 7233 6229 8839 4901 1858 2908 9637 1494 4734 5550 7240 8859 9674
25 4842 7864 2838 3424 7446 5054 992 7477 6927 6279 3211 5610 1747 8359 5136 5181 7892 8056 5580 7518 4844 5463 4886 1495 5551
30 8708 6529 9473 9274 9078 6718 3783 9130 7847 7633 3469 7381 1591 7368 6928 5383 2483 45 4030 8014 6899 1092 7673 1060 5745 3942 4738 6422 8861 7159
26 5424 2429 658 442 4088 7668 9068 4119 2368 4561 2694 6873 5561 4439 6578 8914 2811 1542 6032 5961 5536 7950 662 1497 3120 9678
24 7318 1414 4455 5090 1835 4744 6850 5211 9270 9848 8881 4175 8356 9609 3020 1615 6675 1498 2295 3121 4740 5558 6425 7178
33 2869 394 5034 3865 41 9254 4782 3542 4652 7692 4326 1595 6268 833 5700 2935 8760 6178 1448 2991 5132 2796 919 1484 4967 6555 7136 4479 5414 5575 664 9688 5567
21 6695 3697 7104 4421 8133 9002 4645 5913 8780 1831 6452 2765 7250 5570 4004 5980 1940 6311 6687 464 2038
34 9581 9649 6851 435 8868 1627 7253 8806 2270 7080 7392 8551 2042 4712 8294 9453 8418 427 2251 5531 6603 5174 667 1504 2304 3126 3948 4745 5565 6433 7260 8046 8871 9694
25 713 9820 4706 842 5507 6058 5719 1693 161 2527 6677 8998 1464 3968 8325 3293 1283 3118 9998 911 4272 9154 1085 4799 6870
21 8518 4056 8447 1326 7174 7342 9505 7316 6566 3454 4730 8297 7771 1035 258 8900 3492 4241 670 1506 8050
34 7928 6843 3208 2915 7372 975 7580 3585 8219 6392 9116 6814 5838 2919 1620 715 6379 7764 3463 9671 6272 5210 6094 1836 5154 9337 8944 6812 1795 7697 6070 1868 3975 3612
20 5300 7186 4184 6125 950 984 6512 5279 6041 8534 3222 7588 7285 7420 7050 4431 9861 9608 329 6170
37 9707 7993 8449 3068 4673 8085 9712 1 7344 1415 5933 9054 7259 4852 4258 7047 3001 6530 6688 6936 9787 2376 9829 1107 676 1510 2314 3132 3958 4757 5571 6440 7269 8057 8877 9701 5568
33 4637 3546 3384 3354 57 32 6048 5366 4965 1891 5062 3323 3682 6325 4722 1806 9338 1303 7989 2819 2840 678 1514 2317 3133 3960 4759 5574 6442 7270 8060 8879 9703
28 4150 3236 3951 9282 3200 2305 506 9118 8642 2652 7769 6161 1393 9607 2025 8933 2913 4835 6790 3506 5506 3015 4972 1744 9129 9024 263 7345
7 4070 7621 1517 4764 5583 6444 9706
31 84 477 699 4935 4733 1634 7759 6251 6172 5684 7516 2444 8917 4244 1409 5475 9029 5151 4176 6035 4691 3347 8870 4662 2325 3963 4765 5585 6446 7273 9709
32 3471 6767 2106 6164 8198 3411 802 3583 8937 4664 2966 425 9790 538 4947 7790 8749 2447 2500 4169 1899 2879 3273 706 6074 226 1521 3142 4766 6448 8068 9710
7 1146 8553 3967 6449 7278 8889 9711
35 9305 3005 2357 4223 7406 9543 1997 6128 2180 5375 2377 7466 5031 6722 3174 2844 3016 8842 2587 1934 9780 4114 3280 4928 1262 7669 9552 336 845 1523 3150 3969 5588 7279 9713
14 4377 219 6410 4405 4709 137 7176 2777 7153 9519 6207 6911 4054 1531
28 6694 7114 1734 481 5829 2982 9037 7162 5400 2702 8864 2402 3877 8343 5708 4876 7923 5638 7121 8837 3074 16 770 6241 8700 6454 7283 8897
31 2986 8557 3572 4661 6711 95 4410 3616 5107 6305 4639 9263 9641 3466 196 5143 3547 1368 8314 6802 4001 787 8931 4754 959 6627 9010 9555 690 3711 3155
5 1067 3507 2491 3857 8899
34 6965 726 8370 5017 9549 9345 1613 2075 6416 8767 6116 8153 8081 2283 3472 351 7031 948 8156 4563 632 705 1539 2345 3162 3981 4784 5596 6464 7292 8087 8901 9720 4800
21 9393 554 6199 6202 5732 2000 1474 4274 4072 4128 8009 1342 9102 2124 9856 1703 78 6576 8825 7036 4785
28 9325 1724 8425 6493 2422 1955 4299 5156 4595 9159 691 847 3752 918 3776 5320 487 4371 6235 1960 42 3911 3434 6782 1479 5661 3745 2349
28 222 6502 5359 3426 7867 1503 9620 5433 7941 252 2246 355 5092 694 996 9755 6309 1769 8270 2822 7295 143 1204 3723 8925 9427 7474 7776
30 4601 8302 5049 8254 7277 8529 3122 3829 6114 698 589 9862 7930 7775 1400 3742 6099 6127 721 1548 2351 3172 3985 4790 5607 6471 7300 8092 8910 9727
35 9140 6404 9137 9401 6307 5205 2399 8823 6742 3420 7922 6886 5584 6902 3974 7366 1791 1047 3847 5862 1519 4964 1775 3597 3186 2392 6788 3359 4577 6302 3643 2352 6472 7301 9728
4 8968 2620 3993 8912
16 273 5227 7224 3512 1949 3169 5782 6699 594 1416 1034 3810 3890 8885 1439 1374
33 8962 5971 8774 9559 3544 4115 6538 9761 444 9912 5608 6793 2546 9547 6572 6511 788 6046 4735 3688 4432 3350 728 1557 2358 3183 4798 5614 6483 7304 8100 8919 9736
33 3869 6139 2641 5393 1489 6296 7631 2518 119 3807 1079 3775 7245 8631 6601 4677 2082 1587 5878 4834 2048 4828 5019 1770 4582 7902 652 6447 1014 8322 5190 7115 1558
7 9763 5578 731 3187 3997 5617 7871
13 2887 732 1569 2362 3189 3999 4803 5618 6488 7307 8105 8924 9747
27 4894 9046 1689 2566 3050 3680 6101 4123 8809 5486 880 1551 3374 8108 9081 604 9664 301 5834 4716 1086 1570 4002 5619 6489 8926 9749
21 3307 8630 6327 8464 415 388 3694 1411 6801 9471 3516 9986 9253 6 1020 735 1571 3192 6490 7310 9753
22 1888 1332 3773 2783 448 7663 380 7068 4074 93 4625 1889 8828 2428 1333 1354 5895 6616 1705 2873 5623 7958
5 7284 7760 738 2367 6492
32 8509 5218 7357 7927 9705 2934 5650 9127 8694 7048 2867 15 4539 9299 2567 3980 3813 4915 8218 4934 1347 5257 2100 4614 2318 740 1574 2369 3198 4013 4813 6494
16 8310 7320 2541 5573 743 1575 2371 3201 4014 4814 5630 6496 7315 8117 8939 9766
10 5226 1576 2372 3203 4816 6497 7317 8118 8941 9767
5 7552 7581 1577 8120 9769
29 3281 8698 2424 3510 3199 3220 1365 7134 6098 7334 1875 5582 4092 9821 2311 7520 2003 441 191 5897 3718 5676 7192 7834 747 1578 2375 4019 4821
24 9901 3049 5887 1430 9897 6333 8793 5864 1821 7280 3298 6365 9250 749 1581 2383 3214 4021 4822 5641 6505 7323 8123 8951
8 4941 751 1582 3217 4827 8124 8957 9773
18 8640 6884 6547 4973 7535 2706 8099 894 7528 5639 3312 1021 9301 5294 4599 4831 6507 9774
8 6607 1773 1970 6340 1422 6319 3161 7432
20 6263 3667 2074 3325 7816 9817 852 8661 576 5950 4500 8762 1118 3134 757 1585 3224 4841 8130 9776
29 6815 1883 7287 661 7975 720 9575 2333 3054 9537 120 2220 8072 2737 6146 2959 8246 8097 654 5378 1797 736 1991 4284 4142 2334 994 4445 4890
18 4307 2026 6536 497 6399 6197 9160 1736 3774 2812 2007 6995 3231 4847 5655 6522 8132 9778
7 7613 9489 5953 1596 6525 7335 9781
33 7861 1227 5744 8548 3991 977 6615 8671 6698 9284 843 8444 10 2740 7351 9092 4351 4748 2995 5624 2911 4570 5946 6087 1923 4747 1597 2395 3234 4039 4851 8135 8970
14 29 6189 9636 935 4913 5764 4819 5140 2237 9021 2481 6914 5669 2983
27 2576 3651 9768 9556 5541 267 266 3721 2578 1436 3790 8007 3221 8437 8335 4762 2380 1241 4668 7978 9961 828 8641 8947 7133 4856 5665
20 6160 9733 2928 1186 6966 6597 5994 6562 3534 7363 5851 6072 4763 9540 5811 6060 3240 4859 8138 9786
29 769 113 9691 8573 4980 7243 1580 7685 330 6380 369 4113 8662 6306 402 7626 3593 3215 9170 8065 5703 3300 5345 7426 7437 5003 7057 8377 3241
30 6002 7188 5948 9685 1588 1804 9104 6771 9949 5352 1746 949 2393 3754 7823 4136 9630 4388 5097 8387 5186 6276 5118 5625 6300 7436 7731 3630 4861 5670
7 2528 2404 4047 5671 6546 8143 9793
25 1993 4693 3176 1010 9757 7190 2217 1311 1768 6832 2234 2557 4628 7999 8672 198 7461 2514 1811 5736 5084 5749 7898 2627 4865
32 2008 3294 4260 1313 6563 2651 708 7457 7078 816 9026 7194 6813 8016 6184 4751 8913 6817 3848 4140 785 1611 2410 3247 4053 4866 5673 6551 7350 8145 8983 9796
26 7040 5881 109 8629 2657 9105 8681 5674 3482 9062 3044 3811 3271 412 7807 5484 9583 26 3034 651 4367 4401 4220 6676 2408 9812
26 8395 1838 9412 5516 4020 4481 871 7275 6297 4012 6042 7699 3519 2454 14 8341 7476 5376 3749 790 1614 2417 5677 7354 8151 8985
28 7911 6485 8376 5189 933 3615 4024 4344 5844 2415 7498 4654 6262 8344 8353 116 4548 2088 8757 2815 4427 6405 7241 7201 791 3251 4062 4871
16 6277 400 4507 1685 4704 7555 230 5909 9055 5997 8929 2298 4177 792 4064 5581
28 961 1609 7471 1530 9830 5663 3191 7246 7901 990 8945 5998 1871 592 1320 5810 8231 1765 6792 9587 3681 3571 3322 9336 7252 5682 7359 9809
2 668 7433
4 6150 7196 8111 5979
34 6424 9166 5856 6003 951 4656 2781 8785 4328 1710 1299 7164 6824 3487 4423 4025 4238 367 8095 5612 3046 8365 3679 1446 797 1622 2427 3260 4881 5691 6569 7365 8164 9814
24 9523 6900 4112 9890 5712 6984 4615 1349 9952 4302 3624 8624 21 985 6131 3736 1590 5066 7328 2703 4162 3791 6445 3184
29 6961 7455 8426 5425 3375 2577 9738 5660 353 8953 5201 2561 9894 8845 4381 7904 5412 9997 5652 9827 2773 2435 3262 4888 6573 7370 8168 9005 9818
28 2356 3138 6155 9586 6575 5287 3205 2809 8182 216 5976 8471 7997 179 7059 5776 5373 73 1473 803 2437 3263 4083 4889 6574 7374 9006 9823
28 7229 7687 1635 9806 4875 6474 2916 8259 2406 1211 3476 9192 8693 1914 7397 9379 1096 1659 9973 6145 4447 7719 2922 2134 8196 4085 6577 8172
11 2774 19 2649 8035 1459 3767 613 3272 3252 5821 4795
29 24 7810 2748 4630 9625 354 4366 7693 4147 2125 6397 8549 6564 620 5223 2091 8249 2310 8113 3922 809 1638 3267 5702 7378 8177 9009 9832 7022
25 585 4387 3329 730 4705 5678 4139 6989 300 2407 979 5559 7077 5785 1604 9447 9460 2572 2795 312 8729 9307 3853 1456 2964
6 5562 1027 5296 3887 2862 1643
5 3193 4317 3388 9398 7385
18 1833 3197 1142 856 6480 867 5064 350 1286 5589 1289 9528 251 1426 3737 2450 5709 7386
24 489 2123 4761 210 9497 5124 1947 9474 7599 6560 71 5164 8240 5348 7899 6935 818 1648 3275 4097 4902 6589 8185 9844
