29 6975 8546 1247 1014 7279 4834 1760 4566 6764 5935 9363 4460 1524 9068 376 6072 9757 7999 478 4086 5630 7140 5025 6782 3098 8981 4461 6663 4275
29 8450 7418 6154 2557 9669 5182 1165 4597 5739 9425 4691 3431 5442 259 1308 7088 9852 5174 5186 2997 6373 9245 5932 808 6832 5711 2925 9643 9212
29 2139 6638 726 5564 4151 4195 5990 7464 6874 1620 6715 3484 4869 4825 5027 4471 7378 5688 4860 4359 5623 9775 1232 6602 8810 2093 3404 1350 1990
29 7678 306 8366 7421 4777 684 6554 7513 4724 409 6385 6820 6378 683 3828 1830 2216 9262 248 7041 5421 5684 9680 8902 8219 2819 9505 3957 233
29 6198 558 8128 6890 5855 3992 2018 2771 7880 5843 4204 8245 6449 5579 7298 6846 7758 7129 6058 4357 2543 1699 8622 6141 2885 5231 3074 4254 9958
29 1566 9155 7704 4068 4824 2352 7974 8285 1802 2280 9760 8008 7560 5024 6345 8882 8051 4043 4202 347 3749 4537 6316 7754 2257 4695 5844 4594 7796
29 5832 3968 1060 8400 9095 3347 62 662 8251 5146 1545 9012 9072 2606 6757 998 5594 1495 8082 9239 4781 7137 4462 5624 651 1975 9003 6842 697
29 3155 9688 4066 8851 2614 3323 5229 5433 8553 1810 9260 9815 3955 709 3061 6439 9400 7248 7023 2259 6896 8557 3676 4039 7453 5285 8317 5551 4977
29 6428 8085 6600 4214 2570 8693 6292 7988 5772 8700 2558 4818 8821 9792 1873 1598 7836 834 444 268 3140 9840 5088 3352 6688 1939 5317 6810 537
29 820 4049 8432 5965 4529 8714 4788 3297 7927 6567 373 4544 798 3368 4371 669 2475 1073 9929 9195 6529 4173 1912 8433 4631 2308 7002 8240 85
29 2717 5370 6319 5914 3172 5460 6618 4975 7541 2538 6210 7863 4316 3926 4862 1866 2979 5239 7848 4670 9341 6642 9514 9572 6916 205 9987 3580 7215
29 2234 7545 2442 3640 9735 2201 5052 3326 7592 8289 1218 9090 9809 924 8901 3495 8370 4555 3885 8817 4731 1528 1372 735 6943 6153 1550 1268 5065
29 8103 9561 5008 2482 7650 7845 5499 9238 9495 3887 3313 4728 4266 4092 6006 7859 6530 4059 2521 3248 9926 9331 5085 7376 1834 6013 1727 7697 969
29 207 7613 552 2777 4046 5860 81 8831 6744 5369 472 9812 5106 1544 664 4317 2888 4522 8921 967 6937 269 9691 1527 3450 3406 587 8216 3107
29 1134 929 3551 6699 8438 5829 8991 8609 141 2303 4292 6918 4696 1097 4748 751 9483 887 7975 4837 6934 346 8010 9620 7713 9542 5513 8932 2388
29 6430 5062 6931 2836 540 9752 35 9184 4134 6630 3794 7767 9057 6993 7077 4332 9098 8425 3419 3916 9000 317 1481 5359 8522 6573 7435 3472 6787
29 9151 7179 9117 9891 1745 4629 795 5446 1888 902 6188 5036 9218 8661 1721 9359 6170 1611 6487 3414 8705 6196 2025 5629 9353 9347 2371 7806 8670
29 9670 601 7946 450 3064 7625 4495 5587 4251 1310 5142 9029 741 6010 2342 917 8999 4946 285 4861 5494 9574 520 3374 1281 5559 1801 6955 6216
29 5266 8315 5149 9646 8324 2168 9537 308 7768 111 5238 6287 4136 189 2534 693 6607 3820 7476 9337 4330 9225 9374 7354 7551 8077 5774 6952 1911
29 6261 8246 4989 6093 170 9115 5883 8737 2027 1007 5384 7108 4892 7989 5265 5752 86 2568 2026 761 4333 728 6281 8742 4360 6008 4058 3334 4300
29 835 1817 6720 2228 2293 2746 2167 8790 2536 1602 1694 7925 3839 2092 8883 1439 9047 6466 9534 8997 7716 7113 1646 9977 3527 439 4698 1665 2980
29 7849 9742 8568 34 4560 3036 6125 5742 1821 2624 9093 7906 4002 3798 3700 5114 4538 8217 7079 6087 8662 9479 3977 7857 3111 3710 8011 9109 7502
29 5254 8724 4170 8717 7084 9708 9540 7944 1932 4521 5189 9910 2780 858 831 623 1927 3552 8420 5335 3282 6122 6101 7048 2269 6532 145 9015 7947
29 701 8896 4392 702 1560 1448 908 6057 36 4562 5508 881 4873 3584 5015 3401 3250 3571 2700 8198 6894 8676 8427 6289 1957 617 5002 8180 6413
29 2758 3198 5041 6168 3953 6995 2106 9407 4017 4931 5023 7071 9497 6082 4420 8475 3886 3805 1941 7582 6568 1703 8789 4105 7521 6052 2059 561 6906
29 6507 8579 256 4803 9804 4573 7637 6128 2194 3785 2260 1402 3131 3136 6338 3853 4240 9551 4572 3255 7940 3200 1110 3948 787 5466 1891 8539 7652
29 9475 816 6062 8919 7699 1907 4942 7751 2435 2707 790 1329 1919 9158 8807 48 3641 7438 2128 6777 7819 9086 9789 7220 7332 6377 6755 4791 2149
29 4182 8404 548 8797 6983 238 6985 9546 1306 465 2931 3986 8106 8115 5720 8550 4125 2425 3408 2272 2172 7913 4651 814 2214 5950 9293 6142 9138
29 9053 8644 528 9787 5128 7769 740 4282 6978 4031 9921 3606 778 2577 7702 9588 2484 2047 481 272 1696 3230 1501 2483 5536 7553 4940 7608 3504
29 1711 1595 8386 3501 3462 357 6816 2410 1354 4370 8511 5983 1214 986 8864 7233 9197 9471 9706 5920 797 3980 6420 828 9713 4995 2119 1484 5707
29 156 6891 7494 9470 6150 404 8711 6703 6212 2843 3078 9281 7377 6809 7557 6048 7626 6940 2307 9693 4854 6536 4121 932 9034 1316 4643 3305 3048
29 3060 957 4878 5545 6936 5308 1095 6522 106 8627 5119 5292 9300 1701 5820 8422 1571 1403 1523 6682 4225 5576 9167 7128 6717 1115 637 9555 9700
29 5634 4830 4166 5537 7151 9625 7286 7201 2950 5568 4163 4153 8144 3923 1914 9390 418 2407 2839 3638 3964 9684 6517 2383 4416 9001 2291 7153 4644
29 3448 5645 2803 6250 817 4391 1639 4377 6919 9854 59 7000 2148 3011 4011 9716 1840 6400 1625 1201 5893 8136 3521 1874 2626 6203 4793 1106 7460
29 5371 862 1348 4802 2756 3380 4627 2644 7561 358 5068 3506 6693 4423 8436 3389 3213 9553 5773 6140 2787 1355 3823 5719 2721 4682 9018 5470 1793
29 1813 750 612 5881 1250 3283 1677 7379 1167 110 8318 7672 527 4081 2165 6692 8529 4509 3329 6270 7797 6194 7204 4326 8803 3906 4699 6498 9527
29 1408 3902 5973 5997 2304 1644 7022 9599 3558 1871 3637 1861 6813 2743 1963 9707 6930 8319 7578 4301 6019 6855 7933 8770 517 5398 340 3829 2480
29 8346 8394 3361 487 6910 4248 3346 8365 5376 2274 3229 4519 5405 3695 6772 5356 8276 5825 5123 7956 8452 2196 6465 8576 8100 240 3289 845 1177
29 3883 4107 9200 6635 4415 2085 1373 6036 5496 3675 332 6586 140 1144 6716 6904 6924 4406 5617 7283 8021 4445 1586 6 2962 6041 3101 6865 5638
29 45 8299 1896 7394 9416 979 8992 9235 2247 5975 5781 6574 2548 133 6544 7102 4955 324 3371 6788 1357 3053 4324 2991 8043 480 9615 2493 2611
29 2822 1359 9417 1192 5483 6657 7185 3079 8642 290 8944 3603 8507 2859 6670 6998 1886 5806 1058 9512 6004 8806 9503 8818 4337 7107 6029 6680 2504
29 2870 9764 1734 6416 8193 1562 1138 5580 9954 4388 5856 4882 5791 1952 2759 5299 9794 2411 7040 3245 7160 8430 8853 692 5936 1937 3083 1851 6441
29 5959 1938 5503 5345 1505 6681 4096 513 6854 6572 8652 7195 9179 5118 4925 3896 131 2200 7879 7573 28 7451 267 4038 3239 4840 578 2530 7907
29 1179 7566 4794 7689 9385 9462 682 6359 6436 8904 2068 7345 1034 7388 1905 1894 7499 803 2118 5179 5620 5364 7902 1878 1378 4291 1697 4767 2678
29 2922 9340 6245 191 9079 2401 5744 1770 8581 1679 718 4657 4612 1176 1892 8095 2256 8758 7285 9316 1334 8280 9193 1583 4905 2706 9438 3918 4712
29 4611 9925 5195 5156 6275 5423 1674 9055 2574 2960 7847 2052 564 4919 5075 6837 9409 6512 9528 6736 1561 8474 2160 6209 399 9710 3522 966 9799
29 6812 1030 9635 7752 1964 4655 473 3335 6750 6523 5297 1708 8824 4583 157 7171 2387 222 7189 2208 8809 1072 4210 4741 566 9894 5609 2296 7010
29 6190 3782 281 7120 9984 8074 2569 8239 9362 1897 1431 6648 6434 2354 5048 9931 2821 263 6739 4719 2831 7920 3165 4468 79 5678 2807 2213 1864
29 2995 2163 5941 3383 1863 5945 3836 6643 6312 2989 5314 1622 2825 6429 1458 4351 3961 9046 1338 3372 4206 9373 3712 5686 892 4026 3024 9724 4789
29 1959 7760 4797 26 3735 7519 9494 3669 3745 8723 3835 4435 5347 6728 2882 1535 3129 3109 9928 7624 8473 5933 8633 3996 9962 127 9358 7422 5738
29 526 9194 7251 747 6407 2036 2677 1004 74 8783 4201 8191 7958 2589 5962 169 1057 9776 1624 7095 201 6903 1328 6053 1449 5809 9152 2249 8696
29 5876 6257 9037 7979 3410 5658 1055 5323 1098 3304 2078 1158 4428 5306 8279 9609 2206 9077 5212 4786 3787 9298 5649 3995 8515 2703 5375 9349 5320
29 187 3562 2793 8586 3762 5251 1276 6099 7338 8974 1837 5584 7056 7620 5230 6147 2951 1763 8171 342 6023 8357 897 7523 1287 6667 8928 7066 1363
29 8725 3075 3765 6155 2135 2394 7870 7441 8322 9289 4684 3553 5828 8826 1507 7265 9292 6315 4162 7634 3965 5089 6723 9881 4061 1943 467 2016 5921
29 6440 4661 8657 3519 3268 1123 9329 1898 4745 7078 8988 5647 2705 8686 7948 8597 9525 2379 9174 9911 7211 5995 8772 149 344 3717 7631 8096 8636
29 4467 2563 7574 7894 7323 5797 4278 2591 1411 4413 4679 1754 5137 7682 337 9325 5627 5573 8491 6589 7255 3861 8308 4510 3930 891 2441 5930 1637
29 9058 2648 7569 8356 5566 8766 1282 4231 2728 8486 1082 9529 3290 6701 2056 66 6492 4453 5463 7366 3017 786 2987 3478 44 7858 1327 1946 9481
29 2734 5552 5324 4458 3763 919 232 2232 3905 8182 8655 2120 6585 7300 1774 5943 3073 1156 8984 9429 154 5656 5243 1538 4984 2737 2467 2620 8909
29 2921 9440 8205 3312 2573 6444 7572 5596 3182 230 9973 8562 8734 7001 6433 361 1391 3068 3007 2596 1332 1162 5319 8985 2559 8376 4552 265 3708
29 8172 3210 7439 2933 6382 4227 7203 185 5556 5074 7062 7935 5689 3981 2761 1068 1383 3231 2022 6314 3597 5715 9623 4790 2095 9064 8037 7899 3399
29 8980 1204 3258 3333 3950 1462 7488 8679 5878 3215 5055 4019 9466 5817 178 3525 7159 6009 801 5061 6468 2102 1628 1869 218 4811 7029 3540 6511
29 5604 5524 6729 3005 8282 5360 2391 2337 3882 7745 7942 4047 2389 109 3983 7044 2466 414 7495 97 8397 2461 4403 6569 4798 6012 8744 9403 2084
29 2038 3145 1468 1140 4 158 393 3001 2161 1120 1643 3825 832 4749 5994 9252 6991 297 1741 3600 1902 4283 7498 4222 5275 8682 1295 8307 3531
29 9861 7794 2332 1205 6374 6677 8933 9571 3192 8993 4262 7122 1988 7740 1498 7069 514 7733 840 4879 4668 3497 7389 2694 9253 6637 5543 1397 7207
29 3353 1187 7395 4169 7867 3851 4183 9406 1149 2832 5659 8623 8899 6811 8135 318 3837 6649 4924 3337 8729 3864 942 5728 3943 6929 368 4923 6164
29 9141 3581 5608 6493 4123 7715 7259 1151 2489 5403 3813 4440 2276 6780 4918 8780 2108 8519 2227 508 3933 160 1782 6631 7477 9535 282 6806 5193
29 2368 5130 6497 3560 9966 3050 7952 7110 6218 1555 5397 9689 1920 2686 9207 6540 6106 3113 1931 2665 6984 1514 4449 1686 8110 8164 1270 6830 7911
29 8709 2766 7793 2512 9956 2768 6766 5170 7748 5071 7610 2763 4147 8938 8650 4177 9810 4244 8156 2473 8930 8275 7224 2282 2211 6654 9463 3872 1627
29 3766 6488 3534 6871 4050 8162 3881 541 689 2947 413 8284 6213 8390 8601 4148 14 5810 5733 2598 4725 3338 1086 5017 9865 8987 2306 5915 900
29 6781 7132 457 6402 6030 8615 9467 1804 793 2132 2509 5501 4952 6388 7919 3692 2714 3253 244 2650 3935 7454 9879 8363 2498 9476 4592 5284 9741
29 7782 9246 5952 2858 8083 9980 2058 365 1541 5183 7336 9704 7007 4425 5072 7853 8599 2181 4787 1748 4932 5328 3699 826 7119 6673 2895 2585 519
29 9601 9594 1330 6864 5826 6113 2053 4969 4044 8316 8602 7039 1618 8248 9959 7893 1469 3293 759 7070 9137 7254 3022 3135 7289 7478 5948 7841 849
29 3153 5030 8654 479 273 7147 7408 4358 4953 5838 3791 2943 92 2984 4226 9421 9323 2485 7141 2192 4245 6066 6489 4999 2976 12 5621 4707 7272
29 8044 4581 7115 61 3811 8701 3722 6244 8518 3532 1749 3507 5661 1321 7112 30 5790 6850 2319 6604 3999 5449 4176 2115 7923 8660 3072 9544 2497
29 6599 8372 5846 4769 8613 7436 5912 6817 3544 5425 2909 868 9222 198 3646 8490 9513 1858 8186 9401 6131 3270 3627 4783 9759 5937 3664 1653 4184
29 1434 8090 3533 9227 2430 4784 8594 5010 6186 6675 620 8214 2124 4511 9334 3674 2219 1654 5038 1164 9578 7862 2824 7287 2422 5215 5257 2809 3517
29 3117 2091 7235 8431 3518 309 941 80 7931 5045 3262 6318 529 7712 7363 6453 7673 6963 6476 976 2361 6825 9036 7583 6490 8776 8402 2719 7722
29 389 3265 1040 4327 9454 1515 7065 4356 2322 9436 2083 6707 5768 2014 1553 4277 1173 7932 9509 591 6923 5141 6848 8088 8736 806 1105 518 8194
29 7674 4469 9957 5113 3612 375 5126 8442 3904 4785 7743 4383 322 8639 8140 8578 9276 3184 5980 9985 8059 2356 296 983 2533 9863 2123 4135 694
29 4172 7901 2785 3149 7798 678 6262 6295 87 7401 5429 7466 9750 4343 965 9712 407 6962 3615 2639 8212 3593 8905 2884 7121 2448 2850 4605 8618
29 3216 8184 4122 1670 2640 3623 9825 3858 3803 1532 3166 67 4410 710 1135 7053 1977 5399 7433 1901 5745 6805 9569 2340 8567 8061 7008 6217 124
29 2150 3860 8125 2205 4386 5724 7719 5353 2470 2001 9420 9087 7237 6735 844 6895 6726 6725 9266 5087 562 9550 5011 2302 5795 9099 769 7978 6202
29 2182 8440 9104 2693 3582 1239 5224 3170 5223 5822 2230 3146 8691 8278 6836 6100 3605 1231 307 1084 8580 6109 6560 9523 2393 8895 3931 2968 4915
29 3516 2996 4060 1700 653 3680 6049 5218 2266 7374 9056 8296 3454 909 2730 6611 8139 6760 842 4826 1078 6852 4912 1997 3661 1263 937 4526 5211
29 9738 7256 7096 6756 9190 4018 163 572 2797 1427 2799 6976 8939 387 7114 7587 8221 5056 6958 847 9105 7085 5358 7972 20 4762 8105 825 9418
29 2600 9890 5889 7929 1049 9907 6452 5759 9186 9339 8617 6651 5290 9414 4743 6365 9264 3884 608 3761 5807 7311 3994 2896 4646 3734 8986 362 9770
29 3183 8698 1365 1139 7575 6421 5796 9753 5439 8477 5412 997 8448 7308 6375 7615 4737 1906 3737 6685 5094 7657 7490 7602 1518 2105 2099 4771 5269
29 9435 6956 5966 598 4034 6844 8368 7347 4117 9658 1435 5279 3134 3622 1838 7238 1616 7889 1565 1850 9663 7736 1506 2778 8533 4346 5859 1399 4188
29 1826 9960 534 3339 7707 4355 8293 9585 2289 2415 5514 560 2397 6024 8341 4139 8087 299 4056 9644 1159 3561 8451 2109 3214 7968 451 4965 5033
29 660 1599 9366 7636 7442 304 3703 3587 4205 5704 7816 6460 4823 4546 4199 3437 2697 180 8563 46 2277 8748 9608 8510 8554 7741 3467 6598 4331
29 9189 7382 9868 7309 4710 571 8281 3151 1657 4055 6233 7706 8801 6192 6414 5270 8996 6050 7635 5977 2688 3689 6455 4150 4459 7090 5780 4235 2367
29 5482 3288 3693 6258 8699 2555 2057 9477 1777 1219 5474 9575 8611 9135 2666 9290 2130 4893 7428 8800 4982 7391 543 8648 2398 9030 3985 6279 2659
29 4891 2146 7787 9685 4926 1260 1996 9315 4385 3865 3742 1799 7785 8509 9902 8908 5924 354 4653 5111 1945 1979 3154 3045 1279 8830 7729 3857 582
29 4904 9360 9584 4937 6973 4718 9147 5506 3984 4306 2373 38 3174 3629 8915 9232 449 583 9626 3549 3342 7266 9813 4608 5813 624 3008 6969 7456
29 42 1752 7397 9755 9967 5066 7361 4472 5105 5821 5035 7811 8145 8371 7276 8942 7737 7829 5655 6035 9271 8101 6986 2285 3988 3796 1027 9782 9154
29 3387 4662 6610 4091 3844 4156 9831 4116 356 6708 7243 8047 6849 5600 512 96 4700 4493 2625 8419 7971 2621 8326 2751 1682 172 953 9873 2894
29 9488 5535 5492 1818 434 3122 2359 6409 5862 2318 3336 7334 8665 1870 4813 5443 494 471 2684 4405 3509 7827 1966 3713 8306 6901 5432 6898 2518
29 1579 1466 1712 3099 780 2144 3731 4015 2541 5502 6989 2760 8666 7549 9002 4112 8707 3376 6853 7398 1026 4772 2784 1017 6784 6495 8270 8265 4347
29 5014 688 330 7458 4976 768 4302 2637 8292 619 5350 7213 2520 3449 2683 7075 6146 255 6083 9946 5283 3294 4012 3081 2264 2834 2789 1503 6479
29 3709 6227 446 9304 2350 7980 6727 9272 1707 1610 1668 6590 5198 6174 2171 4340 4656 2087 3056 3751 2750 7034 4036 9181 2691 8658 6496 8360 6014
29 3039 2198 2554 276 291 504 7406 4350 4465 1193 4032 9664 5018 6601 5132 6362 2226 5331 8291 9711 4154 3223 2655 7601 1396 3355 7837 4339 9577
29 1577 773 3681 5127 4455 2633 2429 3625 2562 6515 4726 3407 2998 6941 7882 3211 5643 1013 7943 1582 6219 118 8127 3163 8146 4532 3279 2879 5107
29 4764 8339 3701 5237 3331 9719 4903 8111 1836 9885 4497 9793 7596 345 4723 5373 9893 6249 9162 7550 9333 4075 9539 4490 547 3607 9573 2957 6207
29 7277 3827 4944 1614 8936 9590 8381 6393 1012 4527 594 2040 3147 6486 1504 2251 7155 398 1190 8380 2455 7274 8632 8542 7154 8165 8743 4708 9932
29 8786 1833 3833 6928 8950 9761 5901 8454 8460 5235 9067 7802 5395 1621 305 2372 6111 1351 2754 8869 4928 6243 4209 5408 2104 4517 7362 5988 7577
29 8078 482 1437 9930 1558 8250 343 4621 927 2176 5578 2050 4376 4382 57 6438 1613 2231 1710 5047 2733 8923 2162 1375 4367 3457 5029 3870 3232
29 4115 5703 5984 3260 4219 629 5619 3644 6473 2071 7955 8815 5834 1483 8109 4883 1567 6877 8259 6469 5203 2210 7465 1930 5864 3760 7861 2623 7162
29 3922 8502 8523 9522 8540 721 2096 8577 1767 4110 83 1395 4906 2790 1885 9823 2110 8133 1265 438 7945 3862 7658 2072 262 3601 2031 6390 6614
29 577 6330 4754 3385 4400 1016 8957 760 5302 1676 7473 1889 2539 9464 7692 758 633 5422 3261 19 2861 1663 4848 7717 9642 7677 8236 8167 6632
29 3190 7855 8026 2599 2239 1217 2920 9456 6547 1519 3144 1548 5281 1661 8761 7681 5076 8414 6195 5034 7170 6477 2905 5091 181 5593 788 2901 8392
29 6933 2830 7015 3781 9627 7621 6551 8328 2680 1304 5530 7068 907 7118 4829 8990 1828 7881 7027 9783 1775 7145 5180 5101 6828 796 5960 5877 3767
29 4974 2847 8934 3643 3306 6876 2468 3619 5253 5343 7503 2116 7443 6143 1146 984 7081 8702 7628 260 725 757 1311 9686 8197 2088 3697 5240 9346
29 7318 9157 6879 3987 6620 1923 5525 8572 8541 6606 4782 9247 7941 3543 9060 1070 3301 17 5498 8703 5979 8209 4485 5521 4196 9423 7322 2936 3634
29 3873 5147 1805 3921 1422 5086 2138 4394 9725 9178 3362 9502 7838 412 8338 713 1876 6494 2723 763 4253 6080 7445 2732 5527 3041 4866 1212 6576
29 2635 2381 4994 7922 9817 7603 9242 174 8517 3086 7875 4168 8721 7288 7258 6321 2245 3359 6695 774 1478 1859 9101 442 6833 3274 5970 7165 5517
29 7324 6152 7380 3322 7161 6348 1076 1222 7869 431 8894 9839 8844 3812 2617 9681 3574 5692 4868 6571 2222 2377 3578 1546 4571 2828 6442 3913 973
29 570 5160 3878 6032 3367 3275 3667 7393 8377 4289 3364 9412 6456 8345 539 6462 6521 588 1656 9532 7535 7293 8302 7595 6506 852 8062 7471 1289
29 3592 3756 5334 7244 2141 7383 3537 2745 841 9220 1423 9110 8591 6951 922 7033 4051 9624 7510 3000 2605 139 4624 4733 3588 4841 5698 2215 6065
29 5500 9038 4390 9732 3295 220 930 7054 3802 3069 7305 4401 8616 1056 6591 7757 9297 4310 500 9516 7814 1107 9496 6907 105 1820 9869 511 6172
29 6056 3240 3119 3855 1608 4005 792 4089 7111 576 4243 8189 6646 9736 8124 5775 4838 6628 6417 807 151 6047 1331 6335 7508 3057 7934 9330 3595
29 691 7642 2241 6970 5109 4009 2154 9892 5274 6740 6138 2382 1244 1223 4776 2015 7700 4557 6967 9846 8091 9048 5792 2177 6222 9041 7004 1551 4916
29 3425 8453 8227 8120 7528 1293 4076 2762 8235 3176 9835 5309 4100 4090 32 6743 8975 8804 7208 9432 3624 9603 9950 6103 4877 5586 9383 126 4539
29 2603 5388 4773 1037 3524 593 4948 1245 200 9737 8215 4720 1948 6665 8378 7172 2462 5493 4389 3029 155 8881 9004 6040 652 3197 4548 8631 3143
29 3187 2156 9695 108 1053 1604 3847 2136 9267 2788 6225 3035 5852 1147 9800 3920 8614 7273 6939 2449 944 4563 6583 8955 5196 5526 6157 5991 2338
29 1785 8561 2890 7638 8053 5783 147 9395 2310 9733 1226 7082 916 7532 8762 2278 2889 7217 1955 5853 1284 2579 6899 737 7788 940 6947 2561 1635
29 3636 9696 1285 2169 2479 3610 784 134 1549 7703 8573 7267 3975 3251 3152 3470 4623 5755 6120 5103 8656 3691 2856 4108 4411 6798 8640 503 2507
29 1788 8121 910 7191 9129 7177 1093 3997 2064 5277 991 7275 1128 9389 8329 4902 8498 1632 3718 1075 6608 6116 9819 3438 7770 6972 5712 9410 6090
29 5046 724 5934 8624 8261 5416 1203 7896 9084 9499 4062 4375 9628 8038 5346 5652 3418 5567 2988 9965 5626 8738 8922 857 6408 8792 4516 2956 3952
29 8033 1568 1196 667 4200 5102 899 1904 5760 4500 392 1045 1405 7321 6399 9666 9630 2174 1366 3788 6803 423 2529 1454 6415 2779 5372 4685 4576
29 8995 2517 314 3919 1776 1659 971 3203 1725 9818 1233 822 1319 3730 3220 234 6851 3085 5060 9088 4491 6342 1447 5599 4381 4580 1255 2528 2436
29 2584 7175 1339 1822 6556 4393 1198 1784 7660 4638 391 9127 7459 3771 8675 3672 3576 8158 370 6247 7627 2471 614 4721 7616 9320 2380 8268 3748
29 493 90 3656 2 9076 2236 8176 9943 5312 6256 5601 1292 1085 6471 1170 4424 2290 8034 7350 463 9234 4849 8965 8788 5391 427 6542 8470 3082
29 9543 2351 7402 4909 8234 5313 489 3854 4190 4588 8325 1557 334 2811 3054 2508 4970 1195 5246 1940 2081 1381 783 5342 3015 9774 8070 3080 819
29 8858 5673 9942 3903 9150 4175 2375 975 8876 8483 8067 6552 9043 7509 4448 7184 4129 2327 8233 549 8600 6391 11 809 5173 9045 7997 8805 531
29 9191 9814 9336 8503 7890 7728 1689 2774 9660 8238 5304 258 5352 7860 8254 3344 2593 3790 3880 8098 4675 7250 5316 88 8081 2902 9786 8819 4659
29 3249 2607 8977 3044 9175 4636 8417 3528 8687 9308 1096 3273 9007 4603 4633 2949 9011 1645 7225 5431 3189 765 821 8802 5882 5032 2814 9860 647
29 4935 8364 8143 3951 1429 8418 43 4454 3711 4864 7950 7939 3456 4074 1968 1052 4106 9596 6336 179 2958 2159 9364 4255 6201 4384 9841 2217 5255
29 586 4980 4259 1756 3671 4309 8727 6686 530 5700 4124 1564 5869 7242 9024 1416 1511 8900 923 1116 401 1041 4265 2405 4688 9991 9580 764 8385
29 9106 1492 9820 7060 3396 7667 9955 3513 794 7455 2629 6191 5766 3065 3944 3888 6078 6724 5841 1733 1234 242 4296 8685 2505 9778 3349 2565 470
29 7833 6791 9568 5942 9772 3716 7016 5138 8154 4432 5906 9862 1698 7884 5606 367 4378 8461 7964 9294 1065 3523 5558 113 9112 7214 9161 6625 5723
29 9371 5325 8952 8778 4622 8439 5693 3103 252 2175 1256 4687 9372 5367 628 5971 2292 9981 5043 8 3924 723 7987 5819 1626 7856 5021 3570 63
29 3016 8961 8971 6463 1597 4084 8634 8264 4348 5100 8358 5327 8035 6721 1401 6220 6802 5287 5931 9801 7669 4816 7897 2197 9208 6358 3161 9354 6051
29 4753 4922 7448 4870 1124 6005 8834 7866 2142 5523 5547 6862 609 4602 9796 6380 7676 4596 4742 4991 3736 2934 1497 8192 7544 990 5736 4635 9478
29 9392 804 5771 8464 1197 2126 3443 679 3465 597 7257 9089 9651 6182 3441 4335 3639 2910 8973 657 7226 5544 4336 5560 7711 8244 1533 3444 4964
29 2849 1143 182 8733 6563 5020 4858 9078 9044 789 4822 8808 6763 8142 639 8362 7912 1346 599 5444 7446 9402 459 5665 4936 9244 9388 3159 7690
29 4071 839 8177 8003 2395 443 6731 5424 2477 9126 4833 6672 2685 2235 1494 4421 4750 5651 4498 2696 1432 3673 3577 1714 2844 7166 7764 6038 6148
29 1808 4474 8027 9408 5207 2101 132 6752 4194 135 9482 8350 4667 1406 5006 9344 635 6965 4475 2742 4308 770 9061 6887 7730 1634 8585 2386 6575
29 4119 9662 68 5632 7985 7723 3091 3040 3195 2892 4489 3191 3834 2724 6228 3897 5880 9998 9480 1043 6067 8863 5019 3426 7463 5491 7801 9296 4171
29 2417 94 4766 4535 9073 1985 6500 8897 3500 4647 1899 1460 8855 2404 559 1054 2753 1 9345 9521 668 2764 2117 6317 634 2572 4512 946 6588
29 3875 1942 8927 9797 5910 9549 8006 9439 8349 4263 3110 7400 5332 8015 1552 6545 9119 5614 7133 246 6095 9468 4155 7342 7604 9613 6821 7399 9784
29 7245 4433 5865 6475 1380 8575 5522 402 1253 1370 4533 686 9249 430 2981 7018 9507 4010 3754 4853 8301 7469 9602 8032 2311 8195 7424 6055 1921
29 7080 1312 6754 1051 5244 4628 2840 6309 4025 1971 2725 1589 5428 2463 5581 2237 9387 8321 7732 3012 1343 8354 6771 3559 516 2848 5789 9163 7649
29 6340 9718 1956 3694 6445 4677 8798 674 8645 1317 525 384 8604 6298 1452 1887 3928 7585 1720 3466 7434 5172 7967 5158 251 4735 9767 7655 6491
29 152 5801 2954 5153 6748 7992 173 2313 9781 4641 7522 1825 3635 2675 2845 8373 7898 5816 7168 5099 9319 4744 6548 9342 730 2904 7852 6133 9600
29 3440 7047 9756 9352 5181 215 9909 4550 2403 9870 1852 1002 6085 7809 2549 7556 6977 226 5750 9566 8405 5663 9335 640 7100 5548 4257 202 2451
29 5835 7205 3772 3618 2860 2339 4093 5296 1064 3340 4130 8159 2842 7792 5152 1783 830 985 4763 1296 9493 542 4613 6076 5261 6074 6371 9995 2423
29 295 3169 1807 6509 4966 1795 8257 1998 8076 5900 6185 8943 1320 5073 2204 5827 9040 325 7961 7403 579 9972 6909 9022 7970 453 8784 3188 7326
29 8854 9445 328 8052 6351 9629 5706 9183 3341 7709 5793 1168 8455 6684 5426 3662 5040 5252 7333 5754 7 4569 1731 1716 8708 6303 6633 341 6627
29 6570 625 1768 144 2048 8937 5022 7915 7392 3481 1683 5404 5417 9694 3028 8129 9560 2660 9920 6193 1605 8342 5305 3706 8695 9023 8374 5851 1445
29 2440 377 5756 4650 7295 7865 6221 3556 9149 7304 1986 7188 7949 3317 5504 8732 1047 7365 2420 913 3809 7954 898 9953 3649 7156 120 9431 2103
29 9822 474 5555 8833 8584 5867 8791 9795 926 2009 7727 6354 8659 1352 7146 4230 999 884 1903 7710 2932 7263 5776 1337 8846 1010 7470 3808 8311
29 6130 8669 8740 2526 9899 2775 6566 117 5159 925 1104 7531 7072 7005 3894 2287 52 8333 9597 2580 364 3307 4409 2294 7542 5280 2985 7718 4131
29 5465 6982 4751 9459 8237 4408 1854 4734 9986 2689 5222 7824 5441 8007 9996 3102 7221 4738 1471 8161 9834 4024 1841 4366 7281 3779 3719 4419 3116
29 7427 4494 3579 7335 2145 9721 6826 0 3018 2955 4898 2153 7370 9118 7130 1114 1272 7353 9779 9944 2816 1617 5785 6293 3014 9765 2349 9838 1766
29 5057 7229 2069 4896 2323 3186 1412 2748 266 8123 7037 5963 5497 3321 8148 1664 7514 440 8113 3445 2773 5221 2796 8672 4138 4274 3970 3554 592
29 6197 1130 1556 2459 5612 8884 2609 7675 9240 7765 8628 3515 4179 805 914 2225 8200 595 3222 7325 7786 2575 6355 1108 2862 321 9645 283 8694
29 7662 8607 9460 4239 2353 9096 606 3281 7163 1132 7761 6927 8605 6829 7035 3458 3499 4752 8016 3666 2628 885 6694 6499 7705 31 6161 1099 2254
29 175 8183 9361 1976 3696 7180 8569 9622 3780 7671 9375 4591 3686 6063 4128 9122 2312 6039 8054 5362 6641 284 5016 3727 8994 5430 5178 5204 960
29 719 8835 7329 9699 9836 555 466 6286 3777 7330 4040 8413 8536 4180 9923 2185 8764 1789 3162 1729 7749 9379 3498 3752 2203 5054 4881 98 4901
29 1048 7639 3630 2876 3620 8663 6658 7369 1609 2722 7614 9952 115 1188 4779 5519 9659 4103 8271 3967 6107 1362 7139 6534 3940 3979 7965 447 1199
29 8598 4349 1531 1442 9397 3536 7087 939 2525 7038 3797 2502 8956 5782 7586 6448 9169 4321 8367 8208 8612 9369 5184 374 8241 6068 3589 2267 722
29 7653 3704 416 9219 1325 4867 5166 93 3724 1883 2513 7355 8231 603 7310 2581 2798 5154 6792 4159 6126 5339 6702 7306 7192 1015 3474 5392 4361
29 2446 4671 2000 4311 7543 3266 2295 7227 8812 3683 7536 4127 2699 7104 2800 2741 6714 9653 8495 3976 4216 29 6917 8112 8247 8880 9094 3021 4329
29 7851 7297 49 1520 8204 6379 236 1302 4880 8211 8677 1023 2076 1091 3723 982 9734 8269 8827 5676 4220 4755 8852 9221 1333 2067 1678 7270 4087
29 327 1831 6857 1983 60 5 3573 2242 4193 6584 9173 2122 2066 4601 3446 4845 4492 5899 6964 2827 921 1982 880 714 1266 1601 3868 8964 9604
29 7937 2191 9913 2715 1059 4983 1300 3486 3234 6084 8055 8967 9311 3893 1145 5978 5741 6387 424 8403 3969 3726 5765 9978 1947 9586 1473 6587 7527
29 2772 596 8903 7384 5151 7249 6519 3871 4444 5763 4431 4101 3356 6137 4417 6539 5642 5001 5799 9230 8664 206 1669 2360 8218 5729 8771 1367 5885
29 6603 7539 6765 69 6516 791 6622 9762 8469 6097 8917 8505 3314 6908 7099 5268 7546 6288 3263 5194 7599 3538 3224 8174 2627 4981 9444 4690 6091
29 7148 7511 3899 5472 7986 1264 8754 996 739 7661 7409 2651 2923 8384 1719 9283 3047 1450 8947 9237 7874 6679 8169 4681 5985 4947 936 6246 7264
29 602 1824 8166 1410 6410 4165 6411 4083 9327 9153 9035 6773 7429 8185 5972 4109 8242 2806 5986 7241 6458 5710 8104 6769 9805 8582 6404 9768 6422
29 6423 2765 9591 1036 6237 1715 7359 311 5748 4736 360 9051 6025 1929 9299 8355 4438 6343 3852 4987 4211 8998 5217 9291 2248 2907 5591 5007 9895
29 2223 9443 4543 1860 3702 4639 3272 5157 4004 7580 2891 2643 1371 1467 8871 9668 9674 6045 3473 6875 2035 9313 2545 37 6920 3120 8978 3529 3227
29 6042 9740 1704 7219 3907 4250 2346 7296 5861 2511 8224 2986 1935 2576 3026 3287 3869 302 3822 2871 8064 8382 8929 3351 2938 3583 5845 2157 7414
29 9014 8152 2152 6655 7116 3757 6634 8423 194 2919 2928 359 2852 7025 6418 1457 3814 5464 7314 2898 1476 3591 7998 9886 8343 9828 1739 7315 2107
28 1572 9692 2330 3679 1758 7430 8050 1322 7916 1242 5366 7387 2495 1046 866 2527 9103 9405 8537 7826 3564 9744 8323 818 6932 378 7371 977
28 681 7708 5209 3867 1465 2137 2301 5784 8458 7651 2011 7525 4547 9845 7058 7013 379 4648 9922 742 658 9472 9063 7505 3354 7089 1672 2007
28 7643 9992 4660 429 3412 2801 7349 6446 7046 7097 2867 300 2262 4161 4551 7779 4693 8041 5708 1180 6662 2190 9433 9032 2054 5787 1916 9192
28 4052 1125 3937 5112 7742 8549 8924 380 9415 5028 4140 7771 5905 3778 7344 5095 775 3325 6759 2490 7547 1843 3688 3841 1305 8750 9188 3285
28 5798 5326 89 5129 9621 9777 1865 2331 5406 6690 9842 2178 7404 8020 2615 6432 1169 4054 9726 4649 9639 9605 2865 6324 8002 3311 4268 6061
28 9581 5383 9131 130 8471 4001 4795 9133 6793 9317 7091 353 3246 5993 2540 8223 6306 9717 9144 4846 1463 6370 1297 2065 2478 5734 8353 7555
28 3815 3482 4507 1772 2147 1441 1592 800 5301 4900 2590 2325 8752 1847 3942 492 3535 8313 4133 3178 6144 366 6926 7228 9576 7938 2634 3436
28 7995 7781 3460 460 6102 8108 1750 2021 9853 5293 21 9908 5854 213 5477 9830 7834 1640 3621 1970 1157 6158 8690 7618 3196 2008 6883 6179
28 4189 2202 3972 8130 5456 4739 5368 8488 8389 8588 7484 1723 5200 9279 6696 8713 5394 5393 1806 4441 9357 7092 1318 4042 6356 8596 7903 711
28 78 6796 1779 6234 9384 2992 8410 9485 3715 5355 7131 2656 1490 7612 2671 8926 5487 4541 7479 7067 3843 8359 1061 6077 1800 4619 2431 9914
28 5455 2864 6265 4957 779 8697 5682 5850 1882 4363 1516 9871 781 5848 245 5565 64 9070 8304 6043 7571 1455 607 6797 2537 8731 1323 2952
28 5260 4447 7871 4442 4476 5307 9504 9107 6470 4158 5311 5488 2080 6114 5220 95 618 1845 8230 2127 2180 8456 6273 6248 8018 65 1136 3375
28 5588 4805 5475 6889 1600 2873 1547 6652 8005 5012 8391 4028 1934 4713 3889 4815 2564 8847 8300 9171 3115 6467 9945 3800 1981 4954 7966 9404
28 6096 9136 3051 2971 9120 4181 5125 2687 9848 51 9720 8857 4835 5909 2704 254 6376 4704 1684 8525 4203 8163 9450 8203 3936 3092 3633 8715
28 2586 4260 8399 1275 2578 706 675 6902 9059 8206 168 301 4658 6129 1171 4819 335 1033 3773 9269 1324 9399 6501 3998 9285 3421 5418 4978
28 9351 7606 2524 40 4249 7679 91 1440 9619 7268 3330 54 1695 9160 9763 8982 9683 5884 6900 9005 5858 8719 9948 9124 6745 3451 4674 2134
28 9168 2086 9257 5247 9612 7607 9989 3420 8840 5976 546 2355 5830 4294 153 3137 4033 6712 3539 6132 1984 9210 8838 4287 616 2501 9731 7775
28 9111 3179 8870 6363 6815 9241 3783 5396 5887 9203 9771 9728 4992 4218 9256 3400 4800 4645 5778 104 5722 3626 5381 2964 8782 9748 4897 9827
28 3491 6557 5528 1590 6504 5654 5351 8920 4889 1020 5322 5701 3284 2682 2982 9196 8667 5003 1286 3566 4198 4484 6619 1347 2731 1967 7174 7996
28 7138 3720 8434 8875 1267 1430 7605 2450 3100 1083 1215 911 116 3390 1142 7385 2224 5419 6827 776 5165 9318 5657 7647 77 5849 6722 5561
28 2098 811 5476 6474 7109 167 7691 3243 383 9548 9545 7423 7990 1103 9935 6968 2309 7425 7003 3690 3658 9649 7252 4369 8409 4895 2400 6173
28 8141 3025 5653 7253 5263 5949 3225 8873 9006 313 3228 4988 4430 6878 585 6134 6768 3602 9530 8856 4939 5872 464 1181 3663 2444 7568 5674
28 3590 1512 8415 4217 1241 589 4486 901 1797 4520 4732 6954 3795 5840 3801 8688 3409 247 1246 8795 162 9849 752 9582 8117 8941 7854 9837
28 7320 1271 8678 5675 7232 171 4221 2908 5401 3784 1419 123 5162 8446 895 2125 5541 5628 3244 4429 6645 708 5225 9082 9788 3652 8548 2783
28 7576 7918 6778 3201 432 8651 2298 1433 720 9270 6531 6145 5259 3807 4157 9430 2695 9426 9017 4663 5961 8229 8243 5996 7807 9723 6960 1738
28 6392 9213 1842 2012 1024 5726 4722 8022 2846 1792 5533 2946 3241 1642 8489 3657 4470 2070 524 1400 7530 5518 2566 3510 3547 8305 6776 1315
28 7633 4632 9940 2472 2767 1969 2710 150 9491 893 9690 9332 1044 9844 7924 7196 6953 5389 9016 6949 5902 1153 5232 3946 2866 574 5361 6730
28 4078 3775 8565 6003 9702 1283 9121 1368 4758 2183 995 5124 6018 8963 1094 4146 3799 1240 483 3550 6165 3070 2374 4993 6169 8918 1991 1596
28 4967 1425 8073 2396 2747 9258 1131 4478 6559 4483 8258 1444 9228 8094 5800 4676 2708 9671 326 7959 6081 3526 7501 6431 581 396 5374 4063
28 3042 9727 5077 3476 4186 3292 3300 3821 4079 7664 2028 1867 6882 9455 1856 5646 6384 7823 4842 5697 7548 1018 5155 2376 3859 7951 9971 6135
28 395 9248 1067 5516 2343 5478 5857 6215 2281 7670 8260 1206 9906 3199 6398 369 101 4534 4911 7372 2880 8508 8388 5660 4820 3668 2481 3555
28 4077 4501 5213 7230 7367 8526 5167 3647 9851 5879 5597 4290 6178 2413 2151 2060 5539 303 3142 6525 3093 3990 1183 7524 4666 575 9829 8479
28 9180 352 2365 8049 9520 7144 8970 7240 9808 4396 6609 6224 228 680 6741 958 6204 2447 8868 1379 4013 9610 3542 4705 192 7731 1607 4097
28 3123 5837 8850 1862 9382 4587 33 9380 9457 1980 7472 1182 2033 2657 1409 6166 1673 1224 3031 8825 5414 9859 2597 2046 8712 9452 7839 5644
28 8424 6897 7475 874 1178 2218 7412 9393 4174 7450 1724 8347 8482 3010 7953 1713 5013 7570 5139 5164 6034 5437 372 7052 7164 103 6626 1954
28 9413 436 8170 1148 5082 9489 4703 9936 2039 8040 8131 6238 7312 6291 1636 6629 5248 2299 3089 495 8030 3002 9905 978 9900 166 4956 2661
28 9049 3209 1407 2140 1737 3118 3479 8673 7202 3648 3892 6310 954 1761 9729 7763 7206 2929 8459 9199 1090 7665 2284 1374 1762 9474 8298 5410
28 7883 3832 498 6092 9640 8266 7538 3651 9990 8912 532 2255 865 777 8348 2324 9066 4836 9758 3485 6372 8287 312 4927 9934 2385 4353 496
28 4398 5944 4568 8890 627 4286 704 8001 6944 1692 1189 3392 3121 673 1771 2872 3567 5640 490 4711 1513 1570 6661 5515 6709 8416 2556 655
28 6613 405 3575 9042 2013 4192 5348 4387 7317 3508 4941 3058 1126 4986 475 9214 4094 3327 8444 829 3793 9108 9903 2638 4271 7726 5489 7820
28 1386 5595 8492 5895 6177 605 5683 243 7680 734 4856 1709 4402 9448 6873 2283 3927 2492 9749 1335 8570 8428 5709 4850 1404 2716 4962 4625
28 138 188 288 9559 5117 8966 7061 6747 2233 6344 6069 1585 55 6176 9091 4280 3891 1910 535 8312 1949 9377 6981 5812 8637 5256 371 1791
28 3171 551 9236 9286 906 7721 6779 6994 8914 4542 4064 584 5438 9 838 1488 3650 1780 3569 9897 9843 142 5575 6260 7617 677 4540 1185
28 6229 3235 9202 4279 5968 2912 4730 6971 6535 6276 9526 1880 799 1744 2114 2034 2364 3596 2662 9026 1534 8449 349 2250 6059 5918 6320 2804
28 8946 7343 656 2469 6278 397 1521 2334 437 4559 3863 2826 6719 6044 7491 214 8028 8155 6307 454 867 2074 50 2491 6818 4872 1211 4418
28 8267 8504 5903 968 5585 4933 2838 250 4938 8493 161 8907 7877 2632 3461 9570 7591 3046 2402 4770 5788 6840 9301 8527 7518 287 4775 5044
28 4759 8590 7173 8118 9790 2701 8865 499 2983 3254 7407 1747 3879 5122 1461 5695 1918 7563 7783 3428 6913 8521 4267 5337 4615 390 6235 8683
28 8849 6425 1066 7969 3954 6464 6710 7840 8641 1039 7032 6582 403 9824 6156 2757 9209 1216 1619 5641 9265 1687 7461 5677 41 8225 3062 9607
28 4114 1846 554 350 1554 4104 6676 9461 3130 6847 2030 4515 855 2944 3063 7909 5295 4706 7684 9009 6880 4620 8188 3687 8935 1486 9650 6843
28 8220 3076 1113 7698 1961 4817 6267 1735 943 5382 5192 2808 5611 7623 1413 1221 56 6946 7262 3732 6070 3725 8739 2063 415 556 6094 9558
28 1999 280 6640 3278 4697 6822 630 8620 6562 1301 5964 3982 9739 9411 5716 9616 3740 1581 5927 7506 1384 8411 1857 7683 9143 2959 3468 7063
28 8595 1573 9506 2003 9268 6322 9356 743 1081 6037 8889 872 8337 5664 1137 4488 2419 5495 1591 3397 2486 5452 876 9069 3938 4197 4422 9556
28 1574 3247 7695 7449 9428 6580 6007 2531 6550 871 3925 2948 9370 2817 9552 1496 4232 613 705 8524 6071 8014 2883 121 5276 3226 4502 7774
28 5262 553 9747 3659 6000 6280 456 1174 22 1089 4293 5480 3124 3585 3175 7558 2432 5957 1563 6285 1569 3087 7019 1685 717 4224 7194 5681
28 4768 6770 2813 659 6790 5542 9961 4524 4545 1307 8369 2020 1262 6484 2424 9876 4149 7813 4595 4899 7444 1953 7440 9557 1543 5650 4586 1298
28 333 5467 6200 1100 3764 6520 6990 3480 7045 9442 715 9780 5890 9501 7431 8283 649 2488 8199 7098 129 7594 2553 2427 7386 4680 8151 5987
28 7735 9589 9743 9632 9754 7773 2129 5163 8036 3487 3277 9964 4379 5808 3747 6786 2692 6110 9701 6333 1755 1155 1031 9667 509 9422 3366 2791
28 1717 6543 336 7864 5713 785 319 4315 4630 2061 5904 7282 5913 8334 7656 5479 1341 2702 4016 348 6605 9305 5300 5009 3173 5618 1638 1508
28 8097 9887 1924 2384 2253 7957 8494 9172 6163 4334 3546 1389 237 6915 3477 8031 183 9647 4187 4285 4029 2317 5873 5702 843 4913 1150 4875
28 4523 3628 6461 3324 3150 6767 7375 9583 7597 1118 203 7059 1303 9381 3753 4477 7437 7292 646 488 410 4242 3910 6022 2776 5092 4585 7540
28 9832 1062 6151 7481 338 6753 5435 8478 1759 3989 6263 8976 4295 7346 5786 5746 4843 2792 2112 8457 959 7567 2336 4008 9148 1655 8187 6647
28 3831 7337 6888 8949 462 8500 7028 1944 5168 7024 8089 1630 9365 3502 2010 6451 2972 5272 5468 5923 7193 293 316 8823 5685 2544 5365 6017
28 8544 626 3316 1675 3139 3411 7239 7960 2917 615 6856 1908 1972 6272 1358 6698 2727 5098 8379 4778 5762 9722 661 9074 486 3148 7533 4821
28 3233 6980 9441 3698 1390 9963 7891 4809 1121 4095 6357 7928 3095 3034 4669 4756 5037 4035 3433 672 6401 5814 1633 1254 1958 4590 7805 5473
28 9145 159 8080 8625 6313 9097 9803 6205 1326 1693 1228 8294 2720 5839 2970 7126 6518 8684 6054 3792 8181 8635 8179 9170 5459 4561 7885 6405
28 666 2713 8134 7982 931 3049 8913 8649 6230 2552 2735 8813 9216 2645 1530 4207 7630 3594 9867 8822 1008 8962 4908 3493 5110 8893 5050 1773
28 9988 3991 3027 3746 3291 1588 703 5053 1477 8150 8153 2647 2408 1314 533 6644 4610 762 6527 9807 1814 8888 1718 889 9579 8060 8589 6732
28 934 3181 9951 5115 5005 1236 164 6419 4247 1248 8147 4914 6367 4943 1706 8175 5590 4070 7832 4513 3358 9486 3947 894 2275 6311 2781 4111
28 7136 8447 4765 3914 3177 9773 2258 9939 565 5490 3315 9703 5974 8066 6502 4072 9427 507 9611 3395 6700 146 1900 6086 7413 2189 2670 6546
28 9858 8383 810 3259 3405 5714 3917 9648 7483 5121 1688 644 1933 2967 557 733 6758 3824 7447 5602 3750 3572 9657 4320 7791 1385 4556 7747
28 3256 1191 7183 9019 5333 8072 8968 1194 4575 257 3743 5550 4599 9261 9877 7888 645 6326 992 8692 8785 9259 3257 8555 8979 4380 7123 2587
28 7609 1691 7011 5669 3707 9678 1009 8463 2542 6795 1349 7873 3819 406 3786 9050 6396 8023 631 853 4920 3739 7486 4884 7991 9916 836 7364
28 1764 6683 8286 16 663 53 2622 9675 261 4272 3379 4689 5108 58 4637 815 5187 3193 6555 4269 6514 8408 7073 235 9947 8953 3769 6537
28 4960 3505 4099 5387 9123 9856 4673 5639 2207 8025 8499 3453 4215 3393 5732 7795 8310 2899 1803 9656 4859 7905 5589 2926 8068 2911 1928 277
28 3660 2297 2649 1926 2664 2221 216 2744 8441 3388 8668 8769 8722 5330 1063 1382 9295 7143 9730 6064 5607 5824 823 9878 3993 6513 4714 5273
28 8551 3104 8781 8547 229 4314 6616 6361 1895 9883 5329 5998 8332 3269 2300 3512 3971 1502 4894 3077 6118 6592 1479 9633 6503 2487 9100 1690
28 3363 3496 1909 3598 7579 15 1243 5177 9994 5133 5064 2370 3435 6337 5191 5505 4525 1973 3973 864 2347 1208 7619 2927 7280 9164 9866 6480
28 7584 9498 5721 5377 1421 8462 851 4642 3770 6824 4665 76 8352 6945 3180 9424 8029 1781 8608 4208 3617 2438 7512 8777 9134 1071 8514 7917
28 3423 1539 4996 9884 5400 289 4514 4273 3156 8593 5592 7983 1102 231 5727 1122 2341 7103 7373 6381 3966 7818 6579 754 5805 8487 3218 8799
28 3384 4397 6046 2252 5598 7086 8564 2794 8848 6015 6171 1003 2316 5761 7167 5409 8867 5236 6528 9614 6297 3221 5380 4593 1474 1288 8290 7886
28 1109 2698 6294 7724 7790 2279 1487 2674 3158 8330 2474 310 2900 2546 4414 8860 1537 9487 6734 5891 7497 8065 7480 7074 5725 5161 7537 6596
28 4466 9031 4088 1835 5226 8954 3114 3430 6277 2320 886 642 600 339 4598 611 7218 7808 772 8767 6031 5753 7734 3112 7106 491 7772 8753
28 5777 8545 4951 2244 82 7381 6866 9975 9451 2595 2097 7645 2314 5427 1392 6841 5199 6124 3252 279 945 8075 6751 6838 6305 9071 8619 4747
28 6950 2795 1816 8745 5940 6304 1342 9310 2961 6666 1526 8755 8512 6508 8796 4727 6334 7210 2362 176 5264 6733 4362 9025 6867 6184 950 7559
28 1141 8983 6819 9224 2051 2166 7299 2499 9338 5070 8760 5083 9278 9008 8787 8610 505 5989 1480 1844 315 7892 4319 1951 7738 4600 1522 9510
28 3511 7186 4318 7026 2212 1257 2868 209 4003 8877 4504 9092 9250 9672 8560 9598 2975 2453 5636 6987 458 2421 8716 2618 1393 9398 8387 3071
28 1587 1038 7031 2305 8445 9322 8375 5390 3167 8689 4774 8335 1280 877 1662 4373 211 1584 2344 1510 3874 2089 1500 6713 6327 7900 5042 5562
28 2209 2583 2263 2736 4144 6242 3033 2613 8004 6329 7209 6997 3303 3377 4851 5731 193 7231 2164 1757 4007 5735 5120 3219 7746 4352 7654 3810
28 8039 5557 2005 7744 3744 3267 2642 3489 4446 6697 6893 6999 9303 863 3514 3067 3004 2113 9085 9396 9715 351 3838 3848 7411 4518 1184 6942
28 2378 5097 5886 5116 5896 610 7878 1420 6300 400 9368 6814 6206 4578 3096 2193 6807 1743 4686 7821 7057 9449 9348 6761 7396 2881 5635 7260
28 9328 2874 5185 4917 6211 1994 3741 5303 6328 1360 8213 3563 510 8842 1726 7200 1376 4191 3714 3789 5321 4342 5981 1594 1705 1079 6564 1154
28 5919 766 5917 3866 6718 515 2608 7356 8638 4241 5440 2857 5874 7663 1453 4434 2740 4654 4604 1649 8173 4810 9201 8606 641 3207 2969 8629
28 4852 6668 4807 2399 4126 6794 5637 3439 6162 7815 1647 9993 9833 8886 3271 8295 4496 2270 9641 165 6831 7687 632 455 2094 2345 7926 9255
28 9714 3492 128 5349 1080 8726 3949 6389 5090 9889 7328 5770 6115 4098 3108 4934 7622 4305 5572 6549 1722 1274 7197 1470 2709 3840 8132 3876
28 2851 2550 5197 2940 2186 2519 8201 5457 980 4792 1309 3817 7157 3759 3941 5648 4740 5415 6957 5929 1388 2588 186 1786 5344 4237 3530 2406
28 6669 5336 4067 8906 879 1042 883 4145 8728 8122 4564 2887 2390 6026 4761 5378 6617 7181 8107 4142 9638 6254 7101 1995 1629 1022 3826 6088
28 6424 4246 9251 1809 6283 8046 8958 2238 425 1680 5951 5699 2017 5093 604 4080 8972 8480 4372 1394 9938 1529 1974 5764 1765 8959 7921 5227
28 1641 994 7358 9592 6073 970 1160 4692 8874 3774 3402 4344 249 7043 5067 2315 2111 2333 3776 5563 433 8485 8647 859 2718 3653 1313 4364
28 9888 5613 6595 5696 9484 4694 1917 177 8528 4929 753 2184 428 143 4312 2326 756 9156 4451 9028 4528 2476 195 1812 4973 6881 6332 4014
28 2711 1925 7611 9933 8820 5144 3541 484 5278 3908 4857 9677 3705 1829 4213 274 8720 6689 9518 1992 4041 2199 6139 1237 5870 5471 2786 4871
28 6845 6578 5069 5461 5148 5051 5670 6274 5769 2286 3494 5282 9434 5450 3963 6323 386 8116 6789 3475 5250 2729 1978 8845 7804 951 9847 8395
28 6885 5967 7694 9378 5436 3318 184 4672 7390 8794 8253 7830 9618 918 2869 7778 6104 905 2131 5288 7420 6774 2437 9524 2712 9080 6269 1778
28 8057 27 5136 1499 3164 949 8320 8718 7405 7135 70 6454 7701 3974 1667 3677 8960 2321 6232 9125 727 9176 3424 2812 9705 3168 3956 7187
28 4616 6687 8710 2195 3845 3755 385 3830 4799 6412 2426 545 2878 1249 9547 9312 8336 9709 1291 2515 4073 3023 5234 4664 5549 3328 2668 7368
28 13 7216 9075 9811 9033 4252 3090 7489 3037 8603 5096 9821 7247 5135 6175 6119 9999 5150 7093 5625 4102 137 25 9766 7152 3758 2810 7756
28 9321 2090 417 6925 4715 8681 6167 7278 8398 7462 1493 2610 239 8925 7012 6075 6353 4085 5605 3217 4022 1658 3066 4959 253 7246 2075 9882
28 102 9166 5206 8872 2358 6016 3019 8249 6236 2055 5175 5803 9769 729 5767 5737 8773 5340 8671 9386 8069 3613 5140 3842 2329 6823 119 7021
28 1415 687 5529 3350 7416 2024 8012 888 848 2835 6705 1069 6581 1418 8630 9617 5484 2690 7762 8086 1077 6636 6593 7868 4228 6988 6240 2155
28 3452 4338 271 5553 2752 1681 3804 4048 4229 3212 4945 4582 225 7290 6450 802 3043 5131 8303 1230 3032 114 7799 3141 2567 3345 8879 8465
28 9215 9538 7496 8327 2841 6481 9864 420 4264 9562 9593 3631 6612 2973 7844 5662 7994 2886 9676 3900 4558 4971 1443 6251 426 7319 824 7908
28 8407 8207 7331 7516 5680 7158 1542 6369 5570 7419 7036 8552 567 2893 4258 4027 381 6526 6863 7507 7565 8344 3483 5402 1509 3308 6149 6656
28 8099 4303 563 3126 4716 408 9223 9350 1603 9376 9500 5694 8426 5379 9673 1832 6861 8626 1252 9102 469 9013 6659 4746 6447 4827 4832 1235
28 671 9243 4238 961 1855 738 8746 5315 4885 6268 5420 9187 3415 568 1353 6282 9469 8587 1823 2676 5004 8252 1005 8520 6136 3958 2532 8351
28 2805 5532 8017 7552 421 3733 6437 1525 5757 1207 4178 1163 7340 8255 7725 7307 1225 5672 5078 7780 9275 8126 6241 8747 2523 4683 2594 7134
28 2265 5049 736 2769 1890 4304 4313 2158 8274 6364 6033 2935 5219 7739 7493 8190 2445 5554 7127 122 7303 1202 1877 3208 2510 2915 9918 3386
28 4141 2496 1491 2963 1575 9391 745 8506 4831 4888 5509 2412 2416 1853 2464 8497 8757 4865 2592 6346 4626 5190 8706 4450 4702 5926 9968 5486
28 6808 7487 5908 5171 4152 1612 4069 3520 9798 3565 2547 39 4132 782 2739 1606 6180 5385 9875 7051 7904 1129 1811 197 6308 6028 8887 5666
28 9211 5241 7042 5310 9816 6966 1344 9182 9949 833 3055 6098 7589 6996 210 938 716 1578 2726 4972 9682 7169 3447 3369 6783 2516 7593 8314
28 7006 2335 477 9052 5448 1787 7777 4452 5969 9274 4443 3127 9233 6406 4368 8759 2043 7064 4886 3296 1251 7659 5039 5294 1227 448 8412 6835
28 2414 8730 5511 2042 5999 3332 9565 8793 1032 9634 9976 8437 3685 4617 4120 6226 6302 8571 2460 4464 890 4426 7666 3909 6159 7789 9697 2494
28 9159 4236 1021 3932 8765 9915 7800 4395 3185 878 4990 7766 2019 3806 5718 981 8226 2133 1006 3738 6108 8202 4505 4020 9517 1875 6650 75
28 9282 4796 5938 4717 4910 7149 5079 5875 2601 3545 5413 1915 3488 1029 4167 4614 3013 1213 7963 8048 7017 2503 9508 4407 6660 1446 4963 7534
28 4760 3911 1186 9130 9974 73 8756 435 6160 7876 7284 5249 4985 989 2032 5982 4118 1732 6775 7685 4536 7301 10 1790 9563 1369 5779 9982
28 7828 9826 854 9039 2535 4307 1238 6738 468 9919 7009 6510 6352 7962 6483 7124 8401 1950 2271 5271 4234 8079 7714 2667 1798 8916 4354 1868
28 993 3632 2916 8841 9751 5058 4828 8828 8476 1290 8878 3416 1650 2428 6706 7750 3890 4404 7357 7640 707 4000 8160 4297 2170 5216 3059 9941
28 1769 1364 5815 3373 5574 6255 5863 107 2937 4579 3548 8832 1489 2551 5214 4549 1117 1336 6127 5469 5743 217 4979 5538 1119 1464 6737 6121
28 2452 23 5898 3417 1631 5671 6427 1485 550 363 4921 3434 4930 8149 8621 8288 955 6938 2602 4606 622 699 1277 7517 6921 9113 696 5836
28 3236 846 5740 1278 6869 221 2673 4185 204 6711 3280 8931 2121 6060 5577 1819 8837 4812 4618 8340 9114 7452 441 2328 7050 1615 4037 2994
28 4065 6347 1746 1417 7485 1133 771 5084 6331 1849 9917 3310 8435 1879 4276 3616 1161 4847 6020 7646 7269 8951 3586 6339 2514 5667 7474 7492
28 7822 6785 4481 5534 8530 7668 590 2409 7693 1259 3298 9309 2004 382 5104 5531 4780 6443 8056 5267 2002 4729 732 3237 621 8272 3038 7417
28 5233 4057 915 4607 8910 4053 7467 9880 685 5407 6914 6948 5691 947 5956 5485 9140 9567 6394 4508 136 7339 2953 2261 7223 5507 8774 7049
28 962 8472 2855 9785 9515 4082 8093 8741 7993 3608 636 1436 71 2500 700 4328 6884 3728 8496 9519 1019 7600 5286 9020 638 9927 6189 1993
28 1965 7222 2418 9128 2906 1913 6859 3934 7629 2646 7352 5291 9490 4160 5202 1456 6079 5357 72 2073 1475 7562 695 5615 2571 8574 4345 212
28 2652 1893 5794 9606 9273 2439 3348 6979 4577 2243 2522 292 5080 3003 2077 5622 1848 912 2974 6870 2240 2669 2392 8535 860 2999 2829 9343
28 9054 3929 8513 6961 2815 8421 7526 1258 670 6472 2924 3490 2465 522 1517 4113 3204 744 2045 7825 7182 9631 8045 9924 4479 3962 5717 6804
28 6021 5245 2604 6117 5258 4530 3205 9437 7755 7291 8862 2897 1459 7973 5804 4839 9419 4143 9083 8704 9541 9146 2612 3729 749 6435 1001 8114
28 4574 3128 7014 2965 3557 9027 4298 2738 5434 7190 9654 223 5847 3609 2837 5546 2653 241 4023 1273 4968 3133 6239 1580 573 2273 8583 2681
28 5354 476 7648 4480 5520 9229 7117 8646 3320 5749 1092 2913 6368 5833 2220 6350 5958 100 7083 5871 9206 4427 4270 6325 8516 9687 6639 9969
28 2993 9288 8297 4436 6123 3242 8532 8256 4325 1671 7753 2188 1796 6208 920 8168 3895 1652 6691 748 6834 3309 5571 7125 2749 7817 870 1651
28 1377 3503 5134 2037 1025 9302 6105 4950 7105 3105 9970 5811 3094 3568 3684 3370 1088 2229 4439 6383 1200 7055 9661 485 9679 2268 7178 5208
28 4634 1035 5462 1175 3391 7327 4137 2679 6553 5687 972 4565 9287 1294 99 2187 5447 536 9511 2641 9062 8157 7360 1576 5569 4890 8092 2630
28 4322 9791 665 5751 1220 7842 2782 5512 8262 8013 6252 5000 8538 3382 7831 3599 5631 3276 4499 6349 329 2363 9198 8779 6533 8501 8768 7936
28 1660 4949 6664 3264 9139 4553 964 8911 8680 4958 2062 1960 3360 6457 2939 3343 7500 8396 6505 827 6290 7895 8836 1815 3959 7843 3403 1648
28 7914 275 3471 850 8751 6027 5188 8263 7142 6860 9857 6674 2977 9185 9177 388 3319 4299 9896 2458 5363 6089 18 7094 1361 8228 5897 3642
28 746 3856 6959 422 1210 9165 320 5911 9531 9254 1166 933 394 9367 4365 1736 9021 3088 3945 4554 4709 9536 4907 2990 1428 2041 6264 9802
28 4804 3665 3302 2755 5705 5210 7598 7316 1028 2802 4281 7432 9655 1936 270 2658 7803 3125 1884 5866 8467 298 8556 5386 6360 501 5481 411
28 8653 5583 928 676 3455 5318 1340 8000 974 1872 7776 8558 9280 4045 6624 6565 3960 3378 6199 935 5143 3655 2434 4584 2942 4998 4256 5690
28 445 286 6623 9636 8063 4567 5925 1127 5802 8309 3194 9116 2833 9010 7271 4814 4164 355 9901 7504 1438 9652 6478 3157 882 2616 6524 2582
28 1387 9850 8592 3682 3442 6868 6341 2853 9314 323 4223 8861 5063 8137 264 3978 461 4609 9473 4233 1987 506 2978 4531 5747 2143 1345 3006
28 9872 6001 544 8885 3898 5610 4487 4874 8042 4652 2100 2044 1962 2903 6426 1536 6621 755 5458 3357 8361 2875 5341 5582 731 2357 5953 4678
28 1753 6671 8566 1398 9937 1740 956 1730 7835 5059 8859 1172 3849 2560 9595 903 8210 538 5616 1356 6259 3469 6541 1209 6002 8891 869 2288
28 1472 9447 7529 5668 873 208 5916 3604 2179 1011 199 5818 7150 6253 5842 6223 5242 4261 6839 3052 988 9205 2079 856 6704 5928 6974 5823
28 7313 7984 4503 2930 6912 5201 6395 3427 1839 7812 4374 4456 331 6749 5540 5758 2945 812 8138 9746 3413 8531 7520 6577 8559 6271 8816 7688
28 3877 1424 1751 6459 9263 9874 1414 3429 4457 3850 3286 7554 8989 3132 5947 8534 650 1702 1426 4863 7198 8763 8084 9065 7930 6397 7294 7341
28 9284 6597 8481 7020 294 6746 9394 7981 7468 3398 4021 3721 5894 580 6742 6653 6403 8866 4806 9142 1922 2619 8393 6366 4412 6266 3901 3818
28 2823 7720 5031 7976 8277 8178 9898 190 987 7415 648 5169 9081 6892 7199 9564 4570 8429 875 2023 7686 1827 9637 9277 5907 9904 1559 5453
28 8948 8543 6482 5298 6922 813 6112 6538 5510 7784 9979 1742 3464 7588 9326 7564 6905 2246 148 3097 7302 9306 6911 6011 497 3816 8443 9204
28 654 8468 8969 1152 3009 4030 2770 4589 6296 6800 4844 3846 7846 2082 9355 2631 4482 7410 8839 3915 5145 4463 3084 4961 47 8484 8945 6301
28 4801 7030 6992 9806 5868 6485 7872 1299 3654 2457 84 4284 6187 1482 9453 5730 9587 1623 8331 5338 5888 6801 6799 5946 4437 8024 6561 9307
28 9446 6214 6935 7351 3 1229 6299 9324 4640 569 6183 5411 1261 861 3463 7515 8843 9465 8674 3768 8102 5922 2454 7644 196 7261 224 8009
28 7426 698 227 896 2914 1794 2918 4341 6872 5603 521 3020 2818 9217 2369 7212 2663 2029 1087 6558 9132 712 8940 8058 6181 24 2456 7887
28 2672 523 7581 2506 2049 4887 690 3299 9231 2654 3670 9855 5451 643 2348 6594 5081 2173 7632 4876 6886 6858 948 8749 7810 1540 3202 419
28 4473 4701 9492 4006 2966 3238 9665 6615 9554 4997 8222 4212 8775 4288 278 3939 904 6678 3394 3365 5892 1989 7977 7457 9912 3030 7850 8898
28 5955 4757 6231 6284 7482 7176 1593 2433 3678 1269 1000 8892 9458 8814 1451 5026 5205 8643 1101 9226 767 963 5445 3614 9698 3138 3106 7234
28 2636 8406 502 8829 837 4323 5228 5176 3912 1074 9983 5289 2877 7696 2006 112 7236 3432 2941 8735 8071 2443 1112 3459 1881 6762 3381 7641
28 3611 5939 4808 8273 952 7910 9745 9533 219 8466 452 7076 6386 125 4855 1050 8196 8119 4399 2366 3206 5992 8811 1728 5633 3645 3422 7348
