2 8890 978
2 7468 7678
2 7227 4818
2 2418 8727
2 8227 5067
2 2384 6686
2 8670 6753
2 7013 8824
2 9121 7632
2 1135 2939
2 7716 820
3 8773 4646 1452
2 3654 8596
2 7948 1190
2 2176 4557
2 3647 773
2 6321 1555
2 3321 8730
2 9459 6610
2 3202 7376
2 5991 1344
2 2736 8994
2 7325 7909
3 4679 9044 1545
3 1178 5553 1114
3 6252 1023 6090
3 563 872 9693
3 719 4006 9359
3 9927 5891 3897
2 4829 4469
3 2573 3246 1293
4 6039 1844 3809 54
4 3578 2346 9921 0
2 8967 4325
2 3358 4793
2 5480 2445
3 9550 4528 7482
4 6031 1529 4868 4778
3 7109 7684 3824
2 8965 9824
3 3696 3729 9530
1 2591
2 2718 6018
2 1192 1626
1 4887
2 7575 7025
3 6403 9186 8047
2 5983 7809
3 7913 2751 5969
3 8578 9346 3861
3 2015 9249 6143
1 5982
3 311 8719 4417
3 9913 1246 4949
2 306 2669
3 5649 2412 4604
2 7804 9723
3 3708 3341 7713
1 7110
3 1105 7122 1284
3 8184 23 835
5 8758 1206 9418 3926 7239
2 8088 9049
3 2660 4476 8429
2 6377 7773
2 476 6600
2 3608 180
1 4796
3 1563 9019 7522
4 8878 233 4736 1064
3 6912 8253 3111
3 5091 9569 7105
3 7862 4838 766
3 1817 6644 2746
1 1880
2 3539 6441
4 9449 211 6238 1956
2 4027 7813
3 666 7075 1022
2 1399 7458
3 8071 4390 6520
4 2297 8605 389 7519
4 3147 6515 9451 2502
1 1855
3 8711 310 1140
3 4644 4588 9914
3 8306 8397 995
3 1803 1922 3638
2 9483 3207
2 9954 218
2 6544 8345
2 4011 9803
2 4411 3491
3 7108 3230 923
2 1874 9868
2 364 5513
4 4948 7379 1143 3088
2 6879 5968
2 1778 2430
1 5903
2 2053 4023
4 5332 4138 8895 7937
7 3580 8290 7314 8546 943 4580 3889
2 9925 5059
6 768 3311 5295 4450 7383 1998
8 549 1866 8073 9109 6825 5382 4523 3870
2 7444 2951
3 7347 3709 8139
2 873 7061
5 4467 6591 3028 1327 3153
3 3381 7147 5597
32 2735 4090 8213 1630 5818 5748 3073 7870 8059 8187 9262 8737 1862 5967 342 6120 2802 7525 5804 970 542 7622 1790 7651 2744 2266 5349 1490 5644 4049 5331 6113
2 2212 5886
1 8563
3 7355 4420 3755
3 6745 2866 6834
19 1776 3457 4511 8902 4207 7710 8188 952 9238 4832 3689 2214 3805 2155 1849 6845 831 432 4197
2 3936 9515
18 1209 8840 7553 4080 2132 1046 3685 8820 2882 4470 9548 5802 6509 440 3179 7744 1088 8543
3 499 1061 5254
23 7957 6456 9347 9306 8784 3816 4938 208 7135 6188 8909 9082 3227 9919 2413 8061 3060 6427 6287 6535 7242 1878 6917
2 8192 5478
3 7346 1785 2709
1 9287
4 3291 7990 1706 8622
3 9252 8402 8753
3 9864 7453 641
3 1208 2486 7600
3 3362 5444 1015
15 3090 4788 864 3833 4493 494 2556 9229 6581 1316 4373 486 9601 1216 9099
17 4435 6794 3104 6765 8348 3468 5809 8239 4433 2021 5479 8975 9788 8999 5604 8949 7182
1 7206
2 3760 9910
27 3055 4475 2538 9191 8328 1200 6021 982 2464 3513 5603 8214 6848 2648 2931 1921 2451 3796 3599 5496 8206 9040 1129 7165 750 1722 7739
6 1560 7891 7373 908 1695 8422
13 8292 8728 4648 9289 313 379 6548 5134 8200 1763 8982 8606 6518
3 1973 8788 8000
5 1269 5721 9579 8571 89
3 368 4329 229
3 9349 3827 5127
1 1159
18 5018 5598 696 209 8614 4940 6618 5021 6907 3699 6678 8048 9621 4380 5346 6322 8441 2902
19 9313 6706 9996 8203 6265 2167 141 2790 4584 8481 3216 1538 6362 588 2405 4231 5949 1462 1009
11 1040 9090 7319 5920 4205 7113 9436 9372 4361 6499 5646
1 1339
27 5934 3743 5491 3891 3910 1518 9657 9457 3117 4034 5899 2292 8987 9659 1424 3137 4073 1298 450 3031 7452 1802 2202 8126 1813 7992 8738
4 7779 6463 6665 1594
32 1273 7640 1406 328 3601 5025 2904 3105 5888 2181 3493 5799 3451 462 2972 1639 8293 4594 8590 2017 1946 6054 2466 6346 5823 201 6432 8058 4680 1788 2203 4622
16 7952 8086 9852 1177 7380 1346 249 3135 6298 4100 1666 7767 3265 1642 9184 8612
3 5441 6285 144
32 1992 1735 1438 5510 2975 8309 6012 8991 8128 3732 6216 5837 6784 8266 1309 3782 5099 1872 2264 5005 6324 2903 127 1606 829 3102 6653 2027 6958 6819 7390 1823
30 4309 157 2603 7704 5060 248 8816 4957 8955 2585 9564 7309 8956 8801 8659 6451 9278 1756 7879 887 339 5925 6117 7033 9807 5126 8141 3125 5900 7472
3 8303 9750 1131
25 4839 2559 7849 1674 4196 9631 6413 6356 6024 2207 2543 2969 7931 4608 9152 5166 6431 717 6516 148 9124 3390 3023 4042 8147
19 1867 2941 3276 5500 7102 164 3232 3315 5394 194 6540 9933 6320 9588 4015 6214 438 6999 4473
28 303 5161 3249 739 2963 409 2605 4602 66 4605 4724 8827 9089 1541 6921 2477 3256 9945 4280 5098 8032 2144 6028 7800 9507 424 3063 3931
14 4058 3692 1407 3017 3566 3530 799 3145 1670 798 6988 605 8119 1680
4 1002 3225 5325 437
19 7657 8271 8104 3779 3632 7494 5241 3439 8023 8334 581 155 2923 815 609 3957 5877 3850 6080
17 7929 8189 2436 1995 2216 3433 9100 7679 7940 4121 5350 7497 3297 5072 4991 2698 2172
23 6466 372 1860 8715 7248 6475 4245 4713 3338 7456 3570 7757 4942 870 5664 9047 7291 2070 8411 1919 6355 207 1288
18 6822 2912 7230 212 6220 8194 6729 3952 819 9784 1132 5705 5763 1893 1847 8948 8718 9922
28 7070 8406 6849 8277 2198 9485 483 1729 3789 7041 5088 8300 987 6681 3154 5689 614 9896 505 5733 1754 3700 2877 269 7917 6065 2049 2868
2 6190 3559
3 4717 6583 8433
7 3371 5343 1024 4629 5679 1037 1546
24 4214 1815 5237 8274 6420 8747 2999 645 5087 9652 4209 2498 1041 3992 4985 3788 4612 2342 7850 9756 8623 1764 6545 9178
29 2519 9283 7140 9246 8979 3541 1276 3108 9524 8110 2126 9458 6932 2052 4689 5314 1264 2348 1499 9275 1853 4240 8354 2612 9660 2133 1526 9294 4846
6 1194 2717 5780 9048 4898 9690
19 8102 3655 2788 825 1830 2470 9392 1864 6248 5306 3292 7556 4727 1071 4005 134 4530 7069 9794
21 9563 3168 4873 1100 1240 4028 6537 7558 382 7926 9376 8745 2016 5384 1094 2499 7706 6005 1225 6465 2326
2 1376 8722
7 6381 3025 4255 6293 5437 3751 2265
20 1138 4586 5387 4635 3066 849 657 7762 377 5250 7065 6830 9682 7753 7071 4000 4952 1633 4678 2509
8 3693 9985 854 4065 2099 4337 1478 8572
34 474 1528 5727 6457 5112 6159 9666 2780 5957 4376 5917 5263 3818 7933 3228 9623 9822 9574 4786 2769 3550 8650 9400 6478 4708 3764 2215 1762 4061 1155 7100 3820 7943 4416
1 6527
8 6724 2166 9503 6430 2171 8038 8599 2448
13 9675 5381 567 1959 5593 2343 4559 4810 693 9509 5813 1586 3633
17 2465 4855 8566 4349 507 4953 5847 2760 624 7707 9153 1610 8568 5762 2747 1652 9878
1 3560
30 4078 3008 8736 9974 4170 7638 9640 172 3717 6357 9134 5579 6716 1725 9441 2156 1688 9225 6977 9879 4166 6406 7634 5450 8657 5687 6460 6976 7235 2488
4 5245 4836 3086 1018
2 7464 7362
24 3607 6115 4208 7428 3947 1260 5234 8445 8190 4990 3394 5221 5340 7009 3919 3136 9924 5 3143 9615 926 165 6212 4116
1 6517
1 4471
21 5324 3103 2233 9627 718 2825 5628 6805 578 2893 7610 6513 2431 6543 6256 2071 9883 1180 2487 3229 7204
29 187 61 1170 6558 2711 9469 3475 2639 1913 942 704 3531 9741 9838 7004 4426 3686 8247 9801 6376 9991 6531 2517 1059 9373 13 7742 8740 9614
7 9084 6633 1421 2981 174 9999 2806
2 9251 9360
26 1757 7141 3640 5890 150 4153 7434 1845 7203 674 6672 1779 7142 3494 510 3395 4198 5648 9964 2192 4210 8483 3533 9004 3284 5286
2 1381 4483
26 5970 5885 7028 3024 4910 9286 9680 9511 2323 2852 8876 883 4406 9987 7062 1772 1058 8233 8526 3018 6224 9599 3304 7496 7842 6323
29 606 5860 8783 3575 8713 6951 5777 3915 1977 7209 9617 1181 2797 6218 6331 6727 9542 9930 612 9867 904 167 334 5104 9984 6154 9448 2926 7700
9 1335 4495 3334 9702 1676 408 5742 4181 8865
23 6412 7799 7889 6206 7249 4686 3022 8615 1189 189 4532 9322 4340 2284 2793 8248 3363 548 6281 9739 5977 2196 6994
19 5693 5222 902 8448 4657 8609 2240 524 9810 6462 5171 723 3320 9826 6124 2592 4122 6152 4695
31 6901 3149 7156 6924 6741 7648 1527 8434 1601 8042 100 1239 2275 4623 6967 6925 9534 4768 173 7743 6359 5761 7919 3013 5750 673 8460 1487 7154 3792 3884
3 4352 4301 4321
14 1978 8587 8848 2782 3398 7994 4636 4939 1513 9929 8632 4052 8278 9642
20 4758 6649 7612 3976 8410 5668 146 5830 8761 6674 9321 2851 4144 243 8394 6889 4998 4261 8304 1905
3 3614 6960 3286
20 88 4008 1784 9869 1755 9341 156 5008 6596 5635 183 686 5103 7511 2302 9585 3741 5637 1559 4203
23 3629 4143 9452 200 3830 3605 8989 607 5238 8851 4824 8064 6085 6264 7521 2416 5590 5338 9057 8082 9895 5850 7986
19 6663 4346 1090 4624 4720 4141 8298 9232 3731 3432 946 8906 288 7200 3504 470 5404 8891 7623
26 3030 6269 817 1251 3821 7876 3036 241 7263 4756 2320 7916 5907 2078 8492 4906 2364 7189 257 1486 6435 2936 5117 6112 3478 5179
33 268 3527 5358 5698 4794 4665 8346 6360 4202 2992 9190 6280 1232 5701 572 6367 6134 6883 5472 6897 5105 7661 1310 2111 5992 1877 2344 2001 8658 5831 9119 8503 4490
7 6913 8792 3557 6076 1433 5985 5883
7 2917 8179 6239 4228 6222 384 3367
17 3549 541 9495 6245 5158 6133 97 8815 2805 7195 3178 2510 3091 1882 8080 8704 1304
1 1000
20 5717 4066 8739 3396 6922 3051 8167 9151 967 7614 9541 5908 5738 2018 4436 3868 559 7836 579 1645
20 4071 5406 3826 874 4482 5756 7191 876 1561 8063 2599 7125 43 4385 5365 1358 2629 7053 6470 9770
17 5192 5716 8055 3603 3740 2480 9478 3722 3027 9748 9258 7703 3964 4823 8581 8332 1740
27 8175 7463 3596 2899 3989 9874 8536 8791 3502 775 3675 461 4117 5995 3277 8986 3738 9989 4715 2849 804 1296 259 8971 973 2993 9326
29 2316 2020 8262 5572 6804 2973 1550 1272 381 92 8665 1937 4441 9433 7843 7659 5167 5106 4899 1243 1933 7798 5146 844 3206 7718 9668 1931 2606
13 4379 3257 2147 9071 7534 8028 6904 680 1789 262 1427 8070 4308
7 6228 2507 6200 9735 5914 7655 644
18 4525 580 1013 1524 1777 3453 921 3393 1709 2439 6102 7330 7056 9295 4925 5533 8490 4600
22 7429 5402 6877 4194 4502 4666 2178 9394 2128 1051 8339 5730 8822 3973 8107 8561 1007 7859 9714 4510 2516 4729
23 2432 8675 5743 1852 1221 9314 2937 8652 7010 6426 8843 6165 2835 2596 1033 5430 8469 1126 9147 5505 5232 1579 2145
3 4520 7015 7264
27 5445 6044 1637 4959 2957 8915 3114 8795 8367 8094 7066 5045 1679 2332 4365 4060 7488 1749 6249 5258 1073 1362 6010 5634 298 4339 3941
3 9377 6521 5449
31 6541 8564 1605 1984 5487 1121 7574 9353 9164 922 4171 4099 6237 4944 8257 6865 3592 8952 9230 7403 4858 2580 4603 8011 7247 752 3235 1383 1939 4926 2664
13 5497 5341 7512 1267 8940 2654 584 2710 4135 8679 9663 807 4996
30 4094 610 4885 5710 2118 7465 7554 3921 5783 3057 3435 3759 1412 4767 7808 6104 7130 5835 8743 7945 9324 4306 1028 1957 3407 8451 455 5825 5130 1801
14 7119 8458 3430 5711 3778 5557 8244 4698 8031 6382 1442 2593 6514 8199
19 700 2296 7210 6669 4807 6141 6078 6946 1944 6680 6602 3438 9966 9245 8702 3676 6158 6717 9567
18 5868 1228 7585 4863 9042 9065 5457 454 285 5391 600 5000 6259 4492 3703 4808 4320 9525
24 9216 3333 8586 6786 502 2036 753 3802 1745 1942 7830 9038 2037 293 7672 8432 1321 6947 850 822 3180 2608 4281 6650
22 423 1492 2512 965 428 5602 6523 4063 9731 7513 3210 3845 4235 8821 1707 8721 2894 712 702 8508 685 3914
27 3442 6952 3918 5875 6455 6255 846 761 9202 5622 2453 4937 4884 1981 7754 6859 4850 1535 2763 3598 5236 8478 6019 3771 8374 8078 5273
20 1315 2327 7398 3067 8440 5347 4659 1537 9833 6868 9072 1854 3536 5330 2759 4172 5138 7450 3503 8171
17 2883 9670 8699 533 1102 7019 7150 6582 7650 3905 8357 6894 7658 5141 3702 7146 7371
22 1515 8559 9544 9255 9815 1628 3414 7364 8493 8610 3496 1781 1918 2461 1818 7671 6891 8923 1983 836 6291 7112
26 3253 7877 8932 8209 2401 839 9557 5495 1369 2602 1700 9264 6301 4825 2762 7802 6038 8805 4148 8162 6761 6594 3835 322 5563 8625
32 8703 5769 2738 6329 6747 7792 128 4285 9633 4869 9610 1324 9647 7425 8407 9362 7701 4770 9333 7286 5872 889 6759 9445 7607 6106 1166 2987 3998 5549 5416 4243
29 6670 8420 6110 2520 4164 326 2537 6498 3112 2696 3345 1511 6746 4159 6201 9103 5016 34 9268 1308 9908 8752 4182 3431 1156 7290 9721 748 4277
7 8329 9411 3739 39 5975 1356 9097
17 9976 55 8978 7557 9464 4854 7778 7501 8237 6387 813 5152 3552 6477 1936 2300 4900
21 5440 9020 5517 3188 6550 6402 1553 4355 8798 7296 2729 2142 2263 3006 647 9865 7023 3728 9765 5020 1254
19 9003 9291 2742 4154 6634 780 5344 2984 8857 5556 4992 1229 6226 4082 8934 1280 9726 8201 2579
34 2061 7293 3579 7116 4233 3403 9926 9297 7874 3047 1222 9209 2385 709 91 7629 8800 9729 3925 7636 6157 5052 9665 8954 106 8388 8051 4294 2354 1969 944 2287 869 5542
13 2949 583 2523 2056 7884 2954 7609 7483 3389 9732 8340 9840 1562
16 7965 6418 6004 6409 378 6484 6910 320 5734 2582 3330 7218 362 8276 4811 9296
15 9619 6654 7768 4830 881 7988 4249 688 6855 8886 8946 4573 6348 3620 722
17 5299 1512 8892 8803 35 633 6247 6630 5658 684 905 1533 3324 3864 8230 6349 7601
11 5235 789 9011 9613 6762 3986 8830 6129 3705 5272 1425
27 9514 741 7129 7451 5636 439 98 8768 2653 1453 7503 2107 6864 9421 515 6064 2057 6561 1432 4322 6787 28 1397 5215 4626 7705 5467
18 1097 7198 6053 6473 2338 9180 553 550 7924 9658 8077 7782 5898 4275 1481 2677 6371 6524
19 8950 6662 5654 5540 6567 9751 772 8585 9687 4496 744 7090 2269 631 9257 9648 6769 6795 669
23 2695 8024 9851 8832 1986 9654 4658 1215 9466 105 2548 7763 9231 9718 8720 2204 2524 1026 5401 3441 4364 3637 8275
32 3156 5304 4428 3170 4833 608 1223 6836 7172 6818 3906 7732 8176 9357 8682 3859 2989 7654 8316 5243 5116 8687 6938 3846 8812 2918 5577 5316 4403 1732 1377 3042
17 375 2589 1625 332 1908 2754 3181 1016 2693 2684 8284 2476 2549 4774 7408 4127 3014
24 2571 4618 4583 7546 4826 7690 9477 5409 4872 8505 1176 7749 774 4212 3360 7340 3794 2792 6720 3419 9639 5010 5293 1359
1 2758
20 117 4877 2426 4815 4107 4914 6132 4415 1431 582 7510 7536 9578 2092 9903 7788 1074 7410 8235 60
31 2720 3564 2536 5746 9316 3786 1640 290 9450 1460 4593 7595 4503 1443 8193 8486 235 929 9335 808 217 4397 3953 3004 7560 289 7563 5485 220 7954 8558
15 4059 1447 4084 2881 9138 1721 4068 3163 9686 3061 4438 4572 1751 1322 6191
14 8204 8029 5954 7934 9737 8667 8326 2330 2308 264 4022 129 1285 8251
9 622 9920 9744 7097 8245 5919 5281 7844 8594
31 734 1794 4781 4546 7082 9805 5699 6000 4291 4035 1910 7282 5014 1912 2467 5632 1396 484 1078 7960 4845 9236 6683 6037 3600 528 2277 7918 1350 6051 8797
16 9679 3540 9267 6645 9199 3669 2977 4802 8958 3828 2619 9760 3337 5828 1087 8053
19 445 4984 8021 9965 6942 6903 7152 629 7014 8819 4569 9943 8473 2615 539 5489 18 8202 3081
5 2944 6208 6744 2177 446
1 492
18 568 7709 8323 8588 656 376 643 76 2680 9397 940 6363 4051 3166 2474 5812 784 1699
33 7399 2278 5027 5990 6068 5214 9813 989 5477 1201 8421 8882 6639 7043 9684 4347 6313 9288 7647 4988 8127 1741 4651 6459 1787 6929 915 1786 7297 1258 3730 2529 1646
22 7561 5615 627 277 7255 7226 6119 7882 1475 5070 4924 6974 3625 4345 1780 2876 2858 5229 5322 4820 8633 1213
28 3988 3245 2714 9087 2690 3840 1863 6985 102 5724 7445 7794 3746 9319 1979 8903 6874 9422 4932 8643 7942 9211 7027 5787 3609 6766 5471 1825
25 1066 9799 5808 2335 3129 199 830 9182 9410 5405 6243 7872 2063 3159 1253 1715 8922 9978 1759 2726 291 4779 6840 7667 3883
15 3167 3758 1363 3445 7193 5169 7971 9754 6692 5255 3515 5197 31 3733 8215
21 3555 9935 8435 2495 8653 9819 348 1160 2907 1428 1199 9112 4173 1423 2004 3634 323 4252 762 962 160
21 9847 7020 6304 4848 5686 7686 6580 9561 6066 938 561 9444 9456 1119 9708 8904 4174 9697 1663 1341 9058
31 6689 7711 8020 2293 5089 5554 5535 1904 7337 7442 6648 9481 3326 6393 4104 6605 8918 5123 4777 714 4477 9839 9835 3219 1753 9745 8790 898 6242 8331 3048
27 5335 5902 8484 6658 7117 1218 615 1508 3119 2663 5576 6962 7727 6056 916 6312 153 9053 5793 5482 8355 6617 7577 1390 8468 7589 8216
2 5371 7972
23 8477 9187 9406 8786 6069 3116 8379 6013 6121 1568 5001 947 9939 9175 7094 9899 2889 5747 8281 5653 2032 8838 4374
5 4048 7506 1713 9600 3713
27 519 9979 7180 2791 206 69 1723 1873 6261 4862 3735 8272 4353 2154 1307 6823 6679 1457 6554 569 4647 8522 4134 9358 6481 5960 5048
26 2247 9626 1372 2230 8224 8856 5539 7628 6809 1256 7274 4773 6898 9508 9533 8516 1839 2381 9904 2050 6108 5840 9764 707 8959 6339
18 672 8489 2079 1564 2896 8995 7811 3940 4772 928 991 25 7367 7947 2433 8389 8726 5454
2 1319 9520
9 6807 1113 5307 7438 8996 8373 9462 4419 3288
24 7475 6135 7846 530 8040 3972 5601 6089 3949 7143 8160 65 9205 3213 80 8006 6142 1766 8836 5431 3327 393 2697 3064
27 6831 9207 9052 2784 3317 655 2261 9681 8191 2673 4256 8263 9303 9143 2374 8475 2682 8512 6006 1049 1895 5912 5773 4333 6895 4157 2609
22 2920 9698 7435 2642 4404 5012 823 7682 3867 5910 7627 776 7101 8115 2462 7747 1925 5178 4753 5819 5758 3033
29 8731 8787 3148 892 5369 4225 7085 3666 7211 7479 8555 7729 2525 1466 9167 2209 2478 634 9624 3935 9367 5139 9553 9843 8295 3427 471 8808 5390
21 1305 3410 271 9385 1252 5751 9364 8782 6657 9513 4204 6880 6755 8936 5518 3056 6501 1654 488 4931 3588
15 8342 7329 9845 1111 6244 81 7037 3278 742 5498 4465 9076 4412 3903 5198
19 9752 1879 6752 5282 5626 2686 9158 7643 2122 5380 6495 1682 1554 9672 3917 5842 3959 8538 7733
21 920 2531 9405 6168 2539 4003 9135 9645 2110 4224 272 5532 5520 3296 6972 1808 6725 1935 5248 9146 3456
19 3444 2324 4414 9030 2031 9179 6274 8506 7490 1842 2768 4191 558 8759 6217 1144 8430 8862 2816
8 6198 1323 457 7662 5426 2359 3508 240
22 1664 3239 8459 3092 1843 3594 5815 2675 7903 3173 4840 2715 8010 8576 2668 6887 5461 2637 1435 188 7393 5790
26 9888 6780 2942 5466 8382 9382 2967 6438 5291 5952 3524 8229 4221 1394 4232 3714 4468 1690 6611 4971 564 9493 4976 5889 9960 6631
13 9409 6735 5377 9804 8173 636 5317 3635 3650 2678 7835 6015 5147
23 1543 6361 4537 1869 5955 3966 2731 6969 5193 8595 2630 2722 9083 7741 1525 3209 3548 7478 6014 4752 7878 7789 794
27 2135 2828 945 4200 8351 417 5120 2952 1281 2979 3785 3429 3146 5208 2319 4443 2299 2370 4362 4442 9946 4551 5893 2836 8083 6768 3158
18 6783 1353 3849 318 6173 1565 1660 7680 7630 2670 4950 687 8565 5509 8619 2337 5176 4542
23 3855 4882 9128 9595 1054 5621 986 9381 8413 1364 6389 4087 1702 8121 7265 3900 9653 5185 6335 8888 535 763 7017
29 5086 8149 5213 3160 2455 7666 8146 5182 4409 2119 5374 5298 1297 9015 6625 2850 6020 9435 3404 2872 205 5357 9689 2624 8487 8165 1976 8893 3349
19 3817 3990 513 3368 601 3537 2857 5465 7267 6622 5502 8170 4152 7720 7127 3844 2998 1367 9650
23 4494 9463 6875 565 2382 2060 7448 5690 2115 1930 4358 7793 5268 1371 6820 6282 3852 6773 7688 6482 7051 1408 9792
17 4687 5858 1697 7000 7579 767 6062 8620 4043 9403 7635 6225 1108 2749 5683 2411 7784
20 7401 9402 7677 5771 498 4029 9576 9156 2315 5094 5801 6059 2285 6075 8525 2136 1623 1077 4069 5334
1 5071
2 2288 8330
7 1005 6740 2112 6647 9740 2463 4474
20 7499 7064 1651 47 511 6023 8412 5260 4857 5794 8431 5080 4335 4936 9798 324 1056 1894 3611 2096
20 8520 3409 315 8207 1655 6503 6009 2173 1282 4314 8150 1042 223 884 5053 1385 5820 4286 7524 4812
25 677 4098 2006 2143 482 1500 9743 422 2473 254 5941 1752 6751 5184 6203 7504 2676 6945 33 1219 756 4977 3591 9849 8654
16 7088 8158 493 284 5662 2551 9836 2191 9880 5168 7815 7854 879 6614 8319 9484
33 4742 1384 5113 166 3461 8462 168 7086 9947 1963 475 9276 5082 3839 397 2885 4167 9779 5262 8616 7551 9594 5336 5993 5483 1566 5420 2378 2827 3447 9220 4968 5599
22 297 2313 3029 7430 5816 6526 9273 5962 9031 2645 8935 7352 5326 1816 2162 2379 4672 8666 9580 7157 9831 7
26 6916 4536 6123 3196 5285 6710 2442 7840 7665 3904 147 138 8510 9644 1814 8258 5470 6303 5327 3079 1712 4230 764 8701 6350 1153
22 7956 6656 1593 6756 9487 9512 8155 4017 5861 2121 5481 6571 3748 9363 2933 964 5396 8678 2970 360 6384 7467
27 957 190 4437 2511 8157 6186 7787 9538 2105 3970 1098 7387 5386 1819 8004 456 5379 3590 5945 4956 7233 6229 8839 4901 1858 2908 9637
23 4842 7864 2838 3424 7446 5054 992 7477 6927 6279 3211 5610 1747 8359 5136 5181 7892 8056 5580 7518 4844 5463 4886
25 8708 6529 9473 9274 9078 6718 3783 9130 7847 7633 3469 7381 1591 7368 6928 5383 2483 45 4030 8014 6899 1092 7673 1060 5745
22 5424 2429 658 442 4088 7668 9068 4119 2368 4561 2694 6873 5561 4439 6578 8914 2811 1542 6032 5961 5536 7950
17 7318 1414 4455 5090 1835 4744 6850 5211 9270 9848 8881 4175 8356 9609 3020 1615 6675
30 2869 394 5034 3865 41 9254 4782 3542 4652 7692 4326 1595 6268 833 5700 2935 8760 6178 1448 2991 5132 2796 919 1484 4967 6555 7136 4479 5414 5575
21 6695 3697 7104 4421 8133 9002 4645 5913 8780 1831 6452 2765 7250 5570 4004 5980 1940 6311 6687 464 2038
22 9581 9649 6851 435 8868 1627 7253 8806 2270 7080 7392 8551 2042 4712 8294 9453 8418 427 2251 5531 6603 5174
25 713 9820 4706 842 5507 6058 5719 1693 161 2527 6677 8998 1464 3968 8325 3293 1283 3118 9998 911 4272 9154 1085 4799 6870
18 8518 4056 8447 1326 7174 7342 9505 7316 6566 3454 4730 8297 7771 1035 258 8900 3492 4241
34 7928 6843 3208 2915 7372 975 7580 3585 8219 6392 9116 6814 5838 2919 1620 715 6379 7764 3463 9671 6272 5210 6094 1836 5154 9337 8944 6812 1795 7697 6070 1868 3975 3612
20 5300 7186 4184 6125 950 984 6512 5279 6041 8534 3222 7588 7285 7420 7050 4431 9861 9608 329 6170
24 9707 7993 8449 3068 4673 8085 9712 1 7344 1415 5933 9054 7259 4852 4258 7047 3001 6530 6688 6936 9787 2376 9829 1107
21 4637 3546 3384 3354 57 32 6048 5366 4965 1891 5062 3323 3682 6325 4722 1806 9338 1303 7989 2819 2840
27 4150 3236 3951 9282 3200 2305 506 9118 8642 2652 7769 6161 1393 9607 2025 8933 2913 4835 6790 3506 5506 3015 4972 1744 9129 9024 263
2 4070 7621
24 84 477 699 4935 4733 1634 7759 6251 6172 5684 7516 2444 8917 4244 1409 5475 9029 5151 4176 6035 4691 3347 8870 4662
26 3471 6767 2106 6164 8198 3411 802 3583 8937 4664 2966 425 9790 538 4947 7790 8749 2447 2500 4169 1899 2879 3273 706 6074 226
2 1146 8553
29 9305 3005 2357 4223 7406 9543 1997 6128 2180 5375 2377 7466 5031 6722 3174 2844 3016 8842 2587 1934 9780 4114 3280 4928 1262 7669 9552 336 845
13 4377 219 6410 4405 4709 137 7176 2777 7153 9519 6207 6911 4054
25 6694 7114 1734 481 5829 2982 9037 7162 5400 2702 8864 2402 3877 8343 5708 4876 7923 5638 7121 8837 3074 16 770 6241 8700
30 2986 8557 3572 4661 6711 95 4410 3616 5107 6305 4639 9263 9641 3466 196 5143 3547 1368 8314 6802 4001 787 8931 4754 959 6627 9010 9555 690 3711
4 1067 3507 2491 3857
21 6965 726 8370 5017 9549 9345 1613 2075 6416 8767 6116 8153 8081 2283 3472 351 7031 948 8156 4563 632
20 9393 554 6199 6202 5732 2000 1474 4274 4072 4128 8009 1342 9102 2124 9856 1703 78 6576 8825 7036
27 9325 1724 8425 6493 2422 1955 4299 5156 4595 9159 691 847 3752 918 3776 5320 487 4371 6235 1960 42 3911 3434 6782 1479 5661 3745
25 222 6502 5359 3426 7867 1503 9620 5433 7941 252 2246 355 5092 694 996 9755 6309 1769 8270 2822 7295 143 1204 3723 8925
18 4601 8302 5049 8254 7277 8529 3122 3829 6114 698 589 9862 7930 7775 1400 3742 6099 6127
31 9140 6404 9137 9401 6307 5205 2399 8823 6742 3420 7922 6886 5584 6902 3974 7366 1791 1047 3847 5862 1519 4964 1775 3597 3186 2392 6788 3359 4577 6302 3643
2 8968 2620
16 273 5227 7224 3512 1949 3169 5782 6699 594 1416 1034 3810 3890 8885 1439 1374
22 8962 5971 8774 9559 3544 4115 6538 9761 444 9912 5608 6793 2546 9547 6572 6511 788 6046 4735 3688 4432 3350
32 3869 6139 2641 5393 1489 6296 7631 2518 119 3807 1079 3775 7245 8631 6601 4677 2082 1587 5878 4834 2048 4828 5019 1770 4582 7902 652 6447 1014 8322 5190 7115
2 9763 5578
1 2887
21 4894 9046 1689 2566 3050 3680 6101 4123 8809 5486 880 1551 3374 8108 9081 604 9664 301 5834 4716 1086
15 3307 8630 6327 8464 415 388 3694 1411 6801 9471 3516 9986 9253 6 1020
20 1888 1332 3773 2783 448 7663 380 7068 4074 93 4625 1889 8828 2428 1333 1354 5895 6616 1705 2873
2 7284 7760
25 8509 5218 7357 7927 9705 2934 5650 9127 8694 7048 2867 15 4539 9299 2567 3980 3813 4915 8218 4934 1347 5257 2100 4614 2318
4 8310 7320 2541 5573
1 5226
1 7581
24 3281 8698 2424 3510 3199 3220 1365 7134 6098 7334 1875 5582 4092 9821 2311 7520 2003 441 191 5897 3718 5676 7192 7834
13 9901 3049 5887 1430 9897 6333 8793 5864 1821 7280 3298 6365 9250
1 4941
15 8640 6884 6547 4973 7535 2706 8099 894 7528 5639 3312 1021 9301 5294 4599
8 6607 1773 1970 6340 1422 6319 3161 7432
14 6263 3667 2074 3325 7816 9817 852 8661 576 5950 4500 8762 1118 3134
28 6815 1883 7287 661 7975 720 9575 2333 3054 9537 120 2220 8072 2737 6146 2959 8246 8097 654 5378 1797 736 1991 4284 4142 2334 994 4445
12 4307 2026 6536 497 6399 6197 9160 1736 3774 2812 2007 6995
3 7613 9489 5953
26 7861 1227 5744 8548 3991 977 6615 8671 6698 9284 843 8444 10 2740 7351 9092 4351 4748 2995 5624 2911 4570 5946 6087 1923 4747
14 29 6189 9636 935 4913 5764 4819 5140 2237 9021 2481 6914 5669 2983
25 2576 3651 9768 9556 5541 267 266 3721 2578 1436 3790 8007 3221 8437 8335 4762 2380 1241 4668 7978 9961 828 8641 8947 7133
16 6160 9733 2928 1186 6966 6597 5994 6562 3534 7363 5851 6072 4763 9540 5811 6060
28 769 113 9691 8573 4980 7243 1580 7685 330 6380 369 4113 8662 6306 402 7626 3593 3215 9170 8065 5703 3300 5345 7426 7437 5003 7057 8377
28 6002 7188 5948 9685 1588 1804 9104 6771 9949 5352 1746 949 2393 3754 7823 4136 9630 4388 5097 8387 5186 6276 5118 5625 6300 7436 7731 3630
1 2528
24 1993 4693 3176 1010 9757 7190 2217 1311 1768 6832 2234 2557 4628 7999 8672 198 7461 2514 1811 5736 5084 5749 7898 2627
20 2008 3294 4260 1313 6563 2651 708 7457 7078 816 9026 7194 6813 8016 6184 4751 8913 6817 3848 4140
25 7040 5881 109 8629 2657 9105 8681 5674 3482 9062 3044 3811 3271 412 7807 5484 9583 26 3034 651 4367 4401 4220 6676 2408
19 8395 1838 9412 5516 4020 4481 871 7275 6297 4012 6042 7699 3519 2454 14 8341 7476 5376 3749
24 7911 6485 8376 5189 933 3615 4024 4344 5844 2415 7498 4654 6262 8344 8353 116 4548 2088 8757 2815 4427 6405 7241 7201
13 6277 400 4507 1685 4704 7555 230 5909 9055 5997 8929 2298 4177
25 961 1609 7471 1530 9830 5663 3191 7246 7901 990 8945 5998 1871 592 1320 5810 8231 1765 6792 9587 3681 3571 3322 9336 7252
1 7433
4 6150 7196 8111 5979
24 6424 9166 5856 6003 951 4656 2781 8785 4328 1710 1299 7164 6824 3487 4423 4025 4238 367 8095 5612 3046 8365 3679 1446
24 9523 6900 4112 9890 5712 6984 4615 1349 9952 4302 3624 8624 21 985 6131 3736 1590 5066 7328 2703 4162 3791 6445 3184
21 6961 7455 8426 5425 3375 2577 9738 5660 353 8953 5201 2561 9894 8845 4381 7904 5412 9997 5652 9827 2773
19 2356 3138 6155 9586 6575 5287 3205 2809 8182 216 5976 8471 7997 179 7059 5776 5373 73 1473
25 7229 7687 1635 9806 4875 6474 2916 8259 2406 1211 3476 9192 8693 1914 7397 9379 1096 1659 9973 6145 4447 7719 2922 2134 8196
11 2774 19 2649 8035 1459 3767 613 3272 3252 5821 4795
20 24 7810 2748 4630 9625 354 4366 7693 4147 2125 6397 8549 6564 620 5223 2091 8249 2310 8113 3922
25 585 4387 3329 730 4705 5678 4139 6989 300 2407 979 5559 7077 5785 1604 9447 9460 2572 2795 312 8729 9307 3853 1456 2964
5 5562 1027 5296 3887 2862
4 3193 4317 3388 9398
15 1833 3197 1142 856 6480 867 5064 350 1286 5589 1289 9528 251 1426 3737
16 489 2123 4761 210 9497 5124 1947 9474 7599 6560 71 5164 8240 5348 7899 6935
