29 6975 8315 3503 5031 6459 5520 9229 7117 1730 9531 4958 2062 9309 9458 8814 2369 7212 6403 8866 4806 6383 3413 8531 7520 3098 3959 7817 1559 3006
29 8450 445 3128 7014 5751 294 1740 956 6538 5510 3850 3286 4456 3849 2903 6624 903 6621 755 875 9746 6259 8157 6478 2990 6921 9113 6524 5065
29 2139 3968 7984 6664 7020 3455 5318 6299 9324 3654 2457 84 4284 6187 1936 7271 8534 650 8429 4399 3052 4709 8763 8084 1576 5569 4998 8945 7341
29 7678 2636 286 6623 7351 5868 9027 9665 3429 4457 9363 648 5169 9081 6892 5947 6653 4570 3125 1884 827 8557 9680 8902 1728 5907 5928 6974 5823
29 6198 1769 6597 8566 1398 9937 4323 6112 7981 7468 3398 2100 5818 394 7588 9595 112 9587 1623 8331 3915 5145 2619 8393 6366 4695 3645 5953 3818
29 8232 1472 698 6482 5298 6922 813 2782 4134 2179 1011 4281 5442 8775 9010 9177 6594 8210 7975 6839 5421 5892 1989 6911 6011 731 2357 224 8009
29 9670 9688 5245 6992 850 9263 8178 9394 3427 1839 7812 9979 4565 9287 5833 2348 7564 2945 812 8138 6558 9132 712 9637 9277 8559 9904 3901 5690
29 6261 1141 6671 8481 676 4195 5610 9898 190 987 7415 4460 3846 1962 8901 669 1050 6905 2246 148 5866 5143 3676 6799 5946 6533 8484 8240 8898
29 1711 1387 1247 8969 1152 3009 4030 5228 2433 3678 2654 3670 7554 8989 6253 5540 5758 4482 7410 8839 1356 7686 1232 7977 8779 6704 24 2456 6301
29 3060 1415 6214 6935 4006 8063 4567 1593 4341 6872 5603 521 3020 2818 9217 1830 1536 8843 9465 8674 5338 7198 6801 6782 8810 5633 9505 3202 419
29 5634 4574 1035 1751 7976 8277 1229 6395 4589 6296 6800 4844 7076 2877 7696 9355 3939 904 6678 3394 3365 1922 9306 4907 9065 2093 6762 6561 9307
29 1134 8948 8543 227 896 2914 6746 7872 1299 4640 569 6183 4212 3464 861 3463 6223 7236 3432 2941 6373 7302 6858 3084 4961 47 3404 1350 2288
29 6812 4760 6600 8400 2506 2049 4887 690 3299 9231 1269 199 1524 9068 2082 1866 9757 7999 478 1087 4781 7137 5025 2454 7644 9698 6266 869 9204
29 9861 1377 6154 2557 9669 5182 3238 7464 6874 9425 4691 1000 3721 2606 1308 7088 5026 5205 2029 7041 2366 3206 5992 5445 3614 7810 3816 6639 697
29 5604 8085 4701 9492 9095 3347 2018 1414 7927 3912 7784 6820 8892 7150 5027 9453 9564 7129 8119 4357 9142 767 9205 948 8749 1881 3030 7850 7887
29 3516 9321 2442 7581 4151 2966 1760 4566 6764 9554 4997 8222 2780 189 4748 1451 9852 5174 5186 7632 4876 6886 5922 7754 5582 6008 1540 4254 1990
29 8980 4804 552 5914 7279 4834 1794 2918 7592 1620 6715 3484 4869 5451 643 9326 7515 887 248 3916 9226 8071 2443 1112 3459 5231 8891 3422 7641
29 1408 7313 8128 6890 5855 952 7910 9745 9533 219 8466 452 9855 331 1482 998 8051 5081 2173 3248 9926 9331 5085 735 8219 2819 587 8443 8670
29 4904 5233 726 5564 9735 2201 5052 7988 5772 8700 1074 9983 5289 6386 125 4855 7378 5688 4860 4359 5623 8102 4462 5624 651 1975 9003 6842 4275
29 1566 4049 523 6093 8829 837 5229 8285 1802 5843 6385 8008 7560 259 3061 6439 9400 7248 7023 2997 5630 7140 9514 8940 8058 6181 1727 6810 7234
29 2234 7545 4066 8851 6284 7482 7176 4597 6615 409 2558 4818 3955 709 4288 278 2475 1073 9929 2259 3768 9840 5088 8811 7457 9912 3138 3106 9958
29 8103 4473 7030 7421 4777 684 6554 7513 1127 5369 4204 8245 6449 4825 664 2006 6530 4059 8082 1101 2543 1699 8622 6141 2885 2308 4461 6663 7348
29 5266 5062 6931 6699 8438 5860 81 2771 7880 2280 9760 636 1742 5579 7298 6846 5730 1495 6058 1426 4854 4173 1912 808 6832 4437 7002 3305 7796
29 835 2672 5939 4808 8273 4573 9540 4975 7541 2538 6210 7863 4316 3368 6757 8882 8370 8196 4261 761 3140 6642 6101 8433 4360 205 9987 3381 3107
29 2717 3198 9117 9891 1745 5829 6618 9407 8553 1810 9260 9815 4873 683 3828 4332 9098 5239 7848 347 3749 4537 963 6602 3111 8981 8011 9109 9212
29 9151 7179 3551 450 4529 8693 6292 7751 2027 111 1218 4544 798 3926 4371 9707 6607 4946 285 967 6937 9245 5932 3352 6688 1939 3074 9643 2388
29 3883 8896 1060 9470 7699 3323 35 662 4724 3785 2260 1402 9809 924 7702 3495 2216 9262 8643 9239 6896 6122 6281 1527 6916 6573 2925 3334 233
29 2922 929 5008 5965 3064 5460 62 5433 1888 902 1545 9012 9072 5024 6345 6072 5594 4522 444 268 9341 346 8010 4039 7453 5711 7435 3580 4977
29 2822 7006 4989 1014 540 7845 5499 9238 9495 3887 3313 9090 3131 7989 7077 7859 2888 2663 8420 4086 5494 5684 8789 3374 6943 6153 1550 1268 9138
29 5959 601 8406 2777 4824 2352 7974 4282 5176 358 9921 7108 4892 3136 3700 4317 7836 834 2521 3414 8705 317 3469 6289 2257 3406 5844 8932 6906
29 5371 2414 4392 2836 2570 8714 4788 3297 4017 1602 3794 7767 5106 1544 1873 1598 9047 6466 9534 8817 4731 1528 1372 7376 1834 6013 5317 7697 969
29 3448 4634 8366 8919 4560 2168 1165 5587 4251 1310 472 9812 4696 1097 6772 623 9483 4555 3885 8198 8662 269 9691 8742 3527 9347 2371 7806 6787
29 9141 7914 7946 8717 7084 9752 1095 6522 2536 1007 5142 9029 4266 4092 6006 6048 2979 9551 7079 6087 6894 9775 9167 9620 7713 9542 5513 7153 3048
29 493 2823 5041 34 9804 3992 1677 308 7768 4562 5508 6287 4136 8661 1721 9359 6170 1611 6487 9316 9000 9574 4463 4105 7521 5285 8317 5551 4300
29 2863 816 8432 9646 2614 4629 795 8831 6744 5935 5238 5983 8106 6993 376 4471 1927 2568 2026 4670 4333 728 520 9977 9713 8077 5774 6955 6216
29 7245 8246 6319 6231 8324 7769 2167 8609 141 5146 6188 6918 3839 2092 2534 693 8999 4043 4202 4837 6934 9225 9374 5359 8522 6052 2059 561 6413
29 3160 1660 3361 3640 4046 6995 2106 9055 1821 2303 4292 9281 4002 3798 6338 3853 4240 7438 8921 9195 6529 6196 1481 9572 3450 6532 145 9015 85
29 6781 6891 5149 2482 7650 9708 7637 5446 6212 2843 5189 4728 6378 2859 831 9716 86 3820 7476 9337 4330 8676 3977 7857 9353 439 4698 6952 7215
29 5832 8404 6720 4068 6910 2746 6125 5742 5739 5568 3078 7925 778 2577 2342 917 1840 3805 1941 7582 6568 1703 8427 1874 5536 7553 4940 3472 7652
29 3155 9742 8568 4214 3172 1448 4495 8737 1932 4521 4163 3986 8821 9792 5720 751 7758 9471 4572 4861 6019 6855 1110 7048 2269 1115 6755 8216 7502
29 820 8644 256 4803 170 9115 5883 9184 2950 6630 790 1329 9057 6809 7557 7171 3250 3571 2700 5335 7716 7113 2025 5629 6717 5466 1891 8539 537
29 6428 957 528 9787 2293 4248 3346 7944 2435 2707 1694 5036 9218 858 4862 9588 2484 8425 3419 272 7940 3200 6316 828 7332 3710 3101 4791 2149
29 6507 7613 612 2228 6983 7625 8991 9599 106 465 373 3603 9300 1701 5820 7233 9197 2407 9706 5920 797 3980 9789 3948 787 4682 2119 1665 2980
29 9053 8394 1896 702 1560 6657 9537 4377 6978 6567 2931 7906 1919 9158 8807 48 3641 4509 1523 6682 2172 7913 4651 7354 7551 5559 1801 9555 7947
29 1666 750 6729 6250 817 404 8711 3326 1306 4370 8511 1861 8144 3923 1914 8550 4125 2425 3408 8997 3097 9479 1501 2483 1957 617 5002 8180 5707
29 8725 8579 7704 4802 5128 5308 8992 9546 1167 110 8318 3606 7377 1144 6716 6904 1571 1403 3329 6270 1696 3230 1646 2383 4416 4995 9293 6142 2480
29 2368 9925 548 8797 3953 1907 4942 6036 1354 4931 5023 7071 741 6010 5265 5752 418 9553 5773 3255 7797 6536 4121 932 9034 1316 4643 6680 3504
29 6430 8724 4170 6635 6936 6681 1373 6703 7561 8627 5119 5292 4612 2743 1963 6837 9409 6512 481 7573 6004 8806 3521 8576 8100 3906 4699 3957 2611
29 2600 4801 7569 3383 6150 3036 5744 1770 8581 2624 9093 881 6693 4423 8883 1439 3129 8319 7578 6777 7819 9086 3823 5719 2721 4291 637 6498 1911
29 1434 1595 8386 3501 3462 357 6816 2410 6750 4031 2509 5584 1034 986 8864 3401 7499 2411 1058 7956 8452 1355 6420 7523 517 5950 6029 1851 7460
29 7833 1938 1348 6168 9416 979 908 6057 8251 8289 3229 4519 9497 6082 4420 8475 3886 324 2307 9693 1561 5576 6465 4326 8803 9001 2291 5470 4644
29 207 9764 7494 5997 7151 9625 7286 7201 5496 3675 59 7000 2148 3011 4011 7102 4955 263 7285 3638 3964 9684 6517 8818 1281 6203 4793 1106 5638
29 4182 7566 4794 7689 4415 3283 6985 6128 2194 6572 5068 4153 6813 4081 5015 3896 1886 5806 3371 2272 4225 6066 1586 6 2626 891 340 3829 9700
29 4506 3145 6062 5537 6275 5423 1674 2644 5376 2274 8988 7195 1214 7388 8436 3389 3213 6940 2022 342 1334 7451 267 814 2214 6377 4058 1484 7010
29 3153 9446 2803 1192 5483 3050 4627 6359 6436 290 8944 3506 2548 133 6544 8095 6930 2200 5123 4301 3017 2196 7389 4038 5936 1937 3083 9349 5320
29 3042 4830 4166 7752 1250 238 473 3335 36 1871 3637 4435 8824 4583 1892 5356 8276 2047 9528 6736 8021 4445 7204 7220 4905 5398 2807 845 1177
29 3216 1030 9635 26 2756 3380 1055 5580 9954 4388 5384 1708 527 6728 1905 1894 1057 6400 1625 1201 3282 7920 9193 1583 2962 6041 5609 4767 2678
29 2758 9440 4878 5545 3735 4391 1639 7379 8322 9289 4684 6586 140 3695 5072 8597 6924 3552 8171 2208 5620 6194 4324 2991 8043 480 9615 2493 7907
29 7849 3562 5973 487 3762 8074 7022 6643 3558 9854 7062 7345 8734 5118 2165 6692 8529 8758 2118 3245 7160 8430 8853 692 566 9894 3024 9724 4789
29 5254 9194 1734 6416 8193 1562 1138 5323 1098 2989 5314 1622 5791 8115 157 9390 9292 4406 5617 7283 7211 5995 7902 1878 1378 9710 3289 7608 2504
29 701 3265 9200 5881 1964 4655 682 9235 2247 5975 5781 6574 5405 1176 2761 7265 9525 2379 7040 3600 8473 8280 9503 4468 399 5809 9152 2530 9527
29 1179 5552 3765 7394 1505 5945 3836 8239 9362 1679 718 4657 8507 2686 5048 5114 4538 8217 7189 6788 1357 3053 4210 4741 5275 8682 7631 8096 8696
29 2734 7760 9417 191 9079 2085 4096 513 6854 8904 5856 4882 9179 5306 2882 1535 2821 9776 1624 7095 201 6903 3712 7128 218 4840 578 2296 7207
29 3117 3210 9037 5345 2304 1644 2677 1004 6919 8783 4201 8191 7958 4919 2759 5299 9794 222 2128 2473 5893 8136 2160 6209 3239 7858 467 2249 8636
29 8172 4107 5195 5156 9385 9462 4278 1898 6312 2960 2068 1158 5347 8826 8279 9931 2714 4453 9928 7624 7255 3861 8308 9881 4061 1943 9358 7422 5738
29 6933 1204 4797 1140 9984 5658 7572 5596 2574 8182 2078 7672 2825 6429 1458 4351 7626 3068 1338 6140 2787 3338 1782 3478 892 7107 8037 7899 3399
29 2635 1187 7395 747 6407 2036 7185 8365 74 8723 1431 6648 564 7620 5230 6147 3961 9046 6739 4719 2831 5089 8633 8770 344 6667 9018 6865 3531
29 4611 3782 281 7120 2573 7519 9494 3669 3745 1897 8652 3553 5828 2589 6670 6998 131 1763 2839 9429 6023 5933 3165 8985 79 2706 9438 3918 1793
29 2820 2766 5503 6155 2135 2394 2569 8790 7338 8974 1837 7935 6434 3584 5075 3525 6492 803 7879 3372 4206 5364 5243 5686 8515 2703 3522 966 4712
29 7080 8090 2332 8586 7323 5251 1276 6099 3882 5074 332 2052 7056 3981 3983 66 3073 1156 5212 4786 3787 9298 7933 3996 9962 127 1327 1946 9481
29 7590 6488 6245 3005 3410 8766 1282 4231 1411 4413 4679 1754 5137 8686 4925 1068 1383 9077 8984 2596 8809 1072 6723 149 4337 6012 8744 9403 6511
29 295 8299 7574 7894 9966 1462 7488 8679 2728 8486 1082 9910 2705 5817 337 8422 1391 5573 8491 6589 6984 8357 897 3995 7289 9535 4552 2213 6441
29 8044 5645 1468 4458 3763 1123 9329 5170 5556 230 5297 9529 4428 7001 1774 9609 2206 5825 4162 7634 3965 5656 5649 2694 44 3717 368 3540 1637
29 2182 8440 4122 4169 3268 2401 7203 3079 8642 5045 7942 4047 5689 109 5994 9252 6991 297 7495 97 8397 2461 1328 6053 1449 2737 2467 7066 1864
29 42 1359 5941 3333 3950 6113 4183 2591 4745 7078 2909 5647 3290 7682 178 7069 7159 6009 801 9512 28 3864 2987 1538 1287 6637 5543 1397 5921
29 4115 862 2793 3519 6382 4227 740 185 3182 8993 4262 7122 1988 4749 6433 9325 5627 8519 2227 508 1902 5715 9623 4790 4984 8987 5375 4923 6164
29 9475 9340 8205 3312 4 158 7870 7441 7748 5403 3813 4440 8899 6811 5962 169 2466 6315 1931 2665 9578 8474 1628 1869 3930 8376 9463 8307 9799
29 156 4661 8657 6402 5566 2768 232 2232 3905 7745 5397 9689 2389 6735 7948 5943 2387 2485 7141 4879 4668 786 4403 6569 4798 4026 1295 2016 900
29 1959 2563 3258 6493 6374 5360 2391 2337 7931 5425 7610 8562 2397 2354 4226 7853 8599 3253 244 2650 3935 3497 942 5728 3943 240 2441 5930 5193
29 2921 5524 5324 6864 5826 5797 5912 9406 1149 1120 1643 3825 832 4343 1507 3692 3837 6649 840 3337 3597 9373 5319 6631 7477 7478 2306 265 1363
29 4172 3581 5608 1205 3811 8701 9467 9571 3192 6523 9973 9087 6585 7300 2056 4148 514 3109 4787 7366 1078 1162 4449 1686 8110 8164 8928 2809 4184
29 6440 2163 7115 61 9956 919 8933 3001 5878 3215 8655 2120 9222 1952 4918 8780 2108 3184 3007 1748 8729 4283 8772 7287 2095 9064 7029 2585 8909
29 187 6257 1330 7979 6030 8615 2053 4969 2489 3304 620 5501 4952 6388 1498 4177 2256 7733 4924 2598 4725 2102 5358 2282 2559 806 3072 5284 3708
29 7759 3902 8654 2512 4050 8162 7952 7110 6218 1555 8602 7039 2276 6780 9207 6540 6106 3113 8156 9911 8930 8275 7224 5017 9865 9099 282 6806 2084
29 1785 8698 7251 4769 8083 6444 7259 1151 689 2947 3835 4383 322 4425 965 9712 9810 4244 5733 9401 154 3270 3022 3135 3988 4811 1697 4605 7272
29 2854 9594 7439 2933 3518 309 393 541 3803 8316 3262 8214 5661 8938 8650 4277 1173 7932 9509 591 4932 160 7498 4510 7119 6673 2895 6830 7911
29 3425 4469 3533 9227 2430 4784 7408 4358 1541 2832 5055 4019 9466 6701 8135 361 9323 5810 9174 1164 8580 1514 8905 2884 7121 2448 5257 2719 7722
29 8854 8372 5846 6871 8282 6677 6766 6295 3544 5838 3791 2943 1618 8390 8601 7044 3605 1231 307 7070 1332 5449 4176 2115 7923 8660 1270 6598 519
29 691 7132 3534 5113 1863 7147 8594 5010 6186 5183 7336 9704 7007 7740 7919 7893 1469 3293 5463 2192 9137 7254 3699 826 9759 5937 5948 7841 849
29 3190 2648 9957 2858 4386 7436 941 80 793 2132 2083 6707 1920 1321 7112 30 5790 3231 3615 2639 3933 5328 3627 4783 2533 6654 4592 9544 2497
29 2098 688 534 3339 4034 9907 2058 365 2541 2001 5659 8623 7237 2984 2730 8490 9513 414 1741 5179 6131 7085 6489 4999 9253 9476 3664 1653 8194
29 6340 3827 6497 8356 3612 375 5126 8442 3904 4785 413 8284 4147 9414 4743 7053 1977 5399 7433 1901 5745 6805 1086 983 8736 6929 5621 2620 1627
29 3249 3075 5952 8431 3582 3851 1996 5759 9186 9339 9420 2763 6213 8248 9959 318 9276 6963 759 6604 3999 8748 4912 8088 2422 5678 8402 518 694
29 3592 7901 7793 7929 9454 1515 7065 4356 2322 9436 3166 6318 2124 4511 9334 3674 2219 1654 5038 976 2361 7862 2824 4222 6784 1263 3931 4135 6202
29 2995 4581 1040 4327 7867 5724 6262 9753 5439 5071 594 3146 529 7712 7363 6453 2951 6850 2319 9985 8059 5141 6848 7583 2211 5215 937 4526 3517
29 1813 1466 2785 3149 4123 7715 6452 9585 4953 1427 2799 7466 9750 8639 8140 8578 2130 5056 6476 6314 562 9550 5011 2302 6490 8776 2850 4707 8618
29 2870 9246 457 1818 8613 1239 3881 4015 2797 6675 1749 3507 3454 909 3646 5270 14 6962 7635 1084 9271 6109 9569 2340 8567 8061 2123 362 4915
29 8346 5130 8125 2205 273 9980 9825 3858 8518 3532 6233 6976 8939 387 1553 6895 407 1858 8186 8800 6923 2356 296 1997 5795 9863 7008 3872 124
29 389 8184 9104 2693 2640 678 7719 5353 2470 3865 5412 67 4410 198 6414 9421 1616 2181 3737 3761 6468 7657 7490 8363 2498 12 3985 2968 5211
29 45 2091 7235 3560 9190 4018 163 572 2161 5343 7743 8296 92 2014 7114 7587 8221 3884 9266 5061 5094 6825 9036 7602 2393 8895 2099 825 9418
29 2603 7256 7096 1670 4710 571 3722 6244 2289 2415 7847 7706 8801 6192 4199 6100 7673 354 842 4826 5807 7311 3994 2896 4646 4762 769 5915 4331
29 3183 9960 5966 598 7707 3680 6049 5218 2266 5822 2230 38 7785 8278 6836 6365 9264 2231 6958 847 9105 3561 8451 2109 2976 7741 1105 2957 5033
29 526 2381 3693 1700 653 4355 5796 3151 5223 7401 5429 2760 8145 7308 6375 7615 4737 1906 5980 9644 1159 3593 6560 9523 4459 2105 3008 4965 4188
29 2440 482 3681 6258 8699 304 3703 3587 4205 5704 9056 9575 5768 9135 2666 9290 6726 6725 2625 46 2277 7454 9879 2778 8533 4346 8986 1399 9770
29 5679 7794 330 1139 1049 6844 8368 6817 87 4055 1668 7811 3174 3629 8915 8908 8996 6760 4056 7550 4982 7391 1506 2751 1682 3734 8270 4235 5269
29 2772 2146 1365 4091 7575 3623 2057 9477 1657 7374 2373 3407 5290 8509 1838 7238 9297 6877 1565 5087 725 3294 8326 3713 20 7968 451 6217 2659
29 7643 6956 7787 7636 7442 6421 8293 3644 6473 1219 5474 6460 4823 4546 9002 96 4700 4893 8563 6035 3342 7736 1966 4608 5813 624 1027 7978 4347
29 7851 2830 9868 7309 3844 4156 9147 5506 4117 9658 1435 6651 6849 6024 1135 6743 4656 7889 2754 4405 3509 7827 543 7972 8306 6901 5859 8167 2367
29 6613 6330 1712 479 6973 2555 2429 3625 3984 4306 3362 868 8611 3622 4723 7075 8139 6050 6853 6685 9663 7266 9813 1930 2104 9030 5780 8265 7456
29 9189 5030 9366 3099 780 1260 5224 1804 356 6708 7816 5279 3134 345 8109 6438 1613 7273 2684 9711 1026 1979 3154 3045 1279 8830 8105 5988 7577
29 7136 1599 5889 9522 7798 2633 8281 6393 1012 619 7243 560 8591 1621 305 6611 8707 3376 7428 5977 2688 3689 9608 8510 8554 7090 6496 4771 9741
29 4974 3860 3701 4937 434 3122 2359 6409 4044 1532 6989 2050 3147 7549 8761 8942 7737 299 4653 5111 1945 1663 6455 4150 4367 3607 7837 4339 9154
29 3922 9890 4060 6756 2479 2144 7361 4472 5105 5821 5514 9502 2520 5600 512 3920 2697 180 9626 1850 8212 2210 4036 3081 2264 2834 953 9873 582
29 8786 6227 446 9755 9967 5066 8381 760 1836 2318 3336 7334 8448 8371 7276 758 8087 8133 7943 1582 2750 7034 2784 8648 1518 8658 7729 3857 5107
29 5876 7382 2554 9304 4926 504 7406 4350 1707 1610 5350 7213 2998 6941 7882 3211 494 4493 5655 5047 5283 2621 6986 2285 1396 3796 8743 6969 6014
29 9058 1752 7397 3643 3306 1217 5619 2637 4385 8477 3742 1799 5834 710 2683 9232 449 583 8259 3751 4245 4772 8127 3163 3661 6495 2789 1503 6479
29 6599 2198 5492 6032 4976 768 4302 9272 4465 1193 4032 9664 5018 6601 5132 6362 5924 7829 608 6571 5203 3223 2655 7601 3214 1820 3467 6898 2518
29 3039 8339 6879 3987 6620 9719 4903 8111 8541 6606 4782 9247 5198 6174 2171 4340 7155 398 6083 8419 7971 6243 4209 9181 2691 2088 8236 4708 9932
29 3766 773 6610 3385 4400 9590 9831 4116 5862 789 5035 1889 2539 6486 1504 2251 8975 8804 9162 3549 4928 8209 9539 1017 7154 4532 3279 6279 5517
29 8033 8502 8523 3855 4219 4718 343 4621 927 2176 5578 7068 7596 1056 1885 4883 1567 255 8291 7398 6219 118 7465 8542 4196 3760 7861 3870 3232
29 4467 5703 5984 5237 2350 7980 6727 9315 1777 4527 8617 9839 8691 3812 9902 1070 7081 2087 3056 6469 4253 8923 8632 2732 2398 3355 9573 1212 6576
29 8709 3288 4754 276 291 6876 5901 8454 8460 5502 9067 7802 5395 3449 7258 5443 1876 1013 1265 8869 7170 3862 4012 1454 6833 5593 5432 2623 2894
29 6130 2996 4944 1614 3331 9761 8957 9456 6547 1519 4726 6590 4376 1870 4813 7681 5643 5422 3261 19 9333 4075 4624 1375 181 8165 6442 2901 8392
29 5454 5535 8934 3781 4455 7383 6551 8328 1767 5235 4497 9793 5281 1483 7692 8990 1828 1351 4868 807 2861 757 1311 9686 8146 7677 788 7471 1289
29 7277 7642 3878 7922 9817 7621 3847 3170 2562 6515 7955 2040 4906 2790 32 3888 3301 8414 6195 5034 4154 7145 2162 5521 262 3601 2031 6390 6614
29 577 1312 1285 2599 8950 1016 1076 8572 9725 9885 5530 8047 8665 4382 57 713 633 5331 1710 260 151 1107 9496 7717 9642 3457 5029 511 7162
29 3873 7855 8026 5127 9627 721 2096 8577 9267 3086 7875 4168 8721 9464 539 6462 6111 6494 2723 9946 5979 6080 7445 2072 6828 796 5960 5877 6632
29 5482 4662 8143 6970 5109 1923 5525 2762 8377 4289 7503 2116 907 7118 4829 9823 2110 588 7027 9783 1775 7274 7658 5101 6408 4517 7362 2561 3767
29 5455 9038 3833 9685 8540 5086 2138 4394 8292 9818 1233 1395 4100 3543 1146 984 2226 6628 1656 438 7945 6477 4848 5091 6506 852 4866 2956 9577
29 9371 1833 9584 9930 1558 8250 3731 1222 7869 4110 83 8189 8666 7321 8341 4139 2889 5493 4389 763 2605 139 1447 442 4571 3041 3697 8360 4916
29 4764 9360 7402 8120 3367 3275 2468 3619 5253 2071 6225 3035 7443 6143 8378 5373 9893 6249 500 9516 2733 7293 8302 7595 6415 172 3161 9782 6065
29 1808 5147 1805 3921 1422 5416 1203 3997 5302 1676 7473 9412 6456 8345 3054 3672 7700 4557 5498 8380 2455 2579 5180 6907 105 5526 9383 3913 9346
29 2417 5388 4994 7458 2239 6348 3537 2745 2680 1304 3144 1548 7941 3771 8338 4902 2462 5755 1190 8703 7535 4563 6583 5408 5864 3274 5970 7165 3595
29 2150 2847 7015 1037 3524 4005 2920 134 7111 9178 8894 7275 8616 7288 4776 2015 6521 5692 3718 2449 1478 8101 9819 6335 547 5586 7004 2879 4539
29 6190 8121 910 7191 8936 8418 8417 7347 841 9220 1423 9110 5766 1223 844 4112 6146 471 2988 9532 8656 9603 9950 6103 3588 4841 5698 2215 2507
29 9738 3756 5334 7244 2141 1293 4076 2136 200 431 4062 4720 1948 6951 922 7033 3574 1645 6939 3000 2222 2377 2905 4733 7788 940 6947 5240 6172
29 1826 8453 4390 9732 7161 4009 2154 174 8517 7703 8573 7267 7838 412 2617 9681 8614 9624 7628 9432 3624 6342 1331 1546 6222 3057 9869 1551 3634
29 2038 3240 3119 6928 9772 220 930 7054 3802 3069 7305 4401 8035 1661 8329 6321 2245 3359 6695 774 8091 9048 5792 2177 5196 9423 7322 2936 6207
29 7674 2351 314 8624 8261 593 4948 1245 7660 2788 5601 1292 5852 1147 9800 3437 2290 8034 7510 3029 155 8881 9004 6040 652 2828 9786 2528 973
29 9601 5160 2241 2169 1776 629 792 7393 8235 3176 9835 5309 8844 9736 6591 7757 7676 6724 1366 5853 1284 6852 8922 737 7544 3197 4548 9330 1635
29 5260 9157 7380 3260 1608 3610 9242 1904 2310 9733 1226 7082 916 7532 8762 7172 4051 4310 7208 5103 944 6116 614 857 5527 4384 7934 4685 2338
29 7318 90 3656 2 3295 7177 784 3203 1725 9308 991 4375 3975 4090 1968 2372 9630 7881 7225 463 5626 8738 4485 8788 8197 4580 6157 5991 6090
29 9997 5673 9942 1822 6556 1604 1198 7896 9084 9499 6138 8815 7459 3251 9060 2949 3418 8702 6120 549 6608 765 6899 3438 7770 6972 5712 503 4576
29 8858 1568 4773 4909 8234 5102 899 3513 9660 8483 392 1045 1405 3065 6399 9666 8498 7217 1955 9965 7627 2471 2856 4108 4411 9041 5372 126 2436
29 4935 2156 1437 667 4200 5313 8176 9395 5760 4500 7522 9862 9628 8038 8124 5775 4838 1195 6967 9846 7814 1381 3578 809 5173 8792 8640 9410 3952
29 5954 2607 8227 7638 8053 5783 147 9943 5312 6256 3364 997 1128 9389 9796 2278 2593 3085 5060 1075 8600 6047 2529 4721 4877 9774 1255 764 4659
29 7324 6152 9695 108 1053 7603 5693 3103 1549 1370 7257 9089 9372 4603 5346 5652 5076 17 7350 5431 3189 423 9101 5599 4381 6358 4516 3080 3143
29 4967 2517 1196 1051 7890 1659 971 2774 4348 6740 8325 9127 334 2811 8675 3470 4623 2327 8233 1940 6803 3523 5558 5342 3015 2902 6542 8470 3082
29 3187 8561 2890 3044 9175 4393 1093 3854 4190 4588 391 2382 1244 6471 1170 4424 6851 2174 9480 1733 2958 1859 459 8192 4688 5032 2814 9860 3748
29 8019 1492 1339 3903 9150 4175 3667 4089 5274 5523 4124 1564 1085 8142 4448 7184 4970 1632 6417 4991 3736 3691 783 8802 7616 2779 7997 8268 647
29 7320 9662 68 5632 1197 4084 8634 975 8876 4638 4243 6552 1319 6665 3220 234 1511 8900 923 1116 9234 4849 8965 8955 9112 7214 9161 6625 5723
29 4052 724 5934 6463 9076 2236 489 5138 2064 576 5304 258 9043 7509 3152 1416 4129 6965 5043 8098 4675 7250 5316 88 8081 6798 5021 3570 5255
29 7782 8669 9568 3322 9073 7723 4858 8264 530 4864 7950 7939 6646 6182 9024 6545 4106 9596 6336 179 1234 242 4296 8685 7508 9320 2380 8819 531
29 9435 5325 8952 7060 3396 4636 6500 3528 8687 4263 4822 1557 9651 7860 8254 3344 2292 9981 7168 9088 4491 4816 7897 2197 9208 9778 3349 2565 819
29 3387 6791 8971 9408 5207 7728 1689 6686 8154 4432 5906 822 5352 2724 6228 2508 6977 226 5841 5444 7446 5544 9364 4255 6201 4274 7801 4635 9478
29 5014 8961 182 4870 1429 4628 2375 4454 3711 8238 8067 6191 5869 7242 9996 5971 6078 8461 3880 6247 401 6391 11 113 4936 9045 8070 6038 470
29 2446 8364 4259 1756 3671 4309 8727 9892 3195 5100 1256 4687 2685 4074 3944 1052 9119 8158 370 4853 7669 2159 7987 4490 2844 7856 7424 3159 7690
29 6056 9445 3772 8503 7528 1985 7016 1784 3465 9737 8215 8159 609 4602 559 367 4378 9653 5246 3788 2081 1041 4265 2405 5391 427 9580 8631 7649
29 660 1143 5756 3618 6748 3716 3443 679 2477 5700 1096 3273 9007 5367 4633 6220 6802 5287 5931 9801 7226 9402 4155 7342 7604 9613 4512 946 4964
29 2849 5801 7448 8003 1124 6005 8834 7866 2142 2175 8358 5327 9249 430 1401 4335 9011 1346 7964 9294 1065 723 5305 5819 1626 8244 5736 9296 8385
29 333 4922 8177 3951 9129 4408 3091 5424 9044 5277 3110 7400 4667 1406 628 9344 635 884 7732 3012 4308 3673 3577 1714 7730 9244 1533 9354 6051
29 4891 9814 9336 5153 7985 5020 6731 939 252 3340 1852 1002 8855 3730 5006 1054 3576 5567 4475 2742 579 7469 1497 5665 2505 990 9841 2217 9784
29 4114 4433 5865 8733 6563 443 2840 402 1253 7455 2629 6672 3834 2463 3441 6380 830 2910 8973 657 1432 5172 9061 6887 730 5491 8784 3188 6491
29 8078 4494 4766 3919 2860 2126 8257 3040 794 2892 9482 8350 5332 7884 5606 3662 7912 4596 4742 8 3924 2934 9602 5560 7711 2572 8585 3444 63
29 5588 804 5771 5942 5181 215 9909 6309 3500 4647 1899 1460 6085 7809 2549 3897 4750 5651 4498 2696 6067 8863 5019 3426 7463 7166 7764 7399 6148
29 9106 7205 2954 8464 1380 8575 5522 8897 2525 7304 4833 8808 1698 8015 1552 4421 9507 4010 3754 5099 9319 8354 4336 8032 2311 8195 8062 6133 6588
29 9392 7175 9820 4535 2323 7667 9955 9439 8349 925 5547 6862 2842 7792 5152 8362 9387 8321 7961 3466 7434 770 5184 3706 634 9991 9388 6055 1921
29 7995 4474 8027 7219 4622 8439 5706 6752 4194 597 4489 3191 8604 6298 5581 7018 999 2660 7133 1043 7 2764 2117 6317 8695 9023 5789 9163 6575
29 9581 377 8977 9352 5910 2101 43 9078 4025 1971 4533 686 6763 7005 3894 4230 9040 325 9779 1296 6095 9468 4409 2294 7542 4735 9767 2386 2423
29 6096 9718 8927 8778 1597 2775 132 3556 9149 7765 2725 1589 5428 2404 5426 1114 3639 985 4763 6193 1343 542 6771 3559 516 2848 8374 7655 7326
29 5835 2191 5555 8833 2395 1795 173 674 8645 1317 525 384 3635 6721 2845 2237 5040 5252 1720 7403 1605 9972 9335 640 5882 3779 7852 202 2451
29 3353 94 9756 6475 6445 4677 8798 2748 266 135 4040 1825 5441 5073 639 2287 52 8333 9597 2580 3809 4744 6548 5158 251 1634 3589 9431 6627
29 1579 9696 3579 7335 7295 8937 5022 4550 2403 9870 1683 5404 8455 6684 9923 1887 3928 7585 599 246 7749 5663 6917 3752 8994 5430 7470 3808 4171
29 3709 8607 1556 4896 2048 2339 8006 0 3341 9126 6185 8943 1320 3317 5504 8732 9560 3790 6792 7325 8301 2575 1841 1716 8708 6303 6371 8805 2254
29 1577 6982 1807 6509 4966 7992 1854 4734 9986 2689 5222 7824 115 6829 1452 3102 5880 9998 5750 9566 8405 1617 6909 9342 8846 453 4257 5851 1445
29 5046 3169 9361 1976 3696 9096 6566 117 5159 1883 4130 7188 7949 8007 4417 8373 7898 5816 7333 5754 668 4569 1731 4366 7281 9765 2349 9838 9600
29 9832 474 9460 3694 5612 8884 6221 7227 8812 3683 7727 6354 8659 1352 1494 3458 2753 1 9345 9521 8612 7954 4613 6076 7100 5548 6821 1099 8694
29 2223 7047 49 4239 2353 9549 8791 9795 926 5900 5793 1168 5417 2675 1145 5978 7514 5614 9920 913 364 3307 898 9022 7970 321 9645 4419 8311
29 3636 4980 1531 9459 8237 555 8569 9622 9240 3481 7037 5963 7370 9118 2204 1783 3499 4752 2420 8161 9834 4024 821 8112 5261 6074 6633 341 2103
29 586 625 6754 2012 7543 9629 7087 9183 3018 7709 1986 8413 3456 2235 8148 1664 2798 7353 3222 3967 2932 8342 7967 1337 8247 8880 4881 283 960
29 7653 3704 2069 1520 5244 1715 6658 7915 7392 4641 7484 6927 7072 2576 7130 7556 5487 7365 3263 8403 4216 7263 5776 7306 7192 1015 3474 2267 3116
29 6885 4349 1956 2876 6351 9721 6826 7369 1064 1132 1104 7531 3314 9694 3028 8129 1047 595 1903 7710 6107 9379 3498 3351 7705 31 6161 9995 4131
29 602 839 2330 4650 2145 7865 6519 3871 9781 2009 8628 3515 4179 805 914 2225 8200 5001 8827 5676 6641 284 6694 8672 4138 4947 1678 3021 592
29 4189 4671 4751 9797 8204 5867 7349 2242 3777 7330 4898 2153 3686 6063 2981 6539 7221 4738 1471 6875 7599 885 5016 3727 3649 7156 120 447 1766
29 3590 7639 3630 9699 9836 3186 1412 3281 7163 8123 7614 9952 8536 4180 7035 1457 9659 4103 8271 5362 2628 1982 8852 6293 3014 1601 3868 8964 4901
29 2586 1942 1768 144 60 4867 5166 7675 3780 7671 9375 4591 2076 1091 4779 5827 7546 440 8113 3445 2816 3591 1669 1108 2862 9586 1473 3554 1199
29 3123 1824 8740 2526 9899 3536 236 1998 8076 6084 7761 359 8956 5782 7586 6448 9169 1789 3162 1729 9493 3538 7139 6534 2203 2904 7965 7270 4087
29 9014 1130 328 8052 6410 8663 2609 93 3724 2955 3797 2502 3356 603 7310 2581 8764 6039 8054 9944 7786 29 5785 9221 1333 2067 936 98 4329
29 1111 8183 416 9219 8584 791 4093 5296 194 7038 4431 4101 8605 3321 3723 982 1272 4321 8367 8208 7874 9369 3224 9953 1947 3979 3970 5204 4361
29 6229 7297 7329 4311 4249 7249 3573 6446 9327 8211 8677 1023 2262 1188 1719 9283 3047 5899 6964 3666 3969 3726 5765 9978 8002 7089 1672 7315 722
29 9822 8835 9913 2715 9397 7180 2301 2313 4193 6584 2513 7355 5497 7104 2800 5519 8242 2806 5986 7241 2773 5221 2796 9886 5985 6068 9094 5392 5885
29 5500 7539 6765 69 1325 3266 2295 7296 4444 2722 4732 9871 9311 3893 4128 9122 2312 1450 5799 9230 8664 206 2545 4681 8241 5734 9444 1367 7527
29 2584 596 8903 7384 5151 6379 6411 3486 1609 5763 8917 8505 2923 4601 7146 2741 6714 6343 3852 4987 4211 5339 6702 2360 8218 5729 8771 4690 6091
29 9191 7229 4543 1860 1059 4983 1300 9762 8469 6097 7536 4127 2699 1467 8871 4845 4492 8269 8444 3976 8064 4755 880 714 1266 3583 3719 9768 6422
29 3875 1831 6857 1442 3620 1264 8754 996 739 7661 7409 2122 2066 8384 3446 9668 9674 6045 3473 9237 4203 1362 6355 6769 3940 3311 4268 6061 9604
29 1048 8152 2000 5472 7986 8549 606 1322 7916 1242 360 9051 6025 1929 9299 2185 4438 3325 6759 4159 6126 6679 8169 374 2627 4981 2985 7718 9895
29 9145 5326 3937 1983 6516 4250 2346 9133 5861 2511 8224 2986 1935 8185 5972 4109 9734 6288 8495 1180 658 8998 5217 9291 2248 2907 6404 3285 7264
29 9351 7781 5209 1410 9621 3757 6634 8423 3234 4559 8055 8967 5905 4161 4551 2527 3814 5464 8016 7826 6458 5710 8104 37 6920 5054 5418 711 3227
29 4071 2202 4660 429 3412 2801 466 6286 4004 7580 2891 2643 1371 1046 866 7779 5642 6387 424 8525 7571 9605 9063 7505 9805 8582 1739 6587 7414
29 152 5383 8166 6655 3702 4165 6622 4083 7046 7097 9173 301 8752 7025 6418 5095 775 8041 5708 2898 1476 8359 3688 3841 8343 9828 5591 6246 2107
28 9168 7511 3899 2459 3907 9241 8924 380 9415 5028 9035 6773 7429 9845 7058 7013 379 302 3822 2871 7547 1843 7998 6499 2478 1010 5178 3436
28 7576 6796 1779 6234 9384 4639 7359 311 5748 4736 2928 2656 7404 6908 7099 5268 5741 4054 9726 4649 6662 2190 8929 818 6932 378 7371 3529
28 681 7708 2152 5129 6504 4181 3272 5157 9853 4900 4140 2651 4658 8020 2615 8355 618 1640 7314 2827 921 8382 8323 2065 2054 5787 1916 9192
28 3491 9740 1704 1036 6237 5 8050 2021 720 9317 7091 7525 8231 3778 3026 3287 3869 4648 9922 742 2180 6370 1297 6797 1800 8596 7903 6179
28 7883 3720 89 2140 1758 7430 5368 1302 4880 9153 168 300 781 7612 6696 8713 4693 9717 8537 2490 9357 9313 9433 9032 1305 8750 5845 2157
28 9413 2765 9591 3679 1737 2992 8410 9485 5406 6690 2011 4028 5200 6137 3889 8223 6306 5419 7479 4846 1463 9472 9450 8174 3354 65 2634 9914
28 4768 9692 9131 130 8471 4001 4795 8488 8389 8588 1215 2355 5830 6114 5220 5565 64 9070 8304 6043 4198 9744 8690 7618 3196 2008 6883 7555
28 8544 1125 7871 4957 779 2137 5682 5850 6793 5012 2590 7387 2495 4218 1171 4819 335 1033 8300 1970 1157 6158 2865 6324 3936 3092 3633 8715
28 78 9443 2524 40 1600 9777 1865 2331 1882 5355 5366 7771 1695 6129 7344 3137 6376 4541 6900 9005 3564 8719 1318 4042 6356 9748 4897 9827
28 9488 6557 5475 3867 1465 1441 1592 800 5301 7651 5322 2325 3284 1847 3942 6432 1169 4704 1684 7067 3843 8456 6273 6248 8018 5280 4353 977
28 6570 9992 3972 8130 5456 4739 1547 6652 8005 51 21 9908 5854 213 5477 9830 7834 5393 1806 4441 6144 366 6926 7228 9576 3120 8978 5007
28 8598 1846 8870 2971 9120 5307 9504 9107 6470 4158 2867 5488 2080 5909 2704 492 9103 9405 3539 9269 2035 7092 9948 6077 3547 2501 2431 2134
28 570 3025 8434 6889 7742 2873 2298 3243 4889 1020 1516 2178 2852 5848 245 254 5394 1845 8230 2127 9639 5872 464 1181 3663 7938 1136 3375
28 6603 3775 5528 5247 4476 8108 1750 2687 8458 2919 3330 353 3246 5993 2540 95 2224 5154 1286 3566 5858 8163 2566 8203 2537 8731 9188 1738
28 5465 3482 4507 1772 2147 8651 9989 3420 9619 7268 8258 8857 4835 4294 2671 8926 2564 8847 3773 8856 4939 9610 8838 4287 616 3421 2481 2007
28 1572 811 3460 460 6102 5478 9121 1440 8840 5293 8391 911 116 3390 9256 3400 3535 8313 4133 3178 7530 9849 752 3800 1981 4954 1323 2952
28 3016 9136 3051 1275 2578 706 675 6902 3715 8206 6531 54 1490 4713 585 6134 6768 3602 9530 776 1324 9399 607 3998 2938 1967 7174 7996
28 3660 1425 8399 5112 9382 1430 7605 2450 3100 5976 7131 7423 4547 2682 153 4815 8667 5003 9144 3690 4220 3626 5381 2964 8782 4619 9731 4978
28 175 2086 9257 4217 7116 171 7691 1433 383 9203 9771 9728 4992 680 7924 7196 5541 5884 6827 5194 6165 1455 9945 5996 9285 3451 8353 6173
28 8946 4260 5653 7253 9612 7607 2710 150 9059 9548 9545 5701 1044 3807 4157 9430 4033 6712 5778 9171 3115 6467 1061 9124 6745 2444 7568 5674
28 6423 4632 5476 4442 1267 5726 3783 5396 5887 1083 9690 1723 1934 1103 1142 7385 2695 5628 3244 6132 1984 9210 6501 4369 2731 2385 4674 9837
28 1386 4805 8073 2396 432 8526 5167 5784 9848 3784 1419 123 5162 5840 3801 6968 2309 7425 3621 8795 162 708 5657 1347 77 5849 6722 9404
28 5057 352 6265 1148 9702 7679 91 2334 2281 4363 7472 6954 7990 3199 2982 9196 5539 1240 9017 4663 5722 9318 5155 9582 8117 8941 7854 2783
28 4078 1271 8678 6363 6815 1283 4486 8873 9006 313 3228 4988 4430 9160 9763 8982 9683 4645 326 104 6081 3526 5225 7647 8409 4895 2400 1315
28 1574 1512 8415 1590 1241 589 4722 2908 5401 7670 9842 1867 9228 6878 895 2125 3799 247 1246 3732 5165 8508 5232 3946 7807 9723 7966 7820
28 3511 6770 9202 7230 7109 167 4221 901 1797 4520 3892 6145 5259 9279 1094 8688 3409 3046 9749 7372 7548 3070 2374 4993 6169 8918 5361 5561
28 1717 9213 6778 3201 5713 3118 33 6215 2233 4483 1189 3392 228 1744 6741 5646 6384 9426 483 1400 5961 8229 8243 6431 2866 574 9971 6135
28 5777 8504 7475 8875 7367 7144 3225 8022 2846 1792 5533 2946 3241 1642 9935 1713 5013 1224 3031 8825 5414 9859 6619 9082 9788 3652 8548 3555
28 6197 9727 5077 3476 4186 8697 704 9380 6559 3254 5311 1182 9906 8446 5800 4676 2708 2070 524 495 5902 1153 4908 5812 8712 396 5374 4063
28 7148 5944 1067 5516 2747 1969 7061 6747 437 2552 546 1444 6367 3010 2151 2060 4800 5389 9016 6949 5762 5518 1183 3510 1762 7731 1607 4097
28 1788 2864 1407 8890 627 4587 8970 8920 7202 2183 995 5124 6018 8963 8348 2324 4470 7823 4842 5697 3658 9649 7252 2376 3859 7951 6776 8683
28 4119 4447 554 6003 9520 5949 3300 3821 4079 7664 2028 1206 3795 8094 475 369 101 4534 4911 1335 6645 8521 5709 4850 4820 3668 5489 7775
28 719 2713 9940 2472 2767 605 5351 499 6535 9270 6609 6224 6178 2413 1856 958 6953 1216 8947 6525 3093 3990 2284 5660 9900 8305 1991 1596
28 9180 3179 7173 6474 1178 9258 1131 4478 9457 1980 532 2255 6882 9455 8489 3657 3567 5640 490 4711 4013 9377 372 7052 4666 575 9829 8479
28 7937 4501 5213 9042 5082 9489 5125 7240 9808 5879 5597 4290 799 673 1771 2872 9066 4836 9758 7959 6913 2074 8388 7524 9934 9452 6960 7063
28 8424 6897 656 8049 9640 8266 7538 3651 9990 3648 161 6238 7312 6291 1636 6166 1673 2929 8459 9199 1090 4484 312 2046 7164 103 7839 5644
28 7138 3209 2365 4279 5968 5654 4703 9936 2039 8040 1724 8347 8482 9844 7491 4146 5248 2299 7003 4513 5788 8287 9903 4705 192 287 2556 655
28 9111 3832 498 6092 7232 6464 3479 9393 4174 7450 8369 1709 3121 9448 6873 2283 7206 7570 5139 5164 6034 5437 4267 2491 6818 8416 3468 2804
28 5831 9248 8565 350 5263 4192 5348 4387 7317 3508 4941 3058 1126 2657 6398 4488 2364 303 3142 3485 6372 7665 7501 2250 1404 2716 4956 2661
28 7609 5595 1842 2469 2013 4286 1521 9648 9491 893 4064 9332 5611 2944 2114 2034 3650 1780 3569 9897 2880 8449 2597 4927 6059 5918 6320 5681
28 3256 405 4568 8949 6790 2912 6779 6994 8914 4542 5964 3982 403 6176 9091 4280 3891 1910 535 8312 1949 8428 6661 5515 6709 9474 6626 1954
28 3831 280 6640 1862 1024 3292 7412 1368 4758 8493 2030 4515 855 7623 1413 7763 3927 2492 7783 3428 1755 6840 3542 2638 581 677 8298 5410
28 3815 188 288 5895 6177 6767 6267 3647 9851 4396 8131 2808 865 1761 9729 1488 7591 7563 3089 5641 3793 3002 9905 978 5276 3226 1211 4418
28 4466 5837 8850 874 2253 8966 5857 7840 6944 1692 2735 8294 55 4986 1137 2757 6204 9671 2662 9026 1534 142 5575 6260 7617 5256 371 4625
28 102 6543 8492 8118 6278 397 5683 243 7680 734 8260 6582 2033 777 3063 214 8028 3596 7684 454 867 9259 2883 5337 4615 390 4962 6730
28 306 436 8170 16 9268 2218 6007 1735 4938 1307 7032 2647 6719 6044 6156 6629 5295 4706 2402 4770 6071 9108 7019 8527 7518 166 4775 5044
28 2265 7343 1066 7969 3954 6322 630 8620 6562 1039 3925 2826 5438 9 7953 1221 9209 9647 6307 4429 959 7567 50 1374 8935 4872 1150 6843
28 327 7606 3575 7449 9428 4104 4730 8673 7045 9442 3863 2948 8337 5122 1409 9616 3740 6946 7262 3550 8030 8411 8739 2063 4271 7726 3062 1791
28 4753 5467 6200 1100 3764 6822 6710 1174 22 6276 4856 5480 3124 3585 3175 1496 4232 2447 8868 1379 6880 1018 1633 9069 3938 8225 6094 496
28 8995 6425 9506 5675 1390 7721 6990 9461 3130 6847 7407 1747 954 6915 3477 6786 56 1581 1619 9009 1513 1570 1031 9667 7386 4680 4422 9558
28 3440 3181 7695 968 906 2701 8865 8001 6163 6344 6069 1585 3879 6272 9552 6644 4843 5495 1591 3397 6070 1687 7461 5677 8637 4224 4540 1185
28 9543 553 9747 3659 5117 6304 2838 250 943 8912 9720 2020 4402 6484 2424 9876 2419 613 705 829 129 7594 9301 1685 717 556 7194 7260
28 8220 3076 1113 9286 5585 4933 6676 2531 6550 871 9526 1880 9365 2817 5716 7888 2692 7813 4595 4899 1569 3725 1857 7683 41 9071 836 5987
28 138 1573 5903 3278 1554 4817 2258 6971 8641 1301 6263 9964 4379 9411 2970 7558 1918 5957 1563 6285 6605 3087 8188 3687 3173 5618 1638 1508
28 5262 626 3316 2384 1961 6580 9356 743 1081 6037 8889 872 9370 3502 3461 9570 7437 7292 9701 6333 7193 5452 876 8823 509 2959 7533 7774
28 8551 3247 9441 2003 6000 6280 456 4809 5168 1089 4293 7282 5913 9501 7431 7909 2975 6110 646 7098 9265 4620 5300 5009 486 3148 9650 4875
28 4077 7337 6888 7698 2343 5542 9961 4524 4545 3388 3277 9780 5890 2632 838 5695 4094 3327 5927 7506 9843 8635 349 3493 415 5092 6235 9607
28 1999 8590 9951 3324 3150 785 319 3480 1477 1118 203 1389 237 2967 6502 6698 183 8155 4187 4285 4029 2317 5873 2427 843 4913 8151 1773
28 3384 3496 1924 659 931 7773 2129 5163 8036 3487 3743 8907 7877 9824 9877 9214 2972 2488 8199 3792 8181 5814 661 9074 1543 1486 4586 1298
28 1641 8383 810 3914 3177 9097 9803 6205 1121 4334 3546 9703 5974 5664 1358 5746 4610 5098 4016 8524 1008 1155 9657 6022 2776 2544 5365 6017
28 9888 2297 9743 9632 9790 53 703 4315 4630 2061 5904 2370 1262 5808 3747 8031 2727 3594 2112 8457 7444 8014 8179 9170 5685 1079 7885 7540
28 2209 3235 7183 3698 3139 3411 7239 9172 2983 1693 5192 7059 1303 9381 3753 8283 4149 8684 6054 8692 6700 9305 1479 235 9143 5650 4502 7747
28 6669 9589 2813 5669 3291 6520 1243 6419 4247 7024 8089 1630 4295 7346 1461 5479 1341 2702 772 4778 8570 4242 3910 5702 5459 4197 4585 2587
28 9282 2698 6151 7481 338 6753 5435 8478 1759 3989 6357 1908 1972 8066 557 6451 5037 4035 3433 672 6401 1953 7440 9557 9148 1655 8187 6647
28 4065 9887 1909 3598 5005 1236 7375 9583 7597 5382 1228 8813 9739 3034 4669 4756 2432 4070 6527 9807 1384 9486 3947 121 5805 2911 5050 9556
28 8141 6980 8134 7982 9123 1588 2622 1944 6230 8025 8499 3453 3095 1314 533 1122 4525 5272 5468 5923 410 6592 2336 4008 8979 9422 3366 2791
28 8595 159 8080 7864 462 8500 7028 9939 565 5490 715 7983 8332 5839 2010 733 6758 2792 9867 348 8785 9722 1900 6086 2275 6311 2781 4111
28 7662 3628 6461 1675 2664 2221 164 5177 2917 615 6856 7873 2720 4943 1706 4477 6396 8023 631 5602 3358 351 1718 889 9579 8060 8589 6732
28 9988 3991 3027 3746 3405 5714 7891 9310 4575 257 1349 4914 3819 406 3786 9050 6518 9487 7832 3395 7497 7905 3257 8555 7413 2189 2670 6546
28 6392 9498 336 9019 5333 8072 8968 8649 2207 9883 5329 5998 3303 3377 7656 3512 3971 762 2344 853 1814 8888 6981 4884 1958 4590 7805 5473
28 6042 5557 7031 5115 9754 3049 8494 7960 9994 5133 8153 8335 4599 9261 3180 4207 7630 1502 4894 3077 4859 7892 7619 4320 7791 8893 1928 4821
28 6950 551 9236 8547 229 7957 8913 5639 1326 4095 8147 6310 8722 8334 4598 4072 9427 507 9611 9614 6514 8408 7073 1254 7738 9164 7123 7364
28 9328 7918 2263 1835 7790 2279 4514 8463 2542 6795 4665 7928 1933 58 4637 7126 649 2899 1803 9656 315 6733 316 3112 5110 1385 4556 277
28 3423 1539 8781 1926 6313 8726 1009 9975 8441 1248 6171 644 1102 231 5727 8175 5590 6326 992 6064 5607 5824 2553 894 7746 8953 3769 6537
28 7584 6683 8286 5377 1421 8462 851 9675 261 4272 3315 584 2408 3269 2300 2315 9295 7143 9730 8822 6297 293 6751 754 1474 4561 8514 7917
28 395 2795 4765 3259 4697 9773 3917 4273 3156 8593 5592 9993 2900 2546 4414 8860 645 1973 3973 864 2347 146 823 9878 3993 6513 4714 5273
28 7633 8447 5917 3866 6718 9322 4673 2744 9451 8330 2474 1003 2316 5761 7167 5409 8867 1781 8379 7821 6118 3572 8716 2618 6503 2487 9100 1690
28 934 4397 6046 2252 5598 9856 3114 4642 3770 6824 7209 8976 6206 5427 1392 7795 8310 7210 2362 176 5264 2438 7512 8777 9134 4380 8619 6480
28 666 5097 4088 8625 2051 15 216 2794 8848 6015 1688 5550 1280 9672 8560 611 5187 3193 6555 488 9938 5735 5589 2926 8068 6184 7772 8753
28 4141 1062 6294 7724 6211 610 7878 1194 1895 2320 886 8769 6115 7663 5786 1382 505 5989 1480 6381 4920 3739 7486 7074 7991 9916 7537 6596
28 9215 1191 5185 9224 4126 9963 8564 5390 3158 2595 2097 7645 5108 6945 1063 9424 8029 7103 7373 1757 4007 1208 6579 4593 7411 9398 8387 6405
28 8267 9166 1816 8745 5940 289 7299 2499 9338 5121 8668 4689 2314 3393 1530 2193 5199 6124 6528 5891 3750 2421 4319 1951 7280 8487 3218 8799
28 5955 3505 7011 2305 7579 4314 6616 6361 7483 9889 7328 310 8352 339 3514 4373 211 1584 6734 8767 6031 5753 7734 9633 6305 8959 1184 3071
28 9159 7186 4318 5387 5896 3267 2642 2674 2961 6666 1526 76 510 8842 1726 815 4740 5236 7447 1649 3966 7818 6139 3848 5725 5161 7921 7559
28 1753 1691 4099 5461 663 6794 8375 6369 6328 6697 5064 6999 9303 863 8787 6841 2341 7181 8608 4208 3617 8962 5039 9025 6867 3207 8290 7886
28 7427 9031 5886 2244 82 9678 5637 209 6277 4241 3379 8755 8512 6508 8796 5505 6104 7808 4451 9028 4528 3221 5380 6838 641 7246 950 3876
28 5798 7216 2649 5116 5226 8954 1342 7356 3167 8877 4504 5083 9216 2645 5732 5731 193 7231 2164 279 945 8075 4362 1594 1705 4600 1522 9510
28 1764 6578 6819 5349 3707 2166 2608 3430 848 5070 8760 642 600 4578 3096 3067 3004 3824 8107 1510 3874 2089 1500 2927 4973 491 1313 4747
28 8097 8545 4951 7026 2212 1257 2868 2613 8004 8150 8213 6997 9250 143 1662 8295 4496 2113 9085 9396 9715 2588 186 6713 6327 7900 5042 5562
28 4523 3104 2005 9559 4144 6242 3033 5053 5090 400 9368 6814 2390 877 3941 5648 386 4191 5636 6987 458 2476 9201 8606 2567 1288 5635 5227
28 9049 1038 8710 2195 879 1042 883 4145 4446 1360 753 4344 7157 6337 5191 9312 2111 5415 4604 4142 7057 9449 7480 1995 1629 2881 7654 3810
28 9858 5336 4067 8906 6283 8046 1487 2238 425 6329 5509 3563 3705 4098 3108 4934 6807 1743 4686 5625 6831 7687 632 455 2094 1071 6564 1154
28 8849 2583 5721 9933 1080 738 6866 3489 7405 7135 1309 3817 9278 9008 6175 8610 7622 4305 5572 1844 727 1529 1974 5764 1765 3758 7926 6942
28 8407 4246 9251 1809 2186 2519 8201 1420 6300 7815 1647 2887 239 918 4761 7200 1376 6526 9641 165 9638 8065 5120 3219 7106 9080 9866 6088
28 1587 6668 4996 9884 5400 5144 8958 3439 6162 7419 4857 2857 5874 1829 1453 4434 7218 6689 9518 1992 1388 4810 9348 6761 7396 6881 8132 7021
28 2452 2550 5197 2399 7416 5051 3541 484 8638 6412 2426 5770 9833 8886 3271 8190 8972 2453 5605 3789 5321 4342 5981 9766 5344 4237 3530 2406
28 3877 5532 4807 4917 9033 7086 3949 6389 4799 8122 4564 2184 4215 5093 4851 2326 6334 4654 2131 5288 7420 6774 2437 1812 426 3328 3956 9255
28 654 5613 6595 5696 6073 515 6167 7489 3037 1680 5951 5699 2017 5450 3963 5378 6617 8116 6789 5563 1722 1274 7197 1470 2709 3840 2969 8629
28 7822 3492 128 9592 9484 4694 1917 177 8874 3774 3402 7830 9618 7043 5067 5737 8773 5340 1291 2515 4041 2199 3838 1237 2718 3653 6332 4014
28 7418 5967 7694 9378 5148 7381 4313 5303 4264 8689 4774 5803 9769 729 7012 4727 2740 2270 3714 3217 4102 8485 8647 859 253 3345 8879 1778
28 6021 8983 7611 7552 2841 6481 9864 420 7390 8794 8253 5282 428 6026 2869 4080 9999 5150 3776 6549 433 137 25 4959 7804 951 9847 4364
28 4616 6687 8017 7744 8445 3755 385 3830 980 4792 4178 9821 7247 5330 7844 802 8960 2321 6232 9125 8069 6254 7101 6251 7152 6823 2075 9882
28 3452 4338 271 5553 3744 6016 3019 5457 5570 4929 5175 1069 249 1249 9547 5662 8336 9156 3252 5929 7565 1658 3066 3141 4702 2345 2810 8395
28 9054 994 7358 8872 3845 1994 3741 888 8398 7462 1493 9677 7701 3974 604 7778 6353 8480 4372 1394 9275 3613 5140 1786 2523 4683 2668 7368
28 3233 9538 7496 2736 4715 8681 6437 1525 5278 3908 3055 6454 8426 5135 4312 3677 756 9709 2592 4269 4536 5190 5234 4664 2712 1022 3826 7187
28 4398 7487 5136 1499 5436 3318 184 6274 5769 2286 3494 9092 567 2893 4213 274 8720 6938 6863 7507 1077 6636 6593 7868 9705 4352 696 5486
28 4960 766 5529 3350 1890 4304 1542 4672 6331 3565 6705 39 6581 3759 5767 9617 5484 2333 8671 3475 5250 2729 1978 8845 9563 4827 4832 4871
28 4759 9243 9075 9811 6869 3733 5670 5315 4229 3212 4945 4582 225 7290 6450 7307 1225 4085 7127 7780 4022 8126 1005 3842 9947 7319 824 7908
28 6424 5049 736 2769 5680 7158 8746 8718 8728 6268 5420 545 2878 3568 7493 6226 1537 2886 9676 3900 4558 4971 1443 2812 5549 448 2786 8465
28 1109 4303 5069 8327 421 9391 3804 4692 4003 8603 5096 1163 3435 1853 2464 6075 9469 8587 8303 1230 3032 114 7799 5402 5870 5471 4354 7134
28 671 4796 7042 5310 9816 1612 745 8249 6236 2055 5440 2412 2416 8255 9673 1832 6861 8626 6957 4972 5004 8252 6659 4746 4228 6988 6240 2155
28 2851 2874 7331 7516 5258 2024 8012 6738 1603 9376 9500 5694 6612 2973 210 6323 2445 5554 1006 6346 469 9013 9508 3909 6159 7789 6269 6656
28 2378 27 563 6925 1575 970 1160 4048 4831 4888 6893 2610 8435 8925 4368 938 7994 4865 7762 9386 8173 7659 1877 3208 1509 3308 119 3386
28 13 4236 1021 3932 8765 9915 7777 4452 8528 1207 4443 6098 4132 782 7725 6282 381 905 1252 8086 4234 7301 6241 8747 6136 3958 2532 8351
28 7828 9826 4238 2940 5574 1681 6427 435 8274 6364 7036 8552 9434 568 1353 4549 8757 8571 1823 2676 2486 1129 3424 5538 6447 5926 9968 1235
28 558 8730 1491 2963 6123 5058 3090 7278 4885 7876 7284 8437 3415 8149 8630 8759 2043 2690 2271 5271 9541 217 4979 3369 6783 2516 6149 7534
28 1965 5241 4503 9785 5999 3332 1344 9350 9798 3545 2547 3631 9280 4617 2739 8497 716 1578 7093 7640 7017 1202 4505 4450 9517 1875 8887 5666
28 5354 1925 5908 5171 4716 408 9223 8793 1032 9634 9976 9187 1650 6406 4258 4027 3890 5672 5078 7646 7269 2503 195 9524 2170 8916 8412 6835
28 9155 1364 477 9052 5448 949 8320 107 8476 9562 9593 3127 9233 2428 4167 4614 6180 5385 9875 7051 7303 8079 3447 2328 7050 1369 7593 8314
28 6808 23 417 3126 3164 1787 4298 5875 2601 2835 5413 2935 5219 5379 5202 9598 1117 1336 7963 4464 4626 3023 441 8535 1393 4518 6189 1993
28 8653 5583 5740 1278 2358 6966 9565 9182 5757 3608 3548 8832 3685 947 5956 5531 3013 1213 6127 5469 5743 8344 3483 5294 1227 3168 6737 1868
28 2993 846 1186 2042 4910 7149 7800 4395 3185 878 4990 7766 7340 1418 2032 6119 9419 2133 6775 3296 7904 4426 7666 4407 6660 1446 4963 7756
28 993 3632 5511 4717 1025 4053 4069 3520 5969 9274 3298 3310 2019 3806 5718 981 8226 5131 4439 122 890 6089 10 197 6308 2915 9918 7417
28 3363 3911 2604 961 1855 2439 3348 1485 550 4579 6033 1915 3488 1029 5804 4113 3043 7064 4886 6870 2002 4729 732 4297 2514 5667 2594 75
28 9714 8472 5206 9039 2535 4307 1238 8506 204 6711 3280 8931 7589 7739 5214 7124 8401 1950 2726 5871 1475 9176 8160 3237 1119 1464 3059 9941
28 5919 2090 5938 9128 9974 73 8756 5084 670 9919 7009 6510 6352 7962 1667 7750 8837 4404 7357 7685 9114 7452 8706 5615 638 6028 4037 9982
28 9211 7222 2418 4607 7485 1133 771 8911 8680 1849 9917 5291 71 2500 700 4328 9140 9567 6394 3738 4073 7562 7714 1790 2571 8574 5779 2994
28 7735 4949 5815 3373 3442 4252 4828 8828 685 363 4921 3434 4930 3609 4276 3616 1161 1732 8056 4606 622 699 1811 7517 2329 2273 8774 6121
28 9284 3929 854 4480 8820 6255 5863 8646 2937 2646 70 3490 2465 989 4120 1819 955 744 8496 4508 136 8202 3586 6339 4479 3962 7474 5836
28 9872 6001 2916 8841 9751 5210 5188 2158 6160 1671 7352 6948 5691 7973 8621 5982 4118 3728 2460 5267 2240 8951 5571 3729 749 6435 6650 9343
28 3611 6347 1746 1417 3 7327 4137 4950 7105 2243 2522 292 5080 6060 6483 5622 6884 4847 2602 8340 5363 3655 8045 9924 2510 9927 9697 2494
28 8099 2496 5898 3417 1631 5671 2673 4185 7993 1259 7753 2913 6368 3003 2077 1606 4780 6443 6691 748 1019 7600 5286 9020 573 8272 3038 7492
28 746 8207 4481 5534 8530 7668 590 2409 7693 1290 8878 3416 2121 6996 1517 4839 6302 1702 2974 2458 1438 7169 7360 2667 1798 8501 5717 212
28 7426 9288 8297 9606 9273 6027 964 2738 468 7190 9654 223 5847 3132 5104 3978 9021 4812 4618 2023 1200 9631 1277 1580 2942 4890 8092 2630
28 5370 687 3471 9130 3557 4082 8093 8741 8262 5687 8862 1436 9490 2551 6742 5485 5447 912 6199 935 6108 4000 2953 4020 4412 9687 1001 7049
28 6845 8468 544 6961 2815 1913 6859 3934 9949 833 6914 1172 3360 6208 920 8168 3895 1652 72 2073 9206 7339 2434 2261 7223 5216 4594 5453
28 9561 9791 665 2965 873 221 5925 6979 4577 4652 2924 1960 9655 3382 7831 5546 2653 241 2045 7825 7182 7055 9661 485 9679 2268 4345 8114
28 8546 275 2855 1175 9515 9874 5079 2679 6553 3105 9970 5249 4985 522 6426 3370 3204 4609 4023 9519 6290 7895 8836 1815 8516 7843 2829 3642
28 3236 4057 915 3264 2906 6485 4487 4874 3320 5749 1092 2188 1796 6457 6706 8288 6079 5357 6020 9102 9682 9536 18 7094 1361 8228 5897 2681
28 6638 2335 5134 2037 3898 7842 7526 1258 5434 6472 6252 5000 1489 4160 264 2631 4164 8396 6505 8048 707 4427 6239 4631 2749 1615 4256 5208
28 1817 3856 7648 5668 2752 6868 6341 9437 7755 7291 4374 6674 1459 6749 3684 1736 5958 100 7083 2641 9062 9146 2612 6325 621 2999 870 1651
28 2805 1424 7529 9806 4152 9302 6105 7316 1028 8013 4021 2044 2833 9185 99 1456 7500 2229 3945 8704 8361 3133 9198 8520 196 2041 6264 9802
28 3171 4757 928 6117 3391 9165 320 9880 8042 2802 972 2897 5894 8137 2220 6350 5242 536 9511 8735 4968 2875 5341 4531 5747 2143 8768 7936
28 8039 6785 502 9636 9139 4553 7467 5911 7629 5407 9857 9116 2977 1879 5577 3599 5631 3276 4499 6349 329 2363 4270 3157 882 2616 8583 6804
28 8057 9850 8513 8885 8751 8421 2770 8263 7142 6860 3431 5811 3094 4045 2939 2187 1088 355 9901 7504 1251 1827 2978 7125 497 6271 7178 4678
28 962 3665 3302 2755 5705 4530 3205 2853 9314 9254 1166 933 2004 382 7199 4814 1848 538 5616 1273 5888 9652 695 856 860 7261 8816 7688
28 2652 1893 5794 4436 8910 3242 8532 8256 4325 323 4223 8861 5063 580 5842 388 3319 4143 9083 4554 6834 3309 6541 4584 7930 6397 3403 1648
28 4322 476 6959 422 1210 208 5916 3604 7835 5059 3194 7432 8538 1294 270 2658 7803 4299 9896 4863 988 2669 2392 6577 1428 8024 5481 411
28 4852 9447 5462 2930 6912 5201 7598 8000 974 1872 7776 8558 7846 2560 4365 6565 3960 3378 5458 3357 8467 298 8556 5386 6360 501 7294 9969
28 2711 7720 8592 3682 1220 5990 1340 5512 5802 8309 8859 5411 1261 9367 2837 3343 461 3088 9473 4233 1987 506 2079 1209 6002 5507 1345 2582
